06-18 07:39:08.525: D/dalvikvm(459): GC_FOR_ALLOC freed 80K, 38% free 14795K/23696K, paused 25ms, total 25ms
06-18 07:39:08.572: D/dalvikvm(459): GC_FOR_ALLOC freed 18K, 38% free 14840K/23696K, paused 23ms, total 23ms
06-18 07:39:08.572: I/dalvikvm-heap(459): Grow heap (frag case) to 14.885MB for 380496-byte allocation
06-18 07:39:08.596: D/dalvikvm(459): GC_FOR_ALLOC freed 1K, 37% free 15210K/24068K, paused 22ms, total 22ms
06-18 07:39:08.642: D/dalvikvm(459): GC_FOR_ALLOC freed 42K, 37% free 15309K/24068K, paused 26ms, total 26ms
06-18 07:39:08.642: I/dalvikvm-heap(459): Grow heap (frag case) to 15.343MB for 380496-byte allocation
06-18 07:39:08.666: D/dalvikvm(459): GC_FOR_ALLOC freed 0K, 36% free 15681K/24440K, paused 24ms, total 24ms
06-18 07:39:08.713: D/dalvikvm(459): GC_FOR_ALLOC freed 4K, 36% free 15747K/24440K, paused 24ms, total 25ms
06-18 07:39:08.713: I/dalvikvm-heap(459): Grow heap (frag case) to 15.771MB for 380496-byte allocation
06-18 07:39:08.736: D/dalvikvm(459): GC_FOR_ALLOC freed 1K, 36% free 16117K/24812K, paused 25ms, total 25ms
06-18 07:39:08.775: D/dalvikvm(459): GC_FOR_ALLOC freed 4K, 35% free 16182K/24812K, paused 25ms, total 25ms
06-18 07:39:08.775: I/dalvikvm-heap(459): Grow heap (frag case) to 16.196MB for 380496-byte allocation
06-18 07:39:08.807: D/dalvikvm(459): GC_FOR_ALLOC freed <1K, 35% free 16553K/25184K, paused 31ms, total 31ms
06-18 07:39:08.861: D/dalvikvm(459): GC_FOR_ALLOC freed 9K, 35% free 16604K/25184K, paused 24ms, total 24ms
06-18 07:39:08.861: I/dalvikvm-heap(459): Grow heap (frag case) to 16.608MB for 380496-byte allocation
06-18 07:39:08.885: D/dalvikvm(459): GC_FOR_ALLOC freed <1K, 34% free 16976K/25556K, paused 23ms, total 23ms
06-18 07:39:08.932: D/dalvikvm(459): GC_FOR_ALLOC freed 10K, 34% free 17030K/25556K, paused 22ms, total 22ms
06-18 07:39:08.932: I/dalvikvm-heap(459): Grow heap (frag case) to 17.024MB for 380496-byte allocation
06-18 07:39:08.955: D/dalvikvm(459): GC_FOR_ALLOC freed 0K, 33% free 17402K/25928K, paused 23ms, total 23ms
06-18 07:39:08.994: D/dalvikvm(459): GC_FOR_ALLOC freed 9K, 33% free 17454K/25928K, paused 24ms, total 24ms
06-18 07:39:08.994: I/dalvikvm-heap(459): Grow heap (frag case) to 17.438MB for 380496-byte allocation
06-18 07:39:09.017: D/dalvikvm(459): GC_FOR_ALLOC freed 0K, 33% free 17826K/26300K, paused 23ms, total 23ms
06-18 07:39:09.064: D/dalvikvm(459): GC_FOR_ALLOC freed 3K, 33% free 17882K/26300K, paused 27ms, total 27ms
06-18 07:39:09.064: I/dalvikvm-heap(459): Grow heap (frag case) to 17.856MB for 380496-byte allocation
06-18 07:39:09.096: D/dalvikvm(459): GC_FOR_ALLOC freed <1K, 32% free 18253K/26672K, paused 33ms, total 33ms
06-18 07:39:09.158: D/dalvikvm(459): GC_FOR_ALLOC freed 18K, 32% free 18293K/26672K, paused 27ms, total 27ms
06-18 07:39:09.158: I/dalvikvm-heap(459): Grow heap (frag case) to 18.258MB for 380496-byte allocation
06-18 07:39:09.182: D/dalvikvm(459): GC_FOR_ALLOC freed <1K, 31% free 18664K/27044K, paused 23ms, total 23ms
06-18 07:39:09.377: V/PhoneStatusBar(459): setLightsOn(true)
06-18 07:39:09.564: I/ActivityManager(389): Process com.google.android.apps.uploader (pid 14989) has died.
06-18 07:39:12.611: W/ActivityManager(389): Activity stop timeout for ActivityRecord{4161ab20 u0 com.sina.weibo/.MainTabActivity}
06-18 07:39:12.619: I/ActivityManager(389): Activity reported stop, but no longer stopping: ActivityRecord{4161ab20 u0 com.sina.weibo/.MainTabActivity}
06-18 07:39:25.377: I/wpa_supplicant(9885): wlan0: CTRL-EVENT-DISCONNECTED bssid=00:26:3e:a9:b2:00 reason=1
06-18 07:39:25.377: D/CommandListener(125): Clearing all IP addresses on wlan0
06-18 07:39:25.385: D/ConnectivityService(389): ConnectivityChange for WIFI: DISCONNECTED/DISCONNECTED
06-18 07:39:25.400: D/ConnectivityService(389): Attempting to switch to mobile
06-18 07:39:25.400: D/ConnectivityService(389): Attempting to switch to BLUETOOTH_TETHER
06-18 07:39:25.400: D/ConnectivityService(389): Attempting to switch to ETHERNET
06-18 07:39:25.408: D/NetUtils(389): android_net_utils_resetConnections in env=0x5117d308 clazz=0x27500001 iface=wlan0 mask=0x3
06-18 07:39:25.408: W/Smack/Packet(21105): notify conn break (IOEx), close connection
06-18 07:39:25.408: D/ConnectivityService(389): resetConnections(wlan0, 3)
06-18 07:39:25.432: D/ConnectivityService(389): ConnectivityChange for WIFI: DISCONNECTED/DISCONNECTED
06-18 07:39:25.439: D/ConnectivityService(389): Attempting to switch to mobile
06-18 07:39:25.439: D/ConnectivityService(389): Attempting to switch to BLUETOOTH_TETHER
06-18 07:39:25.439: D/ConnectivityService(389): Attempting to switch to ETHERNET
06-18 07:39:25.447: D/NetUtils(389): android_net_utils_resetConnections in env=0x5117d308 clazz=0x2a400001 iface=wlan0 mask=0x3
06-18 07:39:25.447: D/ConnectivityService(389): resetConnections(wlan0, 3)
06-18 07:39:25.455: W/System.err(14023): java.net.UnknownHostException: Unable to resolve host "music.163.com": No address associated with hostname
06-18 07:39:25.478: W/System.err(14023): 	at java.net.InetAddress.lookupHostByName(InetAddress.java:424)
06-18 07:39:25.478: W/System.err(14023): 	at java.net.InetAddress.getAllByNameImpl(InetAddress.java:236)
06-18 07:39:25.478: W/System.err(14023): 	at java.net.InetAddress.getAllByName(InetAddress.java:214)
06-18 07:39:25.478: W/System.err(14023): 	at org.apache.http.impl.conn.DefaultClientConnectionOperator.openConnection(DefaultClientConnectionOperator.java:137)
06-18 07:39:25.478: W/System.err(14023): 	at org.apache.http.impl.conn.AbstractPoolEntry.open(AbstractPoolEntry.java:164)
06-18 07:39:25.478: W/System.err(14023): 	at org.apache.http.impl.conn.AbstractPooledConnAdapter.open(AbstractPooledConnAdapter.java:119)
06-18 07:39:25.478: W/System.err(14023): 	at org.apache.http.impl.client.DefaultRequestDirector.execute(DefaultRequestDirector.java:360)
06-18 07:39:25.486: W/System.err(14023): 	at org.apache.http.impl.client.AbstractHttpClient.execute(AbstractHttpClient.java:555)
06-18 07:39:25.486: W/System.err(14023): 	at org.apache.http.impl.client.AbstractHttpClient.execute(AbstractHttpClient.java:487)
06-18 07:39:25.486: W/System.err(14023): 	at org.apache.http.impl.client.AbstractHttpClient.execute(AbstractHttpClient.java:465)
06-18 07:39:25.486: W/System.err(14023): 	at com.netease.cloudmusic.utils.g.h(Unknown Source)
06-18 07:39:25.486: W/System.err(14023): 	at com.netease.cloudmusic.b.a.a.b(Unknown Source)
06-18 07:39:25.486: W/System.err(14023): 	at com.netease.cloudmusic.b.b.b.a(Unknown Source)
06-18 07:39:25.486: W/System.err(14023): 	at com.netease.cloudmusic.service.ag.run(Unknown Source)
06-18 07:39:25.486: W/System.err(14023): 	at java.lang.Thread.run(Thread.java:856)
06-18 07:39:25.486: W/System.err(14023): Caused by: libcore.io.GaiException: getaddrinfo failed: EAI_NODATA (No address associated with hostname)
06-18 07:39:25.486: W/System.err(14023): 	at libcore.io.Posix.getaddrinfo(Native Method)
06-18 07:39:25.486: W/System.err(14023): 	at libcore.io.ForwardingOs.getaddrinfo(ForwardingOs.java:59)
06-18 07:39:25.486: W/System.err(14023): 	at java.net.InetAddress.lookupHostByName(InetAddress.java:405)
06-18 07:39:25.486: W/System.err(14023): 	... 14 more
06-18 07:39:25.486: W/System.err(14023): Caused by: libcore.io.ErrnoException: getaddrinfo failed: ECONNREFUSED (Connection refused)
06-18 07:39:25.486: W/System.err(14023): 	... 17 more
06-18 07:39:25.486: W/System.err(14023): com.netease.cloudmusic.e.a: 
06-18 07:39:25.486: W/System.err(14023): 	at com.netease.cloudmusic.b.b.b.a(Unknown Source)
06-18 07:39:25.486: W/System.err(14023): 	at com.netease.cloudmusic.service.ag.run(Unknown Source)
06-18 07:39:25.486: W/System.err(14023): 	at java.lang.Thread.run(Thread.java:856)
06-18 07:39:25.525: I/wpa_supplicant(9885): wlan0: Trying to associate with 00:26:3e:89:77:40 (SSID='Youku_User' freq=2412 MHz)
06-18 07:39:25.557: I/qtaguid(21105): Failed write_ctrl(u 48) res=-1 errno=22
06-18 07:39:25.557: I/qtaguid(21105): Untagging socket 48 failed errno=-22
06-18 07:39:25.557: W/NetworkManagementSocketTagger(21105): untagSocket(48) failed with errno -22
06-18 07:39:25.564: D/ConnectivityService(389): handleInetConditionChange: no active default network - ignore
06-18 07:39:25.682: I/ActivityManager(389): Start proc android.process.acore for content provider com.android.providers.contacts/.ContactsProvider2: pid=15378 uid=10000 gids={50000, 3003, 1015, 1028}
06-18 07:39:25.736: I/ActivityThread(15378): Pub call_log: com.android.providers.contacts.CallLogProvider
06-18 07:39:25.744: I/ActivityThread(15378): Pub com.android.voicemail: com.android.providers.contacts.VoicemailContentProvider
06-18 07:39:25.744: I/ActivityThread(15378): Pub com.android.contacts.dumpfile: com.android.providers.contacts.debug.DumpFileProvider
06-18 07:39:25.744: I/ActivityThread(15378): Pub user_dictionary: com.android.providers.userdictionary.UserDictionaryProvider
06-18 07:39:25.760: I/ActivityThread(15378): Pub applications: com.android.providers.applications.ApplicationsProvider
06-18 07:39:25.775: I/wpa_supplicant(9885): wlan0: Associated with 00:26:3e:89:77:40
06-18 07:39:25.791: I/wpa_supplicant(9885): wlan0: WPA: Key negotiation completed with 00:26:3e:89:77:40 [PTK=CCMP GTK=CCMP]
06-18 07:39:25.791: I/wpa_supplicant(9885): wlan0: CTRL-EVENT-CONNECTED - Connection to 00:26:3e:89:77:40 completed (reauth) [id=6 id_str=]
06-18 07:39:25.807: I/ActivityThread(15378): Pub contacts;com.android.contacts: com.android.providers.contacts.ContactsProvider2
06-18 07:39:25.869: D/dalvikvm(15378): GC_CONCURRENT freed 214K, 3% free 9119K/9368K, paused 2ms+3ms, total 23ms
06-18 07:39:26.416: D/ConnectivityService(389): Captive portal check NetworkInfo: type: WIFI[], state: CONNECTING/CAPTIVE_PORTAL_CHECK, reason: (unspecified), extra: "Youku_User", roaming: false, failover: false, isAvailable: true
06-18 07:39:26.416: D/ConnectivityService(389): Captive portal check NetworkInfo: type: WIFI[], state: CONNECTING/CAPTIVE_PORTAL_CHECK, reason: (unspecified), extra: "Youku_User", roaming: false, failover: false, isAvailable: true
06-18 07:39:26.432: D/ConnectivityService(389): ConnectivityChange for WIFI: CONNECTED/CONNECTED
06-18 07:39:26.447: E/WifiStateMachine(389): Error! unhandled message{ what=131092 when=-26ms }
06-18 07:39:26.463: D/ConnectivityService(389): ConnectivityChange for WIFI: CONNECTED/CONNECTED
06-18 07:39:26.471: D/ConnectivityService(389): handleConnectivityChange: address are the same reset per doReset linkProperty[1]: resetMask=0
06-18 07:39:27.213: D/dalvikvm(15378): GC_CONCURRENT freed 159K, 3% free 9351K/9544K, paused 4ms+2ms, total 24ms
06-18 07:39:27.432: D/ConnectivityService(389): NetTransition Wakelock for WifiStateMachine released by timeout
06-18 07:39:28.439: D/Tethering(389): MasterInitialState.processMessage what=3
06-18 07:39:28.471: I/ActivityManager(389): Start proc android.process.media for broadcast com.android.providers.downloads/.DownloadReceiver: pid=15421 uid=10011 gids={50011, 1015, 1023, 1024, 1028, 2001, 3003, 3007}
06-18 07:39:28.486: D/Tethering(389): MasterInitialState.processMessage what=3
06-18 07:39:28.541: I/GTalkService/c(21105): [AndroidEndpoint@1096778128] connect: acct=1000000, state=CONNECTING
06-18 07:39:28.557: I/ActivityManager(389): Start proc com.google.android.email for content provider com.google.android.email/com.android.email.provider.EmailProvider: pid=15434 uid=10012 gids={50012, 3003, 1015, 1028}
06-18 07:39:28.572: D/dalvikvm(129): GC_EXPLICIT freed 40K, 1% free 8881K/8952K, paused 2ms+2ms, total 31ms
06-18 07:39:28.588: I/ActivityThread(15421): Pub downloads: com.android.providers.downloads.DownloadProvider
06-18 07:39:28.596: D/dalvikvm(129): GC_EXPLICIT freed <1K, 1% free 8881K/8952K, paused 2ms+3ms, total 23ms
06-18 07:39:28.619: D/dalvikvm(129): GC_EXPLICIT freed <1K, 1% free 8881K/8952K, paused 2ms+3ms, total 21ms
06-18 07:39:28.627: I/DownloadManager(15421): in removeSpuriousFiles
06-18 07:39:28.627: I/ActivityThread(15421): Pub drm: com.android.providers.drm.DrmProvider
06-18 07:39:28.627: I/GTalkService/c(21105): [GTalkConnection@1097349888] connect: acct=1, state=CONNECTING
06-18 07:39:28.642: I/ActivityThread(15421): Pub media: com.android.providers.media.MediaProvider
06-18 07:39:28.783: I/ActivityThread(15434): Pub com.android.email.attachmentprovider: com.android.email.provider.AttachmentProvider
06-18 07:39:28.822: I/ActivityThread(15434): Pub com.android.email.provider;com.android.email.notifier: com.android.email.provider.EmailProvider
06-18 07:39:28.846: I/ActivityManager(389): Start proc com.google.android.gallery3d for broadcast com.google.android.gallery3d/com.google.android.picasasync.ConnectivityReceiver: pid=15457 uid=10015 gids={50015, 1006, 3003, 1015, 1028}
06-18 07:39:28.971: D/dalvikvm(15434): GC_CONCURRENT freed 213K, 3% free 9082K/9328K, paused 5ms+55ms, total 94ms
06-18 07:39:29.010: D/dalvikvm(15457): GC_CONCURRENT freed 138K, 2% free 9185K/9356K, paused 6ms+17ms, total 44ms
06-18 07:39:29.010: D/Eas Debug(5063): Logging: 
06-18 07:39:29.010: I/ActivityThread(15457): Pub com.google.android.gallery3d.provider: com.android.gallery3d.provider.GalleryProvider
06-18 07:39:29.088: D/dalvikvm(15457): GC_CONCURRENT freed 372K, 5% free 9223K/9632K, paused 3ms+2ms, total 18ms
06-18 07:39:29.088: I/ActivityThread(15457): Pub com.google.android.gallery3d.PicasaStore: com.google.android.picasastore.PicasaPhotoContentProvider0
06-18 07:39:29.096: I/Email(15434): ReconcilePopImapAccountsSync: start
06-18 07:39:29.096: I/ActivityThread(15457): Pub com.google.android.gallery3d.GooglePhotoProvider: com.google.android.picasasync.PicasaContentProvider0
06-18 07:39:29.150: I/Email(15434): ReconcilePopImapAccountsSync: done
06-18 07:39:29.150: D/AttachmentService(15434): Count: 0
06-18 07:39:29.150: D/dalvikvm(15457): GC_CONCURRENT freed 470K, 6% free 9264K/9768K, paused 3ms+2ms, total 31ms
06-18 07:39:29.150: D/dalvikvm(15457): WAIT_FOR_CONCURRENT_GC blocked 8ms
06-18 07:39:29.150: D/AttachmentService(15434): *** All done; shutting down service
06-18 07:39:29.158: I/ActivityThread(15457): Pub com.android.gallery3d.filtershow.provider.SharedImageProvider: com.android.gallery3d.filtershow.provider.SharedImageProvider
06-18 07:39:29.158: I/ActivityThread(15457): Pub com.google.android.gallery3d.GooglePhotoProviderRestricted: com.google.android.picasasync.PicasaOpenFileProvider
06-18 07:39:29.158: I/Email(15434): ReconcilePopImapAccountsSync: start
06-18 07:39:29.182: D/AttachmentService(15434): Count: 0
06-18 07:39:29.189: W/Email(15434): Could not load INBOX for account id: 4
06-18 07:39:29.197: D/AttachmentService(15434): *** All done; shutting down service
06-18 07:39:29.213: I/Email(15434): ReconcilePopImapAccountsSync: done
06-18 07:39:29.221: W/Email(15434): Could not load INBOX for account id: 4
06-18 07:39:29.236: D/UploadsManager(15457):    wifiOnlyPhoto changed to true
06-18 07:39:29.236: D/UploadsManager(15457):    wifiOnlyVideo changed to true
06-18 07:39:29.236: D/UploadsManager(15457):    syncOnBattery changed to true
06-18 07:39:29.244: D/PicasaSync(15457): sync account database
06-18 07:39:29.252: I/ActivityManager(389): Start proc com.google.android.apps.uploader for broadcast com.google.android.apps.uploader/com.google.android.picasasync.ConnectivityReceiver: pid=15493 uid=10031 gids={50031, 3003, 1015, 1028}
06-18 07:39:29.275: D/PicasaSync(15457): accounts in DB=1
06-18 07:39:29.283: D/PicasaSyncManager(15457): active network: NetworkInfo: type: WIFI[], state: CONNECTED/CONNECTED, reason: (unspecified), extra: "Youku_User", roaming: false, failover: false, isAvailable: true
06-18 07:39:29.283: D/PicasaSyncManager(15457): background data: true
06-18 07:39:29.299: D/PicasaSyncManager(15457): battery info: false
06-18 07:39:29.299: I/ActivityThread(15493): Pub com.google.android.apps.uploader.PicasaUploadProvider: com.google.android.picasasync.PicasaContentProvider1
06-18 07:39:29.346: I/ActivityManager(389): Process com.tencent.mm (pid 15231) has died.
06-18 07:39:29.361: D/dalvikvm(15493): GC_CONCURRENT freed 391K, 5% free 8926K/9352K, paused 4ms+2ms, total 22ms
06-18 07:39:29.392: I/ActivityManager(389): Start proc com.google.android.apps.plus for broadcast com.google.android.apps.plus/.service.ConnectivityReceiver: pid=15506 uid=10040 gids={50040, 3003, 3002, 1015, 1006, 1028}
06-18 07:39:29.432: D/GCM(21105): GcmService start Intent { act=android.net.conn.CONNECTIVITY_CHANGE flg=0x8000010 cmp=com.google.android.gms/.gcm.GcmService (has extras) } android.net.conn.CONNECTIVITY_CHANGE
06-18 07:39:29.455: D/PicasaUploader(15493):    wifiOnlyPhoto changed to true
06-18 07:39:29.455: D/PicasaUploader(15493):    wifiOnlyVideo changed to true
06-18 07:39:29.455: D/PicasaUploader(15493):    syncOnBattery changed to true
06-18 07:39:29.463: D/PicasaUploaderSync(15493): sync account database
06-18 07:39:29.471: D/Tethering(389): MasterInitialState.processMessage what=3
06-18 07:39:29.478: D/Tethering(389): MasterInitialState.processMessage what=3
06-18 07:39:29.564: D/dalvikvm(15506): GC_CONCURRENT freed 162K, 3% free 9231K/9424K, paused 8ms+1ms, total 51ms
06-18 07:39:29.564: D/dalvikvm(15506): WAIT_FOR_CONCURRENT_GC blocked 9ms
06-18 07:39:29.627: D/dalvikvm(15506): GC_CONCURRENT freed 136K, 2% free 9568K/9748K, paused 3ms+4ms, total 26ms
06-18 07:39:29.627: I/ActivityThread(15506): Pub com.google.android.apps.plus.content.ApiProvider: com.google.android.apps.plus.content.EsApiProvider
06-18 07:39:29.627: I/ActivityManager(389): Process com.google.android.calendar (pid 15214) has died.
06-18 07:39:29.635: I/ActivityThread(15506): Pub com.google.android.apps.plus.content.EsGooglePhotoProvider: com.google.android.picasasync.PicasaContentProvider
06-18 07:39:29.689: D/dalvikvm(389): GC_EXPLICIT freed 3346K, 24% free 33203K/43180K, paused 8ms+17ms, total 166ms
06-18 07:39:29.705: D/PicasaUploaderSync(15493): accounts in DB=1
06-18 07:39:29.713: D/dalvikvm(15506): GC_CONCURRENT freed 490K, 6% free 9585K/10112K, paused 2ms+2ms, total 34ms
06-18 07:39:29.713: D/dalvikvm(15506): WAIT_FOR_CONCURRENT_GC blocked 16ms
06-18 07:39:29.721: D/PicasaUploaderSyncManager(15493): active network: NetworkInfo: type: WIFI[], state: CONNECTED/CONNECTED, reason: (unspecified), extra: "Youku_User", roaming: false, failover: false, isAvailable: true
06-18 07:39:29.721: D/PicasaUploaderSyncManager(15493): background data: true
06-18 07:39:29.752: I/ActivityThread(15506): Pub com.google.android.apps.plus.content.EsPicasaStoreProvider: com.google.android.picasastore.PicasaPhotoContentProvider
06-18 07:39:29.791: I/ActivityThread(15506): Pub com.google.plus.platform: com.google.android.apps.plus.content.AdsProvider
06-18 07:39:29.807: I/ActivityThread(15506): Pub com.google.android.apps.plus.iu.EsGoogleIuProvider: com.google.android.apps.plus.iu.InstantUploadProvider
06-18 07:39:29.885: D/PicasaUploaderSyncManager(15493): battery info: false
06-18 07:39:29.924: I/ActivityManager(389): Process com.moji.mjweather (pid 14873) has died.
06-18 07:39:29.955: D/dalvikvm(15506): GC_CONCURRENT freed 442K, 5% free 9622K/10128K, paused 15ms+2ms, total 75ms
06-18 07:39:29.955: D/dalvikvm(15506): WAIT_FOR_CONCURRENT_GC blocked 9ms
06-18 07:39:29.955: D/dalvikvm(15506): WAIT_FOR_CONCURRENT_GC blocked 8ms
06-18 07:39:29.994: I/ActivityThread(15506): Pub com.google.android.apps.plus.content.EsProvider: com.google.android.apps.plus.content.EsProvider
06-18 07:39:30.002: D/ConnectivityService(389): handleInetConditionHoldEnd: net=1, condition=100, published condition=0
06-18 07:39:30.033: D/dalvikvm(15506): GC_CONCURRENT freed 322K, 4% free 9805K/10160K, paused 3ms+10ms, total 41ms
06-18 07:39:30.361: D/dalvikvm(15506): GC_CONCURRENT freed 109K, 2% free 10185K/10348K, paused 3ms+67ms, total 111ms
06-18 07:39:30.361: D/dalvikvm(15506): WAIT_FOR_CONCURRENT_GC blocked 2ms
06-18 07:39:30.361: D/dalvikvm(15506): WAIT_FOR_CONCURRENT_GC blocked 72ms
06-18 07:39:30.510: D/dalvikvm(12695): GC_CONCURRENT freed 7622K, 22% free 34415K/43952K, paused 19ms+6ms, total 149ms
06-18 07:39:30.510: D/dalvikvm(12695): WAIT_FOR_CONCURRENT_GC blocked 89ms
06-18 07:39:30.533: D/dalvikvm(15506): GC_CONCURRENT freed 121K, 2% free 10466K/10648K, paused 4ms+3ms, total 33ms
06-18 07:39:30.557: D/ConnectivityService(389): handleInetConditionHoldEnd: net=1, condition=100, published condition=100
06-18 07:39:30.635: D/dalvikvm(15506): GC_FOR_ALLOC freed 312K, 4% free 10550K/10944K, paused 18ms, total 18ms
06-18 07:39:30.650: D/dalvikvm(15506): GC_FOR_ALLOC freed 62K, 4% free 10614K/10944K, paused 18ms, total 18ms
06-18 07:39:30.682: D/dalvikvm(15506): GC_FOR_ALLOC freed 126K, 5% free 10742K/11200K, paused 20ms, total 20ms
06-18 07:39:30.682: I/dalvikvm-heap(15506): Grow heap (frag case) to 10.750MB for 243450-byte allocation
06-18 07:39:30.705: D/dalvikvm(15506): GC_FOR_ALLOC freed 0K, 5% free 10980K/11440K, paused 26ms, total 26ms
06-18 07:39:30.736: D/dalvikvm(15506): GC_FOR_ALLOC freed 499K, 7% free 10982K/11696K, paused 19ms, total 19ms
06-18 07:39:30.775: D/dalvikvm(15506): GC_FOR_ALLOC freed 369K, 6% free 11092K/11696K, paused 28ms, total 29ms
06-18 07:39:30.799: D/dalvikvm(15506): GC_FOR_ALLOC freed 126K, 5% free 11220K/11696K, paused 18ms, total 18ms
06-18 07:39:30.877: D/dalvikvm(15506): GC_CONCURRENT freed 348K, 4% free 11540K/11936K, paused 1ms+2ms, total 30ms
06-18 07:39:31.010: D/dalvikvm(15506): GC_CONCURRENT freed 195K, 2% free 12234K/12460K, paused 2ms+2ms, total 30ms
06-18 07:39:31.010: D/dalvikvm(15506): WAIT_FOR_CONCURRENT_GC blocked 7ms
06-18 07:39:31.033: I/ActivityManager(389): Process com.android.providers.calendar (pid 15241) has died.
06-18 07:39:31.142: D/dalvikvm(21105): GC_CONCURRENT freed 485K, 5% free 10709K/11228K, paused 9ms+6ms, total 58ms
06-18 07:39:31.205: D/dalvikvm(15506): GC_CONCURRENT freed 409K, 4% free 12867K/13312K, paused 3ms+3ms, total 37ms
06-18 07:39:31.416: D/dalvikvm(15506): GC_CONCURRENT freed 565K, 5% free 13636K/14232K, paused 2ms+2ms, total 50ms
06-18 07:39:31.416: D/dalvikvm(15506): WAIT_FOR_CONCURRENT_GC blocked 27ms
06-18 07:39:31.588: D/gp.PicasaPhotoCP(15506): set fsid first time:-1
06-18 07:39:31.689: D/dalvikvm(15506): Trying to load lib /data/app-lib/com.google.android.apps.plus-1/libwebp_android.so 0x415e9a28
06-18 07:39:31.736: D/dalvikvm(15506): Added shared lib /data/app-lib/com.google.android.apps.plus-1/libwebp_android.so 0x415e9a28
06-18 07:39:31.736: D/dalvikvm(15506): No JNI_OnLoad found in /data/app-lib/com.google.android.apps.plus-1/libwebp_android.so 0x415e9a28, skipping init
06-18 07:39:31.736: D/dalvikvm(15506): Trying to load lib /data/app-lib/com.google.android.apps.plus-1/libplus_jni_v8.so 0x415e9a28
06-18 07:39:31.971: D/dalvikvm(15506): Added shared lib /data/app-lib/com.google.android.apps.plus-1/libplus_jni_v8.so 0x415e9a28
06-18 07:39:31.971: D/dalvikvm(15506): No JNI_OnLoad found in /data/app-lib/com.google.android.apps.plus-1/libplus_jni_v8.so 0x415e9a28, skipping init
06-18 07:39:31.978: I/NativeLibrarySupport(15506): Native WEBP decoder, version=0.3.0
06-18 07:39:31.978: I/NativeLibrarySupport(15506): Native networking disabled
06-18 07:39:32.072: D/dalvikvm(15506): GC_FOR_ALLOC freed 871K, 7% free 13800K/14708K, paused 72ms, total 72ms
06-18 07:39:32.080: I/dalvikvm-heap(15506): Grow heap (frag case) to 14.532MB for 1077456-byte allocation
06-18 07:39:32.096: I/ActivityManager(389): Start proc com.letv.android.client.phone.widget for broadcast com.letv.android.client/.appwidget.WidgetProvider: pid=15540 uid=10075 gids={50075, 3003, 1015, 1028, 1006}
06-18 07:39:32.119: I/dalvikvm(15540): Turning on JNI app bug workarounds for target SDK version 8...
06-18 07:39:32.150: D/dalvikvm(15506): GC_FOR_ALLOC freed <1K, 6% free 14851K/15764K, paused 71ms, total 71ms
06-18 07:39:32.197: D/dalvikvm(15506): GC_FOR_ALLOC freed <1K, 6% free 14851K/15764K, paused 44ms, total 44ms
06-18 07:39:32.197: I/dalvikvm-heap(15506): Grow heap (frag case) to 16.267MB for 1821008-byte allocation
06-18 07:39:32.236: D/dalvikvm(15506): GC_FOR_ALLOC freed 2K, 6% free 16627K/17544K, paused 39ms, total 39ms
06-18 07:39:32.252: I/ActivityManager(389): Process android.process.acore (pid 15378) has died.
06-18 07:39:32.361: D/dalvikvm(15540): GC_CONCURRENT freed 142K, 2% free 9174K/9348K, paused 9ms+117ms, total 144ms
06-18 07:39:32.439: I/ActivityManager(389): Process com.google.android.gallery3d (pid 15457) has died.
06-18 07:39:32.471: D/dalvikvm(15540): GC_CONCURRENT freed 226K, 3% free 9446K/9720K, paused 3ms+2ms, total 22ms
06-18 07:39:32.471: D/dalvikvm(15540): WAIT_FOR_CONCURRENT_GC blocked 5ms
06-18 07:39:32.502: D/dalvikvm(15540): GC_FOR_ALLOC freed 112K, 4% free 9566K/9912K, paused 26ms, total 26ms
06-18 07:39:32.517: D/dalvikvm(15540): GC_FOR_ALLOC freed 245K, 5% free 9664K/10104K, paused 12ms, total 12ms
06-18 07:39:32.533: D/dalvikvm(15540): GC_FOR_ALLOC freed 179K, 5% free 9698K/10104K, paused 12ms, total 12ms
06-18 07:39:32.572: D/dalvikvm(15540): GC_CONCURRENT freed 240K, 3% free 9919K/10204K, paused 3ms+1ms, total 16ms
06-18 07:39:32.666: D/dalvikvm(15540): GC_CONCURRENT freed 103K, 2% free 10307K/10440K, paused 3ms+2ms, total 22ms
06-18 07:39:32.736: D/dalvikvm(15540): GC_CONCURRENT freed 319K, 4% free 10492K/10844K, paused 2ms+2ms, total 19ms
06-18 07:39:32.830: D/dalvikvm(15540): GC_CONCURRENT freed 123K, 2% free 10910K/11064K, paused 4ms+2ms, total 25ms
06-18 07:39:32.830: D/dalvikvm(15540): WAIT_FOR_CONCURRENT_GC blocked 12ms
06-18 07:39:32.947: D/LHY(15540): intent.action = android.net.conn.CONNECTIVITY_CHANGE
06-18 07:39:32.955: I/AndroidRuntime(15540): VM exiting with result code 0, cleanup skipped.
06-18 07:39:32.963: I/ActivityManager(389): Process com.letv.android.client.phone.widget (pid 15540) has died.
06-18 07:39:34.900: I/ActivityManager(389): Start proc com.moji.mjweather for broadcast com.moji.mjweather/.receiver.MojiReceiver: pid=15565 uid=10079 gids={50079, 3003, 1015, 1028}
06-18 07:39:34.971: D/dalvikvm(8959): GC_CONCURRENT freed 439K, 5% free 9897K/10412K, paused 7ms+4ms, total 43ms
06-18 07:39:35.033: D/dalvikvm(15565): GC_CONCURRENT freed 161K, 3% free 9218K/9412K, paused 2ms+10ms, total 27ms
06-18 07:39:35.057: I/ActivityThread(15565): Pub com.moji.mjweather: com.moji.mjweather.voice.clock.AlarmProvider
06-18 07:39:35.314: D/dalvikvm(15565): GC_CONCURRENT freed 244K, 3% free 9477K/9756K, paused 3ms+5ms, total 39ms
06-18 07:39:35.314: D/dalvikvm(15565): WAIT_FOR_CONCURRENT_GC blocked 1ms
06-18 07:39:35.814: I/ActivityManager(389): Start proc com.qiyi.video.market:pushservice_v1 for broadcast com.qiyi.video.market/com.baidu.android.pushservice.PushServiceReceiver: pid=15587 uid=10080 gids={50080, 3003, 1015, 1028}
06-18 07:39:35.822: I/dalvikvm(15587): Turning on JNI app bug workarounds for target SDK version 4...
06-18 07:39:35.939: D/dalvikvm(15587): GC_CONCURRENT freed 157K, 2% free 9237K/9424K, paused 4ms+6ms, total 23ms
06-18 07:39:35.939: D/dalvikvm(15587): WAIT_FOR_CONCURRENT_GC blocked 1ms
06-18 07:39:36.072: I/DEXLOG - MediaHardwareDecoder(15587): class org.qiyi.android.hardwaredecode.MediaHardwareDecoder
06-18 07:39:36.072: D/MediaDecoder(15587): Build.VERSION.SDK_INT:17
06-18 07:39:36.072: D/MediaDecoder(15587): Max profile:0 not found(0)
06-18 07:39:36.096: D/dalvikvm(15587): GC_CONCURRENT freed 237K, 3% free 9435K/9708K, paused 4ms+2ms, total 22ms
06-18 07:39:36.205: D/dalvikvm(15587): GC_CONCURRENT freed 459K, 5% free 9481K/9972K, paused 5ms+3ms, total 26ms
06-18 07:39:36.221: D/OpenUDID(15587): OpenUDID: 4ea59c7e5e8e1c8d
06-18 07:39:36.228: I/MAC Address(15587): macAdd:a0:0b:ba:d5:f7:87
06-18 07:39:36.260: I/ActivityManager(389): Start proc com.youdao.dict:yddictpush for broadcast com.youdao.dict/.backend.AwakeReceiver: pid=15618 uid=10082 gids={50082, 3003, 1015, 1006, 1028}
06-18 07:39:36.267: I/dalvikvm(15618): Turning on JNI app bug workarounds for target SDK version 13...
06-18 07:39:36.299: I/Process(15587): Sending signal. PID: 15587 SIG: 9
06-18 07:39:36.307: E/SQLiteLog(13928): (1) table bdcltb09 already exists
06-18 07:39:36.307: D/baidu_location_service(13928): baidu location service start1 ...13928
06-18 07:39:36.307: I/ActivityManager(389): Process com.qiyi.video.market:pushservice_v1 (pid 15587) has died.
06-18 07:39:36.314: D/baidu_location_service(13928): baidu location service stop ...
06-18 07:39:36.361: D/dalvikvm(15618): GC_CONCURRENT freed 153K, 2% free 9173K/9360K, paused 2ms+2ms, total 22ms
06-18 07:39:36.502: W/GAV2(15618): Thread[main,5,main]: Connection to service failed 1
06-18 07:39:36.502: W/ActivityManager(389): Unable to start service Intent { act=com.google.android.gms.analytics.service.START (has extras) } U=0: not found
06-18 07:39:36.510: W/Ads(15618): No Google Analytics: Library Incompatible.
06-18 07:39:36.533: W/GAV2(15618): Thread[main,5,main]: Need to call initialize() and be in fallback mode to start dispatch.
06-18 07:39:36.541: I/Process(15618): Sending signal. PID: 15618 SIG: 9
06-18 07:39:36.572: I/ActivityManager(389): Process com.youdao.dict:yddictpush (pid 15618) has died.
06-18 07:39:37.877: I/ActivityManager(389): Start proc com.qvod.player:checkService for broadcast com.qvod.player/.core.ad.notification.TimingReceiver: pid=15654 uid=10083 gids={50083, 3003, 1015, 1028}
06-18 07:39:37.885: I/dalvikvm(15654): Turning on JNI app bug workarounds for target SDK version 10...
06-18 07:39:37.947: D/dalvikvm(12695): GC_FOR_ALLOC freed 7721K, 24% free 33645K/43944K, paused 154ms, total 154ms
06-18 07:39:37.986: D/dalvikvm(15654): GC_CONCURRENT freed 177K, 3% free 9216K/9424K, paused 7ms+9ms, total 36ms
06-18 07:39:37.986: D/dalvikvm(15654): WAIT_FOR_CONCURRENT_GC blocked 15ms
06-18 07:39:38.010: D/dalvikvm(15654): Trying to load lib /data/app-lib/com.qvod.player-1/libstat.so 0x415eabd8
06-18 07:39:38.017: D/dalvikvm(15654): Added shared lib /data/app-lib/com.qvod.player-1/libstat.so 0x415eabd8
06-18 07:39:38.017: I/crypt(15654): JNI_OnLoad!
06-18 07:39:38.064: I/Process(15654): Sending signal. PID: 15654 SIG: 9
06-18 07:39:38.072: I/ActivityManager(389): Process com.qvod.player:checkService (pid 15654) has died.
06-18 07:39:38.510: D/dalvikvm(16315): GC_CONCURRENT freed 5951K, 27% free 20917K/28616K, paused 19ms+19ms, total 100ms
06-18 07:39:38.533: D/webviewglue(16315): nativeDestroy view: 0x5ed85318
06-18 07:39:38.588: D/webviewglue(16315): nativeDestroy view: 0x58baae20
06-18 07:39:38.588: D/webviewglue(16315): nativeDestroy view: 0x57016448
06-18 07:39:41.885: D/dalvikvm(12695): GC_FOR_ALLOC freed 3783K, 24% free 33403K/43944K, paused 74ms, total 74ms
06-18 07:39:43.869: D/dalvikvm(12695): GC_FOR_ALLOC freed 4534K, 22% free 34306K/43944K, paused 80ms, total 80ms
06-18 07:39:47.127: I/ActivityManager(389): Start proc com.google.android.gallery3d for broadcast com.google.android.gallery3d/com.google.android.picasasync.ConnectivityReceiver: pid=15696 uid=10015 gids={50015, 1006, 3003, 1015, 1028}
06-18 07:39:47.244: D/dalvikvm(15421): GC_CONCURRENT freed 231K, 3% free 9039K/9304K, paused 5ms+33ms, total 120ms
06-18 07:39:47.260: D/dalvikvm(15696): GC_CONCURRENT freed 167K, 3% free 9185K/9384K, paused 5ms+3ms, total 29ms
06-18 07:39:47.260: I/ActivityThread(15696): Pub com.google.android.gallery3d.provider: com.android.gallery3d.provider.GalleryProvider
06-18 07:39:47.314: I/ActivityThread(15696): Pub com.google.android.gallery3d.PicasaStore: com.google.android.picasastore.PicasaPhotoContentProvider0
06-18 07:39:47.330: D/dalvikvm(15696): GC_CONCURRENT freed 422K, 5% free 9245K/9704K, paused 4ms+2ms, total 41ms
06-18 07:39:47.338: I/ActivityThread(15696): Pub com.google.android.gallery3d.GooglePhotoProvider: com.google.android.picasasync.PicasaContentProvider0
06-18 07:39:47.385: D/dalvikvm(15696): GC_CONCURRENT freed 492K, 6% free 9262K/9788K, paused 3ms+2ms, total 31ms
06-18 07:39:47.385: D/dalvikvm(15696): WAIT_FOR_CONCURRENT_GC blocked 8ms
06-18 07:39:47.385: D/dalvikvm(15696): WAIT_FOR_CONCURRENT_GC blocked 9ms
06-18 07:39:47.392: I/ActivityThread(15696): Pub com.android.gallery3d.filtershow.provider.SharedImageProvider: com.android.gallery3d.filtershow.provider.SharedImageProvider
06-18 07:39:47.392: I/ActivityThread(15696): Pub com.google.android.gallery3d.GooglePhotoProviderRestricted: com.google.android.picasasync.PicasaOpenFileProvider
06-18 07:39:47.510: D/GCM(21105): GcmService start Intent { act=android.net.conn.CONNECTIVITY_CHANGE flg=0x8000010 cmp=com.google.android.gms/.gcm.GcmService (has extras) } android.net.conn.CONNECTIVITY_CHANGE
06-18 07:39:47.525: D/UploadsManager(15696):    wifiOnlyPhoto changed to true
06-18 07:39:47.525: D/UploadsManager(15696):    wifiOnlyVideo changed to true
06-18 07:39:47.525: D/UploadsManager(15696):    syncOnBattery changed to true
06-18 07:39:47.525: D/PicasaSync(15696): sync account database
06-18 07:39:47.557: D/PicasaSync(15696): accounts in DB=1
06-18 07:39:47.557: D/PicasaSyncManager(15696): active network: NetworkInfo: type: WIFI[], state: CONNECTED/CONNECTED, reason: (unspecified), extra: "Youku_User", roaming: false, failover: false, isAvailable: true
06-18 07:39:47.557: D/PicasaSyncManager(15696): background data: true
06-18 07:39:47.596: D/PicasaSyncManager(15696): battery info: false
06-18 07:39:47.627: I/ActivityManager(389): Start proc com.letv.android.client.phone.widget for broadcast com.letv.android.client/.appwidget.WidgetProvider: pid=15719 uid=10075 gids={50075, 3003, 1015, 1028, 1006}
06-18 07:39:47.658: I/dalvikvm(15719): Turning on JNI app bug workarounds for target SDK version 8...
06-18 07:39:47.752: D/dalvikvm(15719): GC_CONCURRENT freed 163K, 3% free 9173K/9368K, paused 7ms+1ms, total 37ms
06-18 07:39:47.877: D/dalvikvm(15719): GC_CONCURRENT freed 222K, 3% free 9450K/9716K, paused 3ms+1ms, total 47ms
06-18 07:39:47.877: D/dalvikvm(15719): WAIT_FOR_CONCURRENT_GC blocked 32ms
06-18 07:39:47.900: D/dalvikvm(15719): GC_FOR_ALLOC freed 116K, 4% free 9566K/9908K, paused 15ms, total 23ms
06-18 07:39:47.932: D/dalvikvm(12695): GC_CONCURRENT freed 7873K, 22% free 34530K/43944K, paused 7ms+8ms, total 183ms
06-18 07:39:47.932: D/dalvikvm(15719): GC_FOR_ALLOC freed 245K, 5% free 9664K/10100K, paused 22ms, total 22ms
06-18 07:39:47.955: D/dalvikvm(15719): GC_FOR_ALLOC freed 179K, 4% free 9698K/10100K, paused 14ms, total 15ms
06-18 07:39:48.017: D/dalvikvm(15719): GC_CONCURRENT freed 250K, 3% free 9959K/10240K, paused 4ms+4ms, total 44ms
06-18 07:39:48.111: D/dalvikvm(15719): GC_CONCURRENT freed 104K, 2% free 10369K/10504K, paused 2ms+9ms, total 44ms
06-18 07:39:48.111: D/dalvikvm(15719): WAIT_FOR_CONCURRENT_GC blocked 1ms
06-18 07:39:48.189: D/dalvikvm(15719): GC_CONCURRENT freed 326K, 4% free 10556K/10912K, paused 2ms+2ms, total 33ms
06-18 07:39:48.189: D/dalvikvm(15719): WAIT_FOR_CONCURRENT_GC blocked 12ms
06-18 07:39:48.330: D/dalvikvm(15719): GC_CONCURRENT freed 222K, 3% free 10872K/11128K, paused 3ms+2ms, total 68ms
06-18 07:39:48.424: D/LHY(15719): intent.action = android.net.conn.CONNECTIVITY_CHANGE
06-18 07:39:48.424: I/ActivityManager(389): Process com.google.android.gallery3d (pid 15696) has died.
06-18 07:39:48.432: I/AndroidRuntime(15719): VM exiting with result code 0, cleanup skipped.
06-18 07:39:48.432: I/ActivityManager(389): Process com.letv.android.client.phone.widget (pid 15719) has died.
06-18 07:39:48.939: D/dalvikvm(12695): GC_FOR_ALLOC freed 1855K, 23% free 34226K/43944K, paused 88ms, total 88ms
06-18 07:39:50.080: I/ActivityManager(389): Start proc com.qiyi.video.market:pushservice_v1 for broadcast com.qiyi.video.market/com.baidu.android.pushservice.PushServiceReceiver: pid=15739 uid=10080 gids={50080, 3003, 1015, 1028}
06-18 07:39:50.103: I/dalvikvm(15739): Turning on JNI app bug workarounds for target SDK version 4...
06-18 07:39:50.119: D/dalvikvm(129): GC_EXPLICIT freed 40K, 1% free 8881K/8952K, paused 2ms+4ms, total 36ms
06-18 07:39:50.150: D/dalvikvm(129): GC_EXPLICIT freed <1K, 1% free 8881K/8952K, paused 2ms+4ms, total 30ms
06-18 07:39:50.174: D/dalvikvm(129): GC_EXPLICIT freed <1K, 1% free 8881K/8952K, paused 2ms+3ms, total 30ms
06-18 07:39:50.252: D/dalvikvm(15739): GC_CONCURRENT freed 176K, 3% free 9194K/9404K, paused 3ms+2ms, total 38ms
06-18 07:39:50.322: I/DEXLOG - MediaHardwareDecoder(15739): class org.qiyi.android.hardwaredecode.MediaHardwareDecoder
06-18 07:39:50.322: D/MediaDecoder(15739): Build.VERSION.SDK_INT:17
06-18 07:39:50.330: D/MediaDecoder(15739): Max profile:0 not found(0)
06-18 07:39:50.330: D/dalvikvm(15739): GC_CONCURRENT freed 244K, 3% free 9412K/9692K, paused 2ms+2ms, total 16ms
06-18 07:39:50.416: D/dalvikvm(15739): GC_CONCURRENT freed 423K, 5% free 9501K/9956K, paused 5ms+4ms, total 26ms
06-18 07:39:50.439: D/OpenUDID(15739): OpenUDID: 4ea59c7e5e8e1c8d
06-18 07:39:50.447: I/MAC Address(15739): macAdd:a0:0b:ba:d5:f7:87
06-18 07:39:50.455: I/ActivityManager(389): Start proc com.youdao.dict:yddictpush for broadcast com.youdao.dict/.backend.AwakeReceiver: pid=15771 uid=10082 gids={50082, 3003, 1015, 1006, 1028}
06-18 07:39:50.478: I/dalvikvm(15771): Turning on JNI app bug workarounds for target SDK version 13...
06-18 07:39:50.486: E/SQLiteLog(13928): (1) table bdcltb09 already exists
06-18 07:39:50.486: D/baidu_location_service(13928): baidu location service start1 ...13928
06-18 07:39:50.494: I/Process(15739): Sending signal. PID: 15739 SIG: 9
06-18 07:39:50.502: D/baidu_location_service(13928): baidu location service stop ...
06-18 07:39:50.502: I/ActivityManager(389): Process com.qiyi.video.market:pushservice_v1 (pid 15739) has died.
06-18 07:39:50.502: I/PowerManagerService(389): Going to sleep by user request...
06-18 07:39:50.611: I/ActivityManager(389): Process com.google.android.email (pid 15434) has died.
06-18 07:39:50.619: D/dalvikvm(15771): GC_CONCURRENT freed 157K, 2% free 9237K/9424K, paused 8ms+2ms, total 32ms
06-18 07:39:50.619: D/dalvikvm(15771): WAIT_FOR_CONCURRENT_GC blocked 14ms
06-18 07:39:50.666: W/GAV2(15771): Thread[main,5,main]: Connection to service failed 1
06-18 07:39:50.666: W/ActivityManager(389): Unable to start service Intent { act=com.google.android.gms.analytics.service.START (has extras) } U=0: not found
06-18 07:39:50.674: W/Ads(15771): No Google Analytics: Library Incompatible.
06-18 07:39:50.689: W/GAV2(15771): Thread[main,5,main]: Need to call initialize() and be in fallback mode to start dispatch.
06-18 07:39:50.705: I/Process(15771): Sending signal. PID: 15771 SIG: 9
06-18 07:39:50.705: I/ActivityManager(389): Process com.youdao.dict:yddictpush (pid 15771) has died.
06-18 07:39:50.791: I/ActivityManager(389): Process android.process.media (pid 15421) has died.
06-18 07:39:51.283: V/TransportControlView(389): Create TCV com.android.internal.policy.impl.keyguard.KeyguardTransportControlView{416ae1d8 V.E..... ......I. 0,0-0,0 #1020308 android:id/keyguard_transport_control}
06-18 07:39:51.322: D/LightsService(389): Excessive delay setting light: 58ms
06-18 07:39:51.330: D/SurfaceFlinger(128): Screen released, type=0 flinger=0x418d8318
06-18 07:39:51.432: I/ActivityManager(389): Start proc com.google.android.deskclock for service com.google.android.deskclock/com.android.alarmclock.DigitalAppWidgetService: pid=15798 uid=10010 gids={50010, 1028}
06-18 07:39:51.557: I/ActivityManager(389): Start proc com.google.android.calendar for service com.google.android.calendar/com.android.calendar.widget.CalendarAppWidgetService: pid=15811 uid=10004 gids={50004, 3003, 1028}
06-18 07:39:51.674: I/ActivityThread(15798): Pub com.android.deskclock: com.android.deskclock.AlarmProvider
06-18 07:39:51.689: I/ActivityManager(389): Start proc com.google.android.gsf.login for service com.google.android.gsf.login/com.google.android.gsf.loginservice.GoogleLoginService: pid=15823 uid=10008 gids={50008, 3003, 1007, 1028, 1015, 1006, 2001, 3006}
06-18 07:39:51.760: D/PhoneStatusBar(459): disable: < EXPAND* icons alerts TICKER* system_info back home RECENT* clock search >
06-18 07:39:51.838: I/ActivityManager(389): Start proc com.qvod.player:checkService for broadcast com.qvod.player/.core.ad.notification.TimingReceiver: pid=15837 uid=10083 gids={50083, 3003, 1015, 1028}
06-18 07:39:51.885: I/ActivityThread(15811): Pub com.google.android.calendar.CalendarRecentSuggestionsProvider: com.android.calendar.CalendarRecentSuggestionsProvider
06-18 07:39:51.885: I/dalvikvm(15837): Turning on JNI app bug workarounds for target SDK version 10...
06-18 07:39:52.049: D/dalvikvm(389): GC_EXPLICIT freed 1311K, 22% free 33890K/43180K, paused 9ms+23ms, total 214ms
06-18 07:39:52.174: D/YouTube MDX(14146): Recieved intent android.intent.action.SCREEN_OFF
06-18 07:39:52.236: D/dalvikvm(15811): GC_CONCURRENT freed 206K, 3% free 9093K/9332K, paused 10ms+14ms, total 87ms
06-18 07:39:52.314: D/dalvikvm(15837): GC_CONCURRENT freed 169K, 3% free 9224K/9424K, paused 4ms+4ms, total 53ms
06-18 07:39:52.314: D/dalvikvm(15837): WAIT_FOR_CONCURRENT_GC blocked 6ms
06-18 07:39:52.346: D/dalvikvm(389): GC_FOR_ALLOC freed 157K, 22% free 33783K/43180K, paused 118ms, total 119ms
06-18 07:39:52.353: I/dalvikvm-heap(389): Grow heap (frag case) to 36.277MB for 3409936-byte allocation
06-18 07:39:52.455: D/dalvikvm(389): GC_FOR_ALLOC freed 4K, 21% free 37108K/46512K, paused 102ms, total 102ms
06-18 07:39:52.455: I/ActivityManager(389): Process com.google.android.apps.plus (pid 15506) has died.
06-18 07:39:52.471: I/Choreographer(389): Skipped 39 frames!  The application may be doing too much work on its main thread.
06-18 07:39:52.478: D/dalvikvm(15837): Trying to load lib /data/app-lib/com.qvod.player-1/libstat.so 0x415e7f58
06-18 07:39:52.478: D/dalvikvm(15837): Added shared lib /data/app-lib/com.qvod.player-1/libstat.so 0x415e7f58
06-18 07:39:52.478: I/crypt(15837): JNI_OnLoad!
06-18 07:39:52.486: I/ActivityManager(389): Start proc com.android.providers.calendar for content provider com.android.providers.calendar/.CalendarProvider2: pid=15856 uid=10005 gids={50005, 3003, 1015, 1028}
06-18 07:39:52.588: I/ActivityThread(15856): Pub com.android.calendar: com.android.providers.calendar.CalendarProvider2
06-18 07:39:52.596: I/Process(15837): Sending signal. PID: 15837 SIG: 9
06-18 07:39:52.611: I/ActivityManager(389): Process com.qvod.player:checkService (pid 15837) has died.
06-18 07:39:52.752: I/ActivityManager(389): Start proc android.process.media for broadcast com.android.providers.downloads/.DownloadReceiver: pid=15874 uid=10011 gids={50011, 1015, 1023, 1024, 1028, 2001, 3003, 3007}
06-18 07:39:52.830: D/PhoneStatusBar(459): disable: < EXPAND icons alerts TICKER system_info BACK* HOME* RECENT clock search >
06-18 07:39:52.838: I/ActivityThread(15874): Pub downloads: com.android.providers.downloads.DownloadProvider
06-18 07:39:52.861: I/ActivityThread(15874): Pub drm: com.android.providers.drm.DrmProvider
06-18 07:39:52.861: I/DownloadManager(15874): in removeSpuriousFiles
06-18 07:39:52.869: I/ActivityThread(15874): Pub media: com.android.providers.media.MediaProvider
06-18 07:39:53.017: I/ActivityManager(389): Start proc com.google.android.gallery3d for broadcast com.google.android.gallery3d/com.google.android.picasasync.ConnectivityReceiver: pid=15890 uid=10015 gids={50015, 1006, 3003, 1015, 1028}
06-18 07:39:53.150: D/dalvikvm(15890): GC_CONCURRENT freed 164K, 3% free 9186K/9384K, paused 5ms+4ms, total 32ms
06-18 07:39:53.150: I/ActivityThread(15890): Pub com.google.android.gallery3d.provider: com.android.gallery3d.provider.GalleryProvider
06-18 07:39:53.213: I/ActivityThread(15890): Pub com.google.android.gallery3d.PicasaStore: com.google.android.picasastore.PicasaPhotoContentProvider0
06-18 07:39:53.236: D/dalvikvm(15890): GC_CONCURRENT freed 400K, 5% free 9262K/9696K, paused 3ms+10ms, total 34ms
06-18 07:39:53.236: I/ActivityThread(15890): Pub com.google.android.gallery3d.GooglePhotoProvider: com.google.android.picasasync.PicasaContentProvider0
06-18 07:39:53.267: I/ActivityManager(389): Process com.google.android.apps.uploader (pid 15493) has died.
06-18 07:39:53.307: D/dalvikvm(15890): GC_CONCURRENT freed 504K, 6% free 9266K/9804K, paused 10ms+3ms, total 33ms
06-18 07:39:53.307: D/dalvikvm(15890): WAIT_FOR_CONCURRENT_GC blocked 10ms
06-18 07:39:53.314: I/ActivityThread(15890): Pub com.android.gallery3d.filtershow.provider.SharedImageProvider: com.android.gallery3d.filtershow.provider.SharedImageProvider
06-18 07:39:53.314: I/ActivityThread(15890): Pub com.google.android.gallery3d.GooglePhotoProviderRestricted: com.google.android.picasasync.PicasaOpenFileProvider
06-18 07:39:53.377: D/UploadsManager(15890):    wifiOnlyPhoto changed to true
06-18 07:39:53.377: D/UploadsManager(15890):    wifiOnlyVideo changed to true
06-18 07:39:53.377: D/UploadsManager(15890):    syncOnBattery changed to true
06-18 07:39:53.377: I/ActivityManager(389): Start proc com.google.android.apps.uploader for broadcast com.google.android.apps.uploader/com.google.android.picasasync.ConnectivityReceiver: pid=15909 uid=10031 gids={50031, 3003, 1015, 1028}
06-18 07:39:53.385: D/PicasaSync(15890): sync account database
06-18 07:39:53.424: D/PicasaSync(15890): accounts in DB=1
06-18 07:39:53.424: D/PicasaSyncManager(15890): active network: NetworkInfo: type: WIFI[], state: CONNECTED/CONNECTED, reason: (unspecified), extra: "Youku_User", roaming: false, failover: false, isAvailable: true
06-18 07:39:53.424: D/PicasaSyncManager(15890): background data: true
06-18 07:39:53.424: I/ActivityThread(15909): Pub com.google.android.apps.uploader.PicasaUploadProvider: com.google.android.picasasync.PicasaContentProvider1
06-18 07:39:53.455: D/PicasaSyncManager(15890): battery info: false
06-18 07:39:53.494: I/ActivityManager(389): Start proc com.google.android.apps.plus for broadcast com.google.android.apps.plus/.service.ConnectivityReceiver: pid=15922 uid=10040 gids={50040, 3003, 3002, 1015, 1006, 1028}
06-18 07:39:53.525: D/dalvikvm(15909): GC_CONCURRENT freed 418K, 5% free 8958K/9376K, paused 3ms+11ms, total 67ms
06-18 07:39:53.541: D/GCM(21105): GcmService start Intent { act=android.net.conn.CONNECTIVITY_CHANGE flg=0x8000010 cmp=com.google.android.gms/.gcm.GcmService (has extras) } android.net.conn.CONNECTIVITY_CHANGE
06-18 07:39:53.619: I/ActivityManager(389): Process com.moji.mjweather (pid 15565) has died.
06-18 07:39:53.627: D/PicasaUploader(15909):    wifiOnlyPhoto changed to true
06-18 07:39:53.627: D/PicasaUploader(15909):    wifiOnlyVideo changed to true
06-18 07:39:53.627: D/PicasaUploader(15909):    syncOnBattery changed to true
06-18 07:39:53.642: D/PicasaUploaderSync(15909): sync account database
06-18 07:39:53.658: D/dalvikvm(15922): GC_CONCURRENT freed 180K, 3% free 9213K/9424K, paused 8ms+4ms, total 37ms
06-18 07:39:53.658: D/dalvikvm(15922): WAIT_FOR_CONCURRENT_GC blocked 8ms
06-18 07:39:53.666: D/PicasaUploaderSync(15909): accounts in DB=1
06-18 07:39:53.666: D/PicasaUploaderSyncManager(15909): active network: NetworkInfo: type: WIFI[], state: CONNECTED/CONNECTED, reason: (unspecified), extra: "Youku_User", roaming: false, failover: false, isAvailable: true
06-18 07:39:53.666: D/PicasaUploaderSyncManager(15909): background data: true
06-18 07:39:53.674: I/CalendarProvider2(15856): Sending notification intent: Intent { act=android.intent.action.PROVIDER_CHANGED dat=content://com.android.calendar }
06-18 07:39:53.674: W/ContentResolver(15856): Failed to get type for: content://com.android.calendar (Unknown URL content://com.android.calendar)
06-18 07:39:53.689: D/PicasaUploaderSyncManager(15909): battery info: false
06-18 07:39:53.744: D/dalvikvm(15922): GC_CONCURRENT freed 138K, 2% free 9555K/9740K, paused 3ms+3ms, total 24ms
06-18 07:39:53.760: I/ActivityThread(15922): Pub com.google.android.apps.plus.content.ApiProvider: com.google.android.apps.plus.content.EsApiProvider
06-18 07:39:53.760: I/ActivityThread(15922): Pub com.google.android.apps.plus.content.EsGooglePhotoProvider: com.google.android.picasasync.PicasaContentProvider
06-18 07:39:53.822: D/dalvikvm(15922): GC_CONCURRENT freed 476K, 6% free 9586K/10100K, paused 4ms+2ms, total 24ms
06-18 07:39:53.822: D/dalvikvm(15922): WAIT_FOR_CONCURRENT_GC blocked 9ms
06-18 07:39:53.830: I/ActivityThread(15922): Pub com.google.android.apps.plus.content.EsPicasaStoreProvider: com.google.android.picasastore.PicasaPhotoContentProvider
06-18 07:39:53.846: I/ActivityThread(15922): Pub com.google.plus.platform: com.google.android.apps.plus.content.AdsProvider
06-18 07:39:53.846: I/ActivityThread(15922): Pub com.google.android.apps.plus.iu.EsGoogleIuProvider: com.google.android.apps.plus.iu.InstantUploadProvider
06-18 07:39:53.846: I/ActivityManager(389): Process com.google.android.gsf.login (pid 15823) has died.
06-18 07:39:53.900: D/dalvikvm(15922): GC_CONCURRENT freed 461K, 6% free 9624K/10132K, paused 7ms+4ms, total 32ms
06-18 07:39:53.900: D/dalvikvm(15922): WAIT_FOR_CONCURRENT_GC blocked 13ms
06-18 07:39:53.900: D/dalvikvm(15922): WAIT_FOR_CONCURRENT_GC blocked 17ms
06-18 07:39:53.932: I/ActivityThread(15922): Pub com.google.android.apps.plus.content.EsProvider: com.google.android.apps.plus.content.EsProvider
06-18 07:39:53.971: D/dalvikvm(15922): GC_CONCURRENT freed 300K, 4% free 9818K/10152K, paused 4ms+9ms, total 35ms
06-18 07:39:53.971: D/dalvikvm(15922): WAIT_FOR_CONCURRENT_GC blocked 17ms
06-18 07:39:54.057: D/dalvikvm(15922): GC_CONCURRENT freed 135K, 2% free 10173K/10360K, paused 2ms+3ms, total 26ms
06-18 07:39:54.057: D/dalvikvm(15922): WAIT_FOR_CONCURRENT_GC blocked 5ms
06-18 07:39:54.150: D/dalvikvm(15922): GC_CONCURRENT freed 163K, 3% free 10490K/10716K, paused 2ms+3ms, total 28ms
06-18 07:39:54.150: D/dalvikvm(15922): WAIT_FOR_CONCURRENT_GC blocked 11ms
06-18 07:39:54.213: D/dalvikvm(15922): GC_FOR_ALLOC freed 267K, 4% free 10549K/10940K, paused 29ms, total 29ms
06-18 07:39:54.244: D/dalvikvm(15922): GC_FOR_ALLOC freed 62K, 3% free 10613K/10940K, paused 26ms, total 26ms
06-18 07:39:54.275: D/dalvikvm(15922): GC_FOR_ALLOC freed 126K, 5% free 10741K/11196K, paused 27ms, total 27ms
06-18 07:39:54.275: I/dalvikvm-heap(15922): Grow heap (frag case) to 10.750MB for 243450-byte allocation
