06-18 03:58:22.725: W/ActivityManager(389): Unable to start service Intent { act=com.google.android.gms.analytics.service.START (has extras) } U=0: not found
06-18 04:07:12.446: W/ThrottleService(389): unable to find stats for iface rmnet0
06-18 04:12:46.693: D/ConnectivityService(389): Captive portal check NetworkInfo: type: WIFI[], state: CONNECTING/CAPTIVE_PORTAL_CHECK, reason: (unspecified), extra: "TP-LINK_22EF8E", roaming: false, failover: false, isAvailable: true
06-18 04:12:46.693: D/ConnectivityService(389): Captive portal check NetworkInfo: type: WIFI[], state: CONNECTING/CAPTIVE_PORTAL_CHECK, reason: (unspecified), extra: "TP-LINK_22EF8E", roaming: false, failover: false, isAvailable: true
06-18 04:12:46.709: D/ConnectivityService(389): ConnectivityChange for WIFI: CONNECTED/CONNECTED
06-18 04:12:46.717: D/ConnectivityService(389): handleConnectivityChange: address are the same reset per doReset linkProperty[1]: resetMask=0
06-18 04:12:46.724: D/ConnectivityService(389): ConnectivityChange for WIFI: CONNECTED/CONNECTED
06-18 04:12:46.724: D/ConnectivityService(389): handleConnectivityChange: address are the same reset per doReset linkProperty[1]: resetMask=0
06-18 04:12:47.717: D/ConnectivityService(389): NetTransition Wakelock for WifiStateMachine released by timeout
06-18 04:14:29.975: I/ActivityManager(389): Start proc android.process.media for broadcast com.android.providers.downloads/.DownloadReceiver: pid=11967 uid=10011 gids={50011, 1015, 1023, 1024, 1028, 2001, 3003, 3007}
06-18 04:14:30.139: I/ActivityManager(389): Start proc com.google.android.gallery3d for broadcast com.google.android.gallery3d/com.google.android.picasasync.ConnectivityReceiver: pid=11985 uid=10015 gids={50015, 1006, 3003, 1015, 1028}
06-18 04:14:30.186: I/ActivityManager(389): Process com.google.android.googlequicksearchbox (pid 11726) has died.
06-18 04:14:30.475: I/ActivityManager(389): Start proc com.google.android.apps.uploader for broadcast com.google.android.apps.uploader/com.google.android.picasasync.ConnectivityReceiver: pid=12003 uid=10031 gids={50031, 3003, 1015, 1028}
06-18 04:14:30.491: D/ConnectivityService(389): handleInetConditionHoldEnd: net=1, condition=100, published condition=0
06-18 04:14:30.600: I/ActivityManager(389): Start proc com.google.android.apps.plus for broadcast com.google.android.apps.plus/.service.ConnectivityReceiver: pid=12016 uid=10040 gids={50040, 3003, 3002, 1015, 1006, 1028}
06-18 04:14:30.827: I/ActivityManager(389): Process com.google.android.gsf.login (pid 10252) has died.
06-18 04:14:31.085: I/ActivityManager(389): Process com.google.android.email (pid 11466) has died.
06-18 04:14:32.014: I/ActivityManager(389): Process com.moji.mjweather (pid 11022) has died.
06-18 04:14:32.452: I/ActivityManager(389): Start proc com.letv.android.client.phone.widget for broadcast com.letv.android.client/.appwidget.WidgetProvider: pid=12040 uid=10075 gids={50075, 3003, 1015, 1028, 1006}
06-18 04:14:32.538: I/ActivityManager(389): Process com.letv.android.client:pushService (pid 11286) has died.
06-18 04:14:32.795: I/ActivityManager(389): Process com.google.android.gallery3d (pid 11985) has died.
06-18 04:14:33.249: I/ActivityManager(389): Process com.letv.android.client.phone.widget (pid 12040) has died.
06-18 04:15:23.243: I/ActivityManager(389): Start proc com.moji.mjweather for broadcast com.moji.mjweather/.receiver.MojiReceiver: pid=12066 uid=10079 gids={50079, 3003, 1015, 1028}
06-18 04:15:23.516: I/ActivityManager(389): Start proc com.qiyi.video.market:pushservice_v1 for broadcast com.qiyi.video.market/com.baidu.android.pushservice.PushServiceReceiver: pid=12082 uid=10080 gids={50080, 3003, 1015, 1028}
06-18 04:15:23.876: I/ActivityManager(389): Start proc com.youdao.dict:yddictpush for broadcast com.youdao.dict/.backend.AwakeReceiver: pid=12113 uid=10082 gids={50082, 3003, 1015, 1006, 1028}
06-18 04:15:23.962: I/ActivityManager(389): Process com.qiyi.video.market:pushservice_v1 (pid 12082) has died.
06-18 04:15:23.962: I/ActivityManager(389): Process com.google.android.apps.plus (pid 12016) has died.
06-18 04:15:24.094: W/ActivityManager(389): Unable to start service Intent { act=com.google.android.gms.analytics.service.START (has extras) } U=0: not found
06-18 04:15:24.149: I/ActivityManager(389): Start proc com.qvod.player:checkService for broadcast com.qvod.player/.core.ad.notification.TimingReceiver: pid=12140 uid=10083 gids={50083, 3003, 1015, 1028}
06-18 04:15:24.165: I/ActivityManager(389): Process com.youdao.dict:yddictpush (pid 12113) has died.
06-18 04:15:24.376: I/ActivityManager(389): Process com.qvod.player:checkService (pid 12140) has died.
06-18 04:15:24.477: I/ActivityManager(389): Start proc com.google.android.gallery3d for broadcast com.google.android.gallery3d/com.google.android.picasasync.ConnectivityReceiver: pid=12156 uid=10015 gids={50015, 1006, 3003, 1015, 1028}
06-18 04:15:24.805: I/ActivityManager(389): Start proc com.google.android.apps.plus for broadcast com.google.android.apps.plus/.service.ConnectivityReceiver: pid=12175 uid=10040 gids={50040, 3003, 3002, 1015, 1006, 1028}
06-18 04:15:26.587: I/ActivityManager(389): Start proc com.letv.android.client.phone.widget for broadcast com.letv.android.client/.appwidget.WidgetProvider: pid=12198 uid=10075 gids={50075, 3003, 1015, 1028, 1006}
06-18 04:15:26.735: I/ActivityManager(389): Process com.google.android.gallery3d (pid 12156) has died.
06-18 04:15:27.024: I/ActivityManager(389): Process com.google.android.apps.uploader (pid 12003) has died.
06-18 04:15:27.352: I/ActivityManager(389): Process com.letv.android.client.phone.widget (pid 12198) has died.
06-18 04:15:30.243: I/ActivityManager(389): Start proc com.qiyi.video.market:pushservice_v1 for broadcast com.qiyi.video.market/com.baidu.android.pushservice.PushServiceReceiver: pid=12218 uid=10080 gids={50080, 3003, 1015, 1028}
06-18 04:15:30.571: I/ActivityManager(389): Start proc com.youdao.dict:yddictpush for broadcast com.youdao.dict/.backend.AwakeReceiver: pid=12251 uid=10082 gids={50082, 3003, 1015, 1006, 1028}
06-18 04:15:30.759: I/ActivityManager(389): Process com.qiyi.video.market:pushservice_v1 (pid 12218) has died.
06-18 04:15:30.891: W/ActivityManager(389): Unable to start service Intent { act=com.google.android.gms.analytics.service.START (has extras) } U=0: not found
06-18 04:15:30.954: I/ActivityManager(389): Start proc com.qvod.player:checkService for broadcast com.qvod.player/.core.ad.notification.TimingReceiver: pid=12275 uid=10083 gids={50083, 3003, 1015, 1028}
06-18 04:15:30.985: I/ActivityManager(389): Process com.youdao.dict:yddictpush (pid 12251) has died.
06-18 04:15:31.149: I/ActivityManager(389): Process com.qvod.player:checkService (pid 12275) has died.
06-18 04:15:33.274: I/ActivityManager(389): Start proc com.tencent.mm for broadcast com.tencent.mm/.booter.NotifyReceiver: pid=12296 uid=10077 gids={50077, 1006, 3003, 1015, 3002, 3001, 1028}
06-18 04:15:33.618: E/ActivityThread(12296): Failed to find provider info for com.tencent.mm.coolassist.debugprovider
06-18 04:17:12.459: W/ThrottleService(389): unable to find stats for iface rmnet0
06-18 04:18:17.631: I/ActivityManager(389): Start proc com.letv.android.client:pushService for service com.letv.android.client/.push.LetvPushService: pid=12340 uid=10075 gids={50075, 3003, 1015, 1028, 1006}
06-18 04:18:18.014: I/ActivityManager(389): Process com.google.android.apps.plus (pid 12175) has died.
06-18 04:27:12.459: W/ThrottleService(389): unable to find stats for iface rmnet0
06-18 04:29:33.087: I/ActivityManager(389): Start proc com.google.android.email for content provider com.google.android.email/com.android.email.provider.EmailProvider: pid=12468 uid=10012 gids={50012, 3003, 1015, 1028}
06-18 04:37:12.467: W/ThrottleService(389): unable to find stats for iface rmnet0
06-18 04:47:12.469: W/ThrottleService(389): unable to find stats for iface rmnet0
06-18 04:57:12.240: I/ActivityManager(389): Start proc com.sohu.sohuvideo for service com.sohu.sohuvideo/.service.SohuVideoService: pid=12715 uid=10088 gids={50088, 1015, 3003, 1028}
06-18 04:57:12.474: W/ThrottleService(389): unable to find stats for iface rmnet0
06-18 04:57:14.232: I/ActivityManager(389): Process android.process.media (pid 11967) has died.
06-18 05:07:12.482: W/ThrottleService(389): unable to find stats for iface rmnet0
06-18 05:10:23.443: D/ConnectivityService(389): Captive portal check NetworkInfo: type: WIFI[], state: CONNECTING/CAPTIVE_PORTAL_CHECK, reason: (unspecified), extra: "TP-LINK_22EF8E", roaming: false, failover: false, isAvailable: true
06-18 05:10:23.443: D/ConnectivityService(389): Captive portal check NetworkInfo: type: WIFI[], state: CONNECTING/CAPTIVE_PORTAL_CHECK, reason: (unspecified), extra: "TP-LINK_22EF8E", roaming: false, failover: false, isAvailable: true
06-18 05:10:23.451: D/ConnectivityService(389): ConnectivityChange for WIFI: CONNECTED/CONNECTED
06-18 05:10:23.451: D/ConnectivityService(389): handleConnectivityChange: address are the same reset per doReset linkProperty[1]: resetMask=0
06-18 05:10:23.459: D/ConnectivityService(389): ConnectivityChange for WIFI: CONNECTED/CONNECTED
06-18 05:10:23.467: D/ConnectivityService(389): handleConnectivityChange: address are the same reset per doReset linkProperty[1]: resetMask=0
06-18 05:10:24.459: D/ConnectivityService(389): NetTransition Wakelock for WifiStateMachine released by timeout
06-18 05:10:26.521: I/ActivityManager(389): Start proc android.process.media for broadcast com.android.providers.downloads/.DownloadReceiver: pid=12919 uid=10011 gids={50011, 1015, 1023, 1024, 1028, 2001, 3003, 3007}
06-18 05:10:26.701: I/ActivityManager(389): Start proc com.google.android.gallery3d for broadcast com.google.android.gallery3d/com.google.android.picasasync.ConnectivityReceiver: pid=12941 uid=10015 gids={50015, 1006, 3003, 1015, 1028}
06-18 05:10:26.724: I/ActivityManager(389): Process com.tencent.mm (pid 12296) has died.
06-18 05:10:26.998: I/ActivityManager(389): Start proc com.google.android.apps.uploader for broadcast com.google.android.apps.uploader/com.google.android.picasasync.ConnectivityReceiver: pid=12959 uid=10031 gids={50031, 3003, 1015, 1028}
06-18 05:10:27.021: D/ConnectivityService(389): handleInetConditionHoldEnd: net=1, condition=100, published condition=0
06-18 05:10:27.131: I/ActivityManager(389): Start proc com.google.android.apps.plus for broadcast com.google.android.apps.plus/.service.ConnectivityReceiver: pid=12972 uid=10040 gids={50040, 3003, 3002, 1015, 1006, 1028}
06-18 05:10:27.209: I/ActivityManager(389): Process com.myzaker.ZAKER_Phone (pid 10982) has died.
06-18 05:10:27.467: I/ActivityManager(389): Process com.letv.android.client:pushService (pid 12340) has died.
06-18 05:10:29.060: I/ActivityManager(389): Start proc com.myzaker.ZAKER_Phone for broadcast com.myzaker.ZAKER_Phone/.ZakerActionReciever: pid=12998 uid=10068 gids={50068, 3003, 1015, 1028}
06-18 05:10:29.177: I/ActivityManager(389): Process com.sohu.sohuvideo (pid 12715) has died.
06-18 05:10:29.326: I/ActivityManager(389): Start proc com.letv.android.client.phone.widget for broadcast com.letv.android.client/.appwidget.WidgetProvider: pid=13016 uid=10075 gids={50075, 3003, 1015, 1028, 1006}
06-18 05:10:29.459: I/ActivityManager(389): Process com.google.android.gallery3d (pid 12941) has died.
06-18 05:10:29.646: I/ActivityManager(389): Process com.google.android.email (pid 12468) has died.
06-18 05:10:30.084: I/ActivityManager(389): Process com.letv.android.client.phone.widget (pid 13016) has died.
06-18 05:10:34.271: W/ActivityManager(389): Unable to start service Intent { act=com.google.android.gms.analytics.service.START (has extras) } U=0: not found
06-18 05:10:39.279: W/ActivityManager(389): Unable to start service Intent { act=com.google.android.gms.analytics.service.START (has extras) } U=0: not found
06-18 05:10:39.326: I/ActivityManager(389): Start proc com.qiyi.video.market:pushservice_v1 for broadcast com.qiyi.video.market/com.baidu.android.pushservice.PushServiceReceiver: pid=13038 uid=10080 gids={50080, 3003, 1015, 1028}
06-18 05:10:39.701: I/ActivityManager(389): Start proc com.youdao.dict:yddictpush for broadcast com.youdao.dict/.backend.AwakeReceiver: pid=13069 uid=10082 gids={50082, 3003, 1015, 1006, 1028}
06-18 05:10:39.818: I/ActivityManager(389): Process com.qiyi.video.market:pushservice_v1 (pid 13038) has died.
06-18 05:10:39.927: W/ActivityManager(389): Unable to start service Intent { act=com.google.android.gms.analytics.service.START (has extras) } U=0: not found
06-18 05:10:39.990: I/ActivityManager(389): Start proc com.qvod.player:checkService for broadcast com.qvod.player/.core.ad.notification.TimingReceiver: pid=13096 uid=10083 gids={50083, 3003, 1015, 1028}
06-18 05:10:40.006: I/ActivityManager(389): Process com.youdao.dict:yddictpush (pid 13069) has died.
06-18 05:10:40.224: I/ActivityManager(389): Process com.qvod.player:checkService (pid 13096) has died.
06-18 05:10:46.513: I/ActivityManager(389): Start proc com.google.android.gallery3d for broadcast com.google.android.gallery3d/com.google.android.picasasync.ConnectivityReceiver: pid=13113 uid=10015 gids={50015, 1006, 3003, 1015, 1028}
06-18 05:10:46.912: I/ActivityManager(389): Start proc com.letv.android.client.phone.widget for broadcast com.letv.android.client/.appwidget.WidgetProvider: pid=13134 uid=10075 gids={50075, 3003, 1015, 1028, 1006}
06-18 05:10:47.115: I/ActivityManager(389): Process com.google.android.gallery3d (pid 13113) has died.
06-18 05:10:47.623: I/ActivityManager(389): Process com.letv.android.client.phone.widget (pid 13134) has died.
06-18 05:11:00.029: I/ActivityManager(389): Start proc com.qiyi.video.market:pushservice_v1 for broadcast com.qiyi.video.market/com.baidu.android.pushservice.PushServiceReceiver: pid=13153 uid=10080 gids={50080, 3003, 1015, 1028}
06-18 05:11:00.373: I/ActivityManager(389): Start proc com.youdao.dict:yddictpush for broadcast com.youdao.dict/.backend.AwakeReceiver: pid=13184 uid=10082 gids={50082, 3003, 1015, 1006, 1028}
06-18 05:11:00.427: I/ActivityManager(389): Process com.qiyi.video.market:pushservice_v1 (pid 13153) has died.
06-18 05:11:00.568: W/ActivityManager(389): Unable to start service Intent { act=com.google.android.gms.analytics.service.START (has extras) } U=0: not found
06-18 05:11:00.623: I/ActivityManager(389): Start proc com.qvod.player:checkService for broadcast com.qvod.player/.core.ad.notification.TimingReceiver: pid=13210 uid=10083 gids={50083, 3003, 1015, 1028}
06-18 05:11:00.638: I/ActivityManager(389): Process com.youdao.dict:yddictpush (pid 13184) has died.
06-18 05:11:00.842: I/ActivityManager(389): Process com.qvod.player:checkService (pid 13210) has died.
06-18 05:11:07.076: I/ActivityManager(389): Start proc com.tencent.mm for broadcast com.tencent.mm/.booter.NotifyReceiver: pid=13227 uid=10077 gids={50077, 1006, 3003, 1015, 3002, 3001, 1028}
06-18 05:11:07.427: E/ActivityThread(13227): Failed to find provider info for com.tencent.mm.coolassist.debugprovider
06-18 05:17:12.490: W/ThrottleService(389): unable to find stats for iface rmnet0
06-18 05:18:18.435: I/ActivityManager(389): Start proc com.letv.android.client:pushService for service com.letv.android.client/.push.LetvPushService: pid=13306 uid=10075 gids={50075, 3003, 1015, 1028, 1006}
06-18 05:18:18.576: I/ActivityManager(389): Process com.google.android.apps.plus (pid 12972) has died.
06-18 05:25:29.588: I/ActivityManager(389): Start proc com.google.android.email for content provider com.google.android.email/com.android.email.provider.EmailProvider: pid=13390 uid=10012 gids={50012, 3003, 1015, 1028}
06-18 05:27:12.490: W/ThrottleService(389): unable to find stats for iface rmnet0
06-18 05:36:05.169: I/ActivityManager(389): Start proc android.process.acore for content provider com.android.providers.contacts/.ContactsProvider2: pid=13521 uid=10000 gids={50000, 3003, 1015, 1028}
06-18 05:36:05.568: I/ActivityManager(389): Process android.process.media (pid 12919) has died.
06-18 05:37:12.501: W/ThrottleService(389): unable to find stats for iface rmnet0
06-18 05:38:16.860: I/ActivityManager(389): Process com.tencent.mm (pid 13227) has died.
06-18 05:38:25.501: I/ActivityManager(389): Start proc com.netease.cloudmusic:remote for service com.netease.cloudmusic/com.baidu.location.f: pid=13563 uid=10066 gids={50066, 3003, 1015, 1028}
06-18 05:38:25.524: I/ActivityManager(389): No longer want com.netease.cloudmusic (pid 5944): empty for 1800s
06-18 05:38:25.547: W/ActivityManager(389): Scheduling restart of crashed service com.netease.cloudmusic/.service.PushService in 5000ms
06-18 05:38:25.547: W/ActivityManager(389): Scheduling restart of crashed service com.netease.cloudmusic/.service.PlayService in 15000ms
06-18 05:38:25.938: I/ActivityManager(389): Process com.netease.cloudmusic:remote (pid 13563) has died.
06-18 05:38:30.571: I/ActivityManager(389): Start proc com.netease.cloudmusic for service com.netease.cloudmusic/.service.PushService: pid=13580 uid=10066 gids={50066, 3003, 1015, 1028}
06-18 05:38:31.297: I/ActivityManager(389): Start proc com.netease.cloudmusic:remote for service com.netease.cloudmusic/com.baidu.location.f: pid=13598 uid=10066 gids={50066, 3003, 1015, 1028}
06-18 05:38:32.969: I/ActivityManager(389): Process com.moji.mjweather (pid 12066) has died.
06-18 05:38:53.938: I/ActivityManager(389): Process com.netease.cloudmusic:remote (pid 13598) has died.
06-18 05:47:12.498: W/ThrottleService(389): unable to find stats for iface rmnet0
06-18 05:49:07.206: I/PowerManagerService(389): Waking up from sleep...
06-18 05:49:07.307: I/WindowManager(389): Lock screen displayed!
06-18 05:49:09.471: I/PowerManagerService(389): Going to sleep by user request...
06-18 05:49:10.479: I/ActivityManager(389): Start proc com.google.android.deskclock for service com.google.android.deskclock/com.android.alarmclock.DigitalAppWidgetService: pid=13726 uid=10010 gids={50010, 1028}
06-18 05:49:10.588: I/ActivityManager(389): Start proc com.google.android.gsf.login for service com.google.android.gsf.login/com.google.android.gsf.loginservice.GoogleLoginService: pid=13740 uid=10008 gids={50008, 3003, 1007, 1028, 1015, 1006, 2001, 3006}
06-18 05:57:12.505: W/ThrottleService(389): unable to find stats for iface rmnet0
06-18 05:58:25.341: I/ActivityManager(389): Start proc com.google.android.googlequicksearchbox for service com.google.android.googlequicksearchbox/com.google.android.velvet.VelvetBackgroundTasksImpl$Service: pid=13838 uid=10057 gids={50057, 3003, 1028, 1007, 3002, 1015}
06-18 05:58:25.818: I/ActivityManager(389): Process android.process.acore (pid 13521) has died.
06-18 05:58:30.638: W/ActivityManager(389): Unable to start service Intent { act=com.google.android.gms.analytics.service.START (has extras) } U=0: not found
06-18 05:58:35.646: W/ActivityManager(389): Unable to start service Intent { act=com.google.android.gms.analytics.service.START (has extras) } U=0: not found
06-18 05:58:50.443: I/PowerManagerService(389): Waking up from sleep...
06-18 05:58:50.607: I/PowerManagerService(389): Going to sleep by user request...
06-18 05:58:50.622: I/WindowManager(389): Lock screen displayed!
06-18 05:58:50.974: I/PowerManagerService(389): Waking up from sleep...
06-18 05:58:51.537: I/ActivityManager(389): Process com.google.android.email (pid 13390) has died.
06-18 05:58:51.576: I/WindowManager(389): Lock screen displayed!
06-18 05:58:51.787: I/ActivityManager(389): Process com.google.android.apps.uploader (pid 12959) has died.
06-18 05:58:54.607: I/PowerManagerService(389): Going to sleep by user request...
06-18 05:58:54.779: I/ActivityManager(389): Process com.myzaker.ZAKER_Phone (pid 12998) has died.
06-18 06:00:46.912: I/ActivityManager(389): Start proc com.myzaker.ZAKER_Phone for broadcast com.myzaker.ZAKER_Phone/.ZakerActionReciever: pid=13908 uid=10068 gids={50068, 3003, 1015, 1028}
06-18 06:03:00.119: I/PowerManagerService(389): Waking up from sleep...
06-18 06:03:00.299: I/WindowManager(389): Lock screen displayed!
06-18 06:03:01.682: D/PhoneStatusBar(459): disable: < expand* icons alerts ticker* system_info BACK HOME recent* clock search >
06-18 06:03:01.721: I/ActivityManager(389): Start proc com.google.android.calendar for service com.google.android.calendar/com.android.calendar.widget.CalendarAppWidgetService: pid=13941 uid=10004 gids={50004, 3003, 1028}
06-18 06:03:01.728: W/ActivityManager(389): Unable to start service Intent { act=com.google.android.gms.analytics.service.START (has extras) } U=0: not found
06-18 06:03:01.744: D/PhoneStatusBar(459): disable: < expand icons alerts ticker system_info back* home* recent clock search >
06-18 06:03:01.791: I/ActivityManager(389): Start proc com.letv.android.client.phone.widget for broadcast com.letv.android.client/.appwidget.WidgetProvider: pid=13957 uid=10075 gids={50075, 3003, 1015, 1028, 1006}
06-18 06:03:01.807: W/InputMethodManagerService(389): Window already focused, ignoring focus gain of: com.android.internal.view.IInputMethodClient$Stub$Proxy@41977a10 attribute=android.view.inputmethod.EditorInfo@421f6a78, token = android.os.BinderProxy@42978190
06-18 06:03:02.064: I/ActivityManager(389): Start proc com.android.providers.calendar for content provider com.android.providers.calendar/.CalendarProvider2: pid=13974 uid=10005 gids={50005, 3003, 1015, 1028}
06-18 06:03:02.096: I/ActivityManager(389): Process com.letv.android.client:pushService (pid 13306) has died.
06-18 06:03:02.588: I/ActivityManager(389): Process com.letv.android.client.phone.widget (pid 13957) has died.
06-18 06:03:03.275: I/ActivityManager(389): Start proc com.moji.mjweather for broadcast com.moji.mjweather/.CMojiWidget4x1: pid=13997 uid=10079 gids={50079, 3003, 1015, 1028}
06-18 06:03:03.439: I/ActivityManager(389): START u0 {act=android.intent.action.MAIN cat=[android.intent.category.LAUNCHER] flg=0x10200000 cmp=com.myzaker.ZAKER_Phone/.Views.LogoActivity bnds=[212,395][360,559]} from pid 579
06-18 06:03:04.416: I/ActivityManager(389): Process com.android.musicfx (pid 6267) has died.
06-18 06:03:06.666: I/ActivityManager(389): START u0 {cmp=com.myzaker.ZAKER_Phone/.Module.OfflineDownload.DownloadActivity (has extras)} from pid 13908
06-18 06:03:06.736: W/ActivityManager(389): Unable to start service Intent { act=com.google.android.gms.analytics.service.START (has extras) } U=0: not found
06-18 06:03:06.994: I/ActivityManager(389): Start proc com.myzaker.ZAKER_Phone.Module.OfflineDownload.DownloadService for service com.myzaker.ZAKER_Phone/.Module.OfflineDownload.DownloadService: pid=14039 uid=10068 gids={50068, 3003, 1015, 1028}
06-18 06:03:07.408: I/ActivityManager(389): Process com.google.android.googlequicksearchbox (pid 13838) has died.
06-18 06:03:09.010: I/ActivityManager(389): Process com.google.android.gsf.login (pid 13740) has died.
06-18 06:03:12.002: I/ActivityManager(389): Process com.google.android.partnersetup (pid 9470) has died.
06-18 06:03:12.221: W/ActivityManager(389): Unable to start service Intent { act=com.google.android.gms.analytics.service.START (has extras) } U=0: not found
06-18 06:03:12.377: W/InputMethodManagerService(389): Window already focused, ignoring focus gain of: com.android.internal.view.IInputMethodClient$Stub$Proxy@4296e3a8 attribute=null, token = android.os.BinderProxy@4252e278
06-18 06:03:12.838: I/ActivityManager(389): START u0 {cmp=com.myzaker.ZAKER_Phone/.Module.OfflineDownload.DownloadActivity (has extras)} from pid 13908
06-18 06:03:17.236: W/ActivityManager(389): Unable to start service Intent { act=com.google.android.gms.analytics.service.START (has extras) } U=0: not found
06-18 06:03:17.424: I/ActivityManager(389): Process com.moji.mjweather (pid 13997) has died.
06-18 06:03:18.221: I/ActivityManager(389): Process com.google.android.deskclock (pid 13726) has died.
06-18 06:03:19.291: I/ActivityManager(389): START u0 {act=android.intent.action.MAIN cat=[android.intent.category.LAUNCHER] flg=0x10200000 cmp=com.myzaker.ZAKER_Phone/.Views.LogoActivity bnds=[212,395][360,559]} from pid 579
06-18 06:03:20.603: I/ActivityManager(389): START u0 {cmp=com.myzaker.ZAKER_Phone/.Views.CoverActivity} from pid 13908
06-18 06:03:20.674: I/ActivityManager(389): START u0 {cmp=com.myzaker.ZAKER_Phone/.Views.BoxViews.BoxViewActivity (has extras)} from pid 13908
06-18 06:03:20.697: I/ActivityManager(389): START u0 {cmp=com.myzaker.ZAKER_Phone/.Views.CoverActivity (has extras)} from pid 13908
06-18 06:03:26.213: I/ActivityManager(389): Start proc android.process.media for content provider com.android.providers.media/.MediaProvider: pid=14097 uid=10011 gids={50011, 1015, 1023, 1024, 1028, 2001, 3003, 3007}
06-18 06:03:26.291: I/ActivityManager(389): Process com.google.android.calendar (pid 13941) has died.
06-18 06:03:28.002: I/ActivityManager(389): START u0 {cmp=com.myzaker.ZAKER_Phone/.Module.OfflineDownload.DownloadActivity (has extras)} from pid 13908
06-18 06:03:28.947: I/ActivityManager(389): Process android.process.media (pid 14097) has died.
06-18 06:07:12.510: W/ThrottleService(389): unable to find stats for iface rmnet0
06-18 06:07:59.869: D/ConnectivityService(389): Captive portal check NetworkInfo: type: WIFI[], state: CONNECTING/CAPTIVE_PORTAL_CHECK, reason: (unspecified), extra: "TP-LINK_22EF8E", roaming: false, failover: false, isAvailable: true
06-18 06:07:59.869: D/ConnectivityService(389): Captive portal check NetworkInfo: type: WIFI[], state: CONNECTING/CAPTIVE_PORTAL_CHECK, reason: (unspecified), extra: "TP-LINK_22EF8E", roaming: false, failover: false, isAvailable: true
06-18 06:07:59.893: D/ConnectivityService(389): ConnectivityChange for WIFI: CONNECTED/CONNECTED
06-18 06:07:59.900: D/ConnectivityService(389): handleConnectivityChange: address are the same reset per doReset linkProperty[1]: resetMask=0
06-18 06:07:59.900: D/ConnectivityService(389): ConnectivityChange for WIFI: CONNECTED/CONNECTED
06-18 06:07:59.908: D/ConnectivityService(389): handleConnectivityChange: address are the same reset per doReset linkProperty[1]: resetMask=0
06-18 06:08:00.893: D/ConnectivityService(389): NetTransition Wakelock for WifiStateMachine released by timeout
06-18 06:08:02.978: I/ActivityManager(389): Start proc android.process.media for broadcast com.android.providers.downloads/.DownloadReceiver: pid=14262 uid=10011 gids={50011, 1015, 1023, 1024, 1028, 2001, 3003, 3007}
06-18 06:08:03.010: I/ActivityManager(389): Start proc com.google.android.email for content provider com.google.android.email/com.android.email.provider.EmailProvider: pid=14273 uid=10012 gids={50012, 3003, 1015, 1028}
06-18 06:08:03.338: D/ActivityThread(14273): Loading provider com.android.email.provider;com.android.email.notifier: com.android.email.provider.EmailProvider
06-18 06:08:03.338: D/ActivityThread(14273): Loading provider com.android.email.provider;com.android.email.notifier: com.android.email.provider.EmailProvider
06-18 06:08:03.353: D/ActivityThread(14273): Loading provider com.android.email.provider;com.android.email.notifier: com.android.email.provider.EmailProvider
06-18 06:08:03.502: I/ActivityManager(389): Start proc com.google.android.gallery3d for broadcast com.google.android.gallery3d/com.google.android.picasasync.ConnectivityReceiver: pid=14299 uid=10015 gids={50015, 1006, 3003, 1015, 1028}
06-18 06:08:03.580: D/ConnectivityService(389): handleInetConditionHoldEnd: net=1, condition=100, published condition=0
06-18 06:08:04.174: I/ActivityManager(389): Start proc com.google.android.apps.uploader for broadcast com.google.android.apps.uploader/com.google.android.picasasync.ConnectivityReceiver: pid=14325 uid=10031 gids={50031, 3003, 1015, 1028}
06-18 06:08:04.494: I/ActivityManager(389): Start proc com.google.android.apps.plus for broadcast com.google.android.apps.plus/.service.ConnectivityReceiver: pid=14338 uid=10040 gids={50040, 3003, 3002, 1015, 1006, 1028}
06-18 06:08:04.564: I/ActivityManager(389): Process com.android.providers.calendar (pid 13974) has died.
06-18 06:08:06.486: I/ActivityManager(389): Process com.google.android.email (pid 14273) has died.
06-18 06:08:06.603: I/ActivityManager(389): Start proc com.letv.android.client.phone.widget for broadcast com.letv.android.client/.appwidget.WidgetProvider: pid=14363 uid=10075 gids={50075, 3003, 1015, 1028, 1006}
06-18 06:08:06.643: I/ActivityManager(389): Process com.google.android.gallery3d (pid 14299) has died.
06-18 06:08:07.111: I/ActivityManager(389): Process com.google.android.apps.plus (pid 14338) has died.
06-18 06:08:07.502: I/ActivityManager(389): Process com.letv.android.client.phone.widget (pid 14363) has died.
06-18 06:08:08.330: I/ActivityManager(389): Start proc com.moji.mjweather for broadcast com.moji.mjweather/.receiver.MojiReceiver: pid=14384 uid=10079 gids={50079, 3003, 1015, 1028}
06-18 06:08:08.791: I/ActivityManager(389): Start proc com.qiyi.video.market:pushservice_v1 for broadcast com.qiyi.video.market/com.baidu.android.pushservice.PushServiceReceiver: pid=14401 uid=10080 gids={50080, 3003, 1015, 1028}
06-18 06:08:09.393: I/ActivityManager(389): Start proc com.youdao.dict:yddictpush for broadcast com.youdao.dict/.backend.AwakeReceiver: pid=14432 uid=10082 gids={50082, 3003, 1015, 1006, 1028}
06-18 06:08:09.502: I/ActivityManager(389): Process com.qiyi.video.market:pushservice_v1 (pid 14401) has died.
06-18 06:08:09.721: W/ActivityManager(389): Unable to start service Intent { act=com.google.android.gms.analytics.service.START (has extras) } U=0: not found
06-18 06:08:09.783: I/ActivityManager(389): Process com.google.android.apps.uploader (pid 14325) has died.
06-18 06:08:09.807: I/ActivityManager(389): Start proc com.qvod.player:checkService for broadcast com.qvod.player/.core.ad.notification.TimingReceiver: pid=14459 uid=10083 gids={50083, 3003, 1015, 1028}
06-18 06:08:09.846: I/ActivityManager(389): Process com.youdao.dict:yddictpush (pid 14432) has died.
06-18 06:08:10.307: I/ActivityManager(389): Process android.process.media (pid 14262) has died.
06-18 06:08:10.369: I/ActivityManager(389): Process com.qvod.player:checkService (pid 14459) has died.
06-18 06:08:11.603: I/ActivityManager(389): Start proc android.process.media for broadcast com.android.providers.downloads/.DownloadReceiver: pid=14476 uid=10011 gids={50011, 1015, 1023, 1024, 1028, 2001, 3003, 3007}
06-18 06:08:11.760: I/ActivityManager(389): Start proc com.google.android.gallery3d for broadcast com.google.android.gallery3d/com.google.android.picasasync.ConnectivityReceiver: pid=14492 uid=10015 gids={50015, 1006, 3003, 1015, 1028}
06-18 06:08:12.018: I/ActivityManager(389): Start proc com.google.android.apps.uploader for broadcast com.google.android.apps.uploader/com.google.android.picasasync.ConnectivityReceiver: pid=14508 uid=10031 gids={50031, 3003, 1015, 1028}
06-18 06:08:12.127: I/ActivityManager(389): Start proc com.google.android.apps.plus for broadcast com.google.android.apps.plus/.service.ConnectivityReceiver: pid=14523 uid=10040 gids={50040, 3003, 3002, 1015, 1006, 1028}
06-18 06:08:12.252: I/ActivityManager(389): Process com.moji.mjweather (pid 14384) has died.
06-18 06:08:13.619: I/ActivityManager(389): Start proc com.letv.android.client.phone.widget for broadcast com.letv.android.client/.appwidget.WidgetProvider: pid=14549 uid=10075 gids={50075, 3003, 1015, 1028, 1006}
06-18 06:08:13.721: I/ActivityManager(389): Process com.google.android.gallery3d (pid 14492) has died.
06-18 06:08:14.322: I/ActivityManager(389): Process com.letv.android.client.phone.widget (pid 14549) has died.
06-18 06:08:15.353: I/ActivityManager(389): Start proc com.moji.mjweather for broadcast com.moji.mjweather/.receiver.MojiReceiver: pid=14569 uid=10079 gids={50079, 3003, 1015, 1028}
06-18 06:08:15.603: I/ActivityManager(389): Process com.google.android.apps.uploader (pid 14508) has died.
06-18 06:08:15.650: I/ActivityManager(389): Start proc com.qiyi.video.market:pushservice_v1 for broadcast com.qiyi.video.market/com.baidu.android.pushservice.PushServiceReceiver: pid=14587 uid=10080 gids={50080, 3003, 1015, 1028}
06-18 06:08:15.705: I/ActivityManager(389): Process com.google.android.apps.plus (pid 14523) has died.
06-18 06:08:16.080: I/ActivityManager(389): Start proc com.youdao.dict:yddictpush for broadcast com.youdao.dict/.backend.AwakeReceiver: pid=14619 uid=10082 gids={50082, 3003, 1015, 1006, 1028}
06-18 06:08:16.127: I/ActivityManager(389): Process com.qiyi.video.market:pushservice_v1 (pid 14587) has died.
06-18 06:08:16.244: W/ActivityManager(389): Unable to start service Intent { act=com.google.android.gms.analytics.service.START (has extras) } U=0: not found
06-18 06:08:16.299: I/ActivityManager(389): Start proc com.qvod.player:checkService for broadcast com.qvod.player/.core.ad.notification.TimingReceiver: pid=14645 uid=10083 gids={50083, 3003, 1015, 1028}
06-18 06:08:16.322: I/ActivityManager(389): Process com.youdao.dict:yddictpush (pid 14619) has died.
06-18 06:08:16.533: I/ActivityManager(389): Process com.qvod.player:checkService (pid 14645) has died.
06-18 06:08:19.236: I/ActivityManager(389): Start proc com.letv.android.client:pushService for service com.letv.android.client/.push.LetvPushService: pid=14660 uid=10075 gids={50075, 3003, 1015, 1028, 1006}
06-18 06:08:22.697: I/ActivityManager(389): Start proc com.tencent.mm for broadcast com.tencent.mm/.booter.NotifyReceiver: pid=14690 uid=10077 gids={50077, 1006, 3003, 1015, 3002, 3001, 1028}
06-18 06:08:23.166: I/ActivityManager(389): Process android.process.media (pid 14476) has died.
06-18 06:08:24.283: E/ActivityThread(14690): Failed to find provider info for com.tencent.mm.coolassist.debugprovider
06-18 06:09:41.643: I/ActivityManager(389): No longer want com.tencent.qqlive (pid 8266): empty for 1808s
06-18 06:09:41.658: W/ActivityManager(389): Scheduling restart of crashed service com.tencent.qqlive/com.tencent.qqlivecore.pushmessage.PMService in 5000ms
06-18 06:09:46.674: I/ActivityManager(389): Start proc com.tencent.qqlive for service com.tencent.qqlive/com.tencent.qqlivecore.pushmessage.PMService: pid=14746 uid=10085 gids={50085, 3003, 1015, 1028}
06-18 06:12:10.377: I/ActivityManager(389): Start proc com.qvod.player:checkService for service com.qvod.player/.core.ad.notification.PullAdService: pid=14827 uid=10083 gids={50083, 3003, 1015, 1028}
06-18 06:12:11.666: I/ActivityManager(389): Process com.qvod.player:checkService (pid 14827) has died.
06-18 06:17:12.518: W/ThrottleService(389): unable to find stats for iface rmnet0
06-18 06:22:49.221: I/ActivityManager(389): Start proc com.google.android.gallery3d for broadcast com.google.android.gallery3d/com.google.android.picasasync.BatteryReceiver: pid=15145 uid=10015 gids={50015, 1006, 3003, 1015, 1028}
06-18 06:22:50.018: I/ActivityManager(389): Start proc android.process.media for content provider com.android.providers.media/.MediaProvider: pid=15161 uid=10011 gids={50011, 1015, 1023, 1024, 1028, 2001, 3003, 3007}
06-18 06:22:50.228: I/ActivityManager(389): Start proc com.google.android.apps.uploader for broadcast com.google.android.apps.uploader/com.google.android.picasasync.BatteryReceiver: pid=15175 uid=10031 gids={50031, 3003, 1015, 1028}
06-18 06:22:50.322: I/ActivityManager(389): Process com.moji.mjweather (pid 14569) has died.
06-18 06:22:50.650: I/ActivityManager(389): Start proc com.google.android.apps.plus for broadcast com.google.android.apps.plus/.iu.BatteryReceiver: pid=15196 uid=10040 gids={50040, 3003, 3002, 1015, 1006, 1028}
06-18 06:22:50.760: I/ActivityManager(389): Process com.tencent.mm (pid 14690) has died.
06-18 06:22:53.307: I/ActivityManager(389): Process com.letv.android.client:pushService (pid 14660) has died.
06-18 06:23:03.932: I/ActivityManager(389): Start proc com.google.android.email for content provider com.google.android.email/com.android.email.provider.EmailProvider: pid=15220 uid=10012 gids={50012, 3003, 1015, 1028}
06-18 06:23:04.150: D/ActivityThread(15220): Loading provider com.android.email.provider;com.android.email.notifier: com.android.email.provider.EmailProvider
06-18 06:23:04.150: D/ActivityThread(15220): Loading provider com.android.email.provider;com.android.email.notifier: com.android.email.provider.EmailProvider
06-18 06:23:04.150: D/ActivityThread(15220): Loading provider com.android.email.provider;com.android.email.notifier: com.android.email.provider.EmailProvider
06-18 06:23:28.049: I/ActivityManager(389): Process com.google.android.gallery3d (pid 15145) has died.
06-18 06:24:21.877: I/PowerManagerService(389): Going to sleep by user request...
06-18 06:24:22.143: I/ActivityManager(389): Process com.google.android.apps.plus (pid 15196) has died.
06-18 06:24:23.127: I/ActivityManager(389): Start proc com.google.android.deskclock for service com.google.android.deskclock/com.android.alarmclock.DigitalAppWidgetService: pid=15288 uid=10010 gids={50010, 1028}
06-18 06:24:23.189: I/ActivityManager(389): Start proc com.google.android.calendar for service com.google.android.calendar/com.android.calendar.widget.CalendarAppWidgetService: pid=15301 uid=10004 gids={50004, 3003, 1028}
06-18 06:24:23.338: I/ActivityManager(389): Start proc com.google.android.gsf.login for service com.google.android.gsf.login/com.google.android.gsf.loginservice.GoogleLoginService: pid=15314 uid=10008 gids={50008, 3003, 1007, 1028, 1015, 1006, 2001, 3006}
06-18 06:24:23.486: I/ActivityManager(389): Process com.google.android.apps.uploader (pid 15175) has died.
06-18 06:24:23.510: D/PhoneStatusBar(459): disable: < EXPAND* icons alerts TICKER* system_info back home RECENT* clock search >
06-18 06:24:23.658: I/ActivityManager(389): Start proc com.android.providers.calendar for content provider com.android.providers.calendar/.CalendarProvider2: pid=15333 uid=10005 gids={50005, 3003, 1015, 1028}
06-18 06:24:23.807: I/ActivityManager(389): Process com.google.android.email (pid 15220) has died.
06-18 06:24:24.111: I/ActivityManager(389): Process android.process.media (pid 15161) has died.
06-18 06:24:24.299: D/CountryDetector(389): No listener is left
06-18 06:24:24.299: I/ActivityManager(389): Process com.android.mms (pid 4037) has died.
06-18 06:24:24.299: I/WindowState(389): WIN DEATH: Window{416b8280 u0 com.android.mms/com.android.mms.ui.ComposeMessageActivity}
06-18 06:24:24.416: D/PhoneStatusBar(459): disable: < EXPAND icons alerts TICKER system_info BACK* HOME* RECENT clock search >
06-18 06:25:26.196: I/PowerManagerService(389): Waking up from sleep...
06-18 06:25:26.384: I/WindowManager(389): Lock screen displayed!
06-18 06:25:27.657: D/PhoneStatusBar(459): disable: < expand* icons alerts ticker* system_info BACK HOME recent* clock search >
06-18 06:25:27.712: D/PhoneStatusBar(459): disable: < expand icons alerts ticker system_info back* home* recent clock search >
06-18 06:25:27.743: W/InputMethodManagerService(389): Window already focused, ignoring focus gain of: com.android.internal.view.IInputMethodClient$Stub$Proxy@4296b030 attribute=android.view.inputmethod.EditorInfo@427e5df0, token = android.os.BinderProxy@420266e8
06-18 06:25:27.790: I/ActivityManager(389): Start proc com.letv.android.client.phone.widget for broadcast com.letv.android.client/.appwidget.WidgetProvider: pid=15379 uid=10075 gids={50075, 3003, 1015, 1028, 1006}
06-18 06:25:28.470: I/ActivityManager(389): Process com.google.android.gsf.login (pid 15314) has died.
06-18 06:25:28.470: I/ActivityManager(389): Process com.letv.android.client.phone.widget (pid 15379) has died.
06-18 06:25:29.063: I/ActivityManager(389): Start proc com.moji.mjweather for broadcast com.moji.mjweather/.CMojiWidget4x1: pid=15399 uid=10079 gids={50079, 3003, 1015, 1028}
06-18 06:25:31.009: W/InputMethodManagerService(389): Window already focused, ignoring focus gain of: com.android.internal.view.IInputMethodClient$Stub$Proxy@42886d70 attribute=null, token = android.os.BinderProxy@420266e8
06-18 06:25:31.837: W/InputMethodManagerService(389): Window already focused, ignoring focus gain of: com.android.internal.view.IInputMethodClient$Stub$Proxy@421e5610 attribute=null, token = android.os.BinderProxy@41c847c8
06-18 06:25:34.735: I/PowerManagerService(389): Going to sleep by user request...
06-18 06:25:35.641: I/ActivityManager(389): Start proc com.google.android.gsf.login for service com.google.android.gsf.login/com.google.android.gsf.loginservice.GoogleLoginService: pid=15422 uid=10008 gids={50008, 3003, 1007, 1028, 1015, 1006, 2001, 3006}
06-18 06:25:35.727: D/PhoneStatusBar(459): disable: < EXPAND* icons alerts TICKER* system_info back home RECENT* clock search >
06-18 06:25:36.470: D/PhoneStatusBar(459): disable: < EXPAND icons alerts TICKER system_info BACK* HOME* RECENT clock search >
06-18 06:25:50.159: D/ConnectivityService(389): ConnectivityChange for WIFI: DISCONNECTED/DISCONNECTED
06-18 06:25:50.166: D/ConnectivityService(389): Attempting to switch to mobile
06-18 06:25:50.166: D/ConnectivityService(389): Attempting to switch to BLUETOOTH_TETHER
06-18 06:25:50.166: D/ConnectivityService(389): Attempting to switch to ETHERNET
06-18 06:25:50.190: D/ConnectivityService(389): resetConnections(wlan0, 3)
06-18 06:25:50.229: D/ConnectivityService(389): ConnectivityChange for WIFI: DISCONNECTED/DISCONNECTED
06-18 06:25:50.237: D/ConnectivityService(389): Attempting to switch to mobile
06-18 06:25:50.237: D/ConnectivityService(389): Attempting to switch to BLUETOOTH_TETHER
06-18 06:25:50.237: D/ConnectivityService(389): Attempting to switch to ETHERNET
06-18 06:25:50.237: D/ConnectivityService(389): resetConnections(wlan0, 3)
06-18 06:25:50.409: I/ActivityManager(389): Process com.myzaker.ZAKER_Phone.Module.OfflineDownload.DownloadService (pid 14039) has died.
06-18 06:25:50.409: D/ConnectivityService(389): handleInetConditionChange: no active default network - ignore
06-18 06:25:50.518: I/ActivityManager(389): Start proc android.process.acore for content provider com.android.providers.contacts/.ContactsProvider2: pid=15446 uid=10000 gids={50000, 3003, 1015, 1028}
06-18 06:25:51.963: I/ActivityManager(389): Process com.myzaker.ZAKER_Phone (pid 13908) has died.
06-18 06:25:53.284: I/ActivityManager(389): Start proc android.process.media for broadcast com.android.providers.downloads/.DownloadReceiver: pid=15464 uid=10011 gids={50011, 1015, 1023, 1024, 1028, 2001, 3003, 3007}
06-18 06:25:53.705: I/ActivityManager(389): Start proc com.google.android.gallery3d for broadcast com.google.android.gallery3d/com.google.android.picasasync.ConnectivityReceiver: pid=15480 uid=10015 gids={50015, 1006, 3003, 1015, 1028}
06-18 06:25:54.315: I/ActivityManager(389): Start proc com.google.android.apps.uploader for broadcast com.google.android.apps.uploader/com.google.android.picasasync.ConnectivityReceiver: pid=15498 uid=10031 gids={50031, 3003, 1015, 1028}
06-18 06:25:54.487: I/ActivityManager(389): Start proc com.google.android.apps.plus for broadcast com.google.android.apps.plus/.service.ConnectivityReceiver: pid=15511 uid=10040 gids={50040, 3003, 3002, 1015, 1006, 1028}
06-18 06:25:56.784: I/ActivityManager(389): Start proc com.myzaker.ZAKER_Phone for broadcast com.myzaker.ZAKER_Phone/.ZakerActionReciever: pid=15535 uid=10068 gids={50068, 3003, 1015, 1028}
06-18 06:25:56.979: I/ActivityManager(389): Process android.process.acore (pid 15446) has died.
06-18 06:25:57.166: I/ActivityManager(389): Start proc com.letv.android.client.phone.widget for broadcast com.letv.android.client/.appwidget.WidgetProvider: pid=15554 uid=10075 gids={50075, 3003, 1015, 1028, 1006}
06-18 06:25:57.955: I/ActivityManager(389): Process com.letv.android.client.phone.widget (pid 15554) has died.
06-18 06:26:00.088: I/ActivityManager(389): Start proc com.qiyi.video.market:pushservice_v1 for broadcast com.qiyi.video.market/com.baidu.android.pushservice.PushServiceReceiver: pid=15573 uid=10080 gids={50080, 3003, 1015, 1028}
06-18 06:26:00.291: I/ActivityManager(389): Process com.google.android.apps.plus (pid 15511) has died.
06-18 06:26:00.580: I/ActivityManager(389): Start proc com.youdao.dict:yddictpush for broadcast com.youdao.dict/.backend.AwakeReceiver: pid=15607 uid=10082 gids={50082, 3003, 1015, 1006, 1028}
06-18 06:26:00.674: I/ActivityManager(389): Process com.qiyi.video.market:pushservice_v1 (pid 15573) has died.
06-18 06:26:00.924: W/ActivityManager(389): Unable to start service Intent { act=com.google.android.gms.analytics.service.START (has extras) } U=0: not found
06-18 06:26:00.971: I/ActivityManager(389): Process com.youdao.dict:yddictpush (pid 15607) has died.
06-18 06:26:02.143: W/ActivityManager(389): Unable to start service Intent { act=com.google.android.gms.analytics.service.START (has extras) } U=0: not found
06-18 06:26:02.346: I/ActivityManager(389): Start proc com.qvod.player:checkService for broadcast com.qvod.player/.core.ad.notification.TimingReceiver: pid=15633 uid=10083 gids={50083, 3003, 1015, 1028}
06-18 06:26:02.666: I/ActivityManager(389): Process com.qvod.player:checkService (pid 15633) has died.
06-18 06:26:05.424: W/SocketClient(125): write error (Broken pipe)
06-18 06:26:05.776: I/ActivityManager(389): Start proc com.google.android.apps.plus for broadcast com.google.android.apps.plus/.service.ConnectivityReceiver: pid=15648 uid=10040 gids={50040, 3003, 3002, 1015, 1006, 1028}
06-18 06:26:07.143: W/ActivityManager(389): Unable to start service Intent { act=com.google.android.gms.analytics.service.START (has extras) } U=0: not found
06-18 06:26:07.799: I/ActivityManager(389): Start proc com.letv.android.client.phone.widget for broadcast com.letv.android.client/.appwidget.WidgetProvider: pid=15670 uid=10075 gids={50075, 3003, 1015, 1028, 1006}
06-18 06:26:08.612: I/ActivityManager(389): Process com.letv.android.client.phone.widget (pid 15670) has died.
06-18 06:26:21.362: I/ActivityManager(389): Start proc com.qiyi.video.market:pushservice_v1 for broadcast com.qiyi.video.market/com.baidu.android.pushservice.PushServiceReceiver: pid=15692 uid=10080 gids={50080, 3003, 1015, 1028}
06-18 06:26:21.721: I/ActivityManager(389): Start proc com.youdao.dict:yddictpush for broadcast com.youdao.dict/.backend.AwakeReceiver: pid=15725 uid=10082 gids={50082, 3003, 1015, 1006, 1028}
06-18 06:26:21.776: I/ActivityManager(389): Process com.qiyi.video.market:pushservice_v1 (pid 15692) has died.
06-18 06:26:21.807: I/ActivityManager(389): Process com.google.android.apps.plus (pid 15648) has died.
06-18 06:26:21.932: W/ActivityManager(389): Unable to start service Intent { act=com.google.android.gms.analytics.service.START (has extras) } U=0: not found
06-18 06:26:21.979: I/ActivityManager(389): Process com.youdao.dict:yddictpush (pid 15725) has died.
06-18 06:26:22.752: I/ActivityManager(389): Start proc com.qvod.player:checkService for broadcast com.qvod.player/.core.ad.notification.TimingReceiver: pid=15750 uid=10083 gids={50083, 3003, 1015, 1028}
06-18 06:26:22.940: I/ActivityManager(389): Process com.qvod.player:checkService (pid 15750) has died.
06-18 06:26:38.846: I/ActivityManager(389): Start proc android.process.acore for content provider com.android.providers.contacts/.ContactsProvider2: pid=15763 uid=10000 gids={50000, 3003, 1015, 1028}
06-18 06:26:50.221: D/ConnectivityService(389): NetTransition Wakelock for WifiStateMachine released by timeout
06-18 06:27:12.529: W/ThrottleService(389): unable to find stats for iface rmnet0
06-18 06:28:19.899: I/ActivityManager(389): Start proc com.letv.android.client:pushService for service com.letv.android.client/.push.LetvPushService: pid=15808 uid=10075 gids={50075, 3003, 1015, 1028, 1006}
06-18 06:34:07.015: I/PowerManagerService(389): Waking up from sleep...
06-18 06:34:07.070: I/WindowManager(389): Lock screen displayed!
06-18 06:34:09.765: D/PhoneStatusBar(459): disable: < expand* icons alerts ticker* system_info BACK HOME recent* clock search >
06-18 06:34:09.804: I/ActivityManager(389): Start proc com.letv.android.client.phone.widget for broadcast com.letv.android.client/.appwidget.WidgetProvider: pid=16387 uid=10075 gids={50075, 3003, 1015, 1028, 1006}
06-18 06:34:09.827: D/PhoneStatusBar(459): disable: < expand icons alerts ticker system_info back* home* recent clock search >
06-18 06:34:09.835: W/InputMethodManagerService(389): Window already focused, ignoring focus gain of: com.android.internal.view.IInputMethodClient$Stub$Proxy@4252c6b0 attribute=android.view.inputmethod.EditorInfo@42052900, token = android.os.BinderProxy@42978190
06-18 06:34:10.726: I/ActivityManager(389): Process com.letv.android.client.phone.widget (pid 16387) has died.
06-18 06:34:12.374: I/ActivityManager(389): START u0 {act=android.intent.action.MAIN cat=[android.intent.category.LAUNCHER] flg=0x10200000 cmp=com.adobe.reader/.AdobeReader bnds=[360,395][508,559]} from pid 579
06-18 06:34:12.445: I/ActivityManager(389): Start proc com.adobe.reader for activity com.adobe.reader/.ARViewer: pid=16859 uid=10073 gids={50073, 3003, 1015, 1028}
06-18 06:34:12.546: I/ActivityManager(389): No longer want com.google.android.gsf.login (pid 15422): empty #17
06-18 06:34:14.554: I/ActivityManager(389): Config changed: {1.0 460mcc2mnc zh_CN ldltr sw360dp w598dp h335dp 320dpi nrml land finger -keyb/v/h -nav/h s.193}
06-18 06:34:15.617: I/ActivityManager(389): Process com.google.android.gallery3d (pid 15480) has died.
06-18 06:34:15.812: I/ActivityManager(389): Process com.myzaker.ZAKER_Phone (pid 15535) has died.
06-18 06:34:24.499: I/ActivityManager(389): Process com.google.android.apps.uploader (pid 15498) has died.
06-18 06:34:32.023: I/ActivityManager(389): Process com.google.android.calendar (pid 15301) has died.
06-18 06:34:36.421: I/ActivityManager(389): Process android.process.media (pid 15464) has died.
06-18 06:34:41.101: I/ActivityManager(389): Process com.android.providers.calendar (pid 15333) has died.
06-18 06:37:12.531: W/ThrottleService(389): unable to find stats for iface rmnet0
