06-18 07:39:54.299: D/dalvikvm(15922): GC_FOR_ALLOC freed 0K, 4% free 10979K/11436K, paused 26ms, total 26ms
06-18 07:39:54.346: D/dalvikvm(15922): GC_FOR_ALLOC freed 499K, 7% free 10981K/11692K, paused 26ms, total 26ms
06-18 07:39:54.377: D/dalvikvm(15922): GC_FOR_ALLOC freed 369K, 6% free 11091K/11692K, paused 26ms, total 26ms
06-18 07:39:54.408: D/dalvikvm(15922): GC_FOR_ALLOC freed 126K, 5% free 11219K/11692K, paused 27ms, total 27ms
06-18 07:39:54.533: D/dalvikvm(15922): GC_CONCURRENT freed 366K, 4% free 11615K/12012K, paused 2ms+3ms, total 32ms
06-18 07:39:54.728: D/dalvikvm(15922): GC_CONCURRENT freed 200K, 2% free 12329K/12560K, paused 2ms+4ms, total 38ms
06-18 07:39:54.728: D/dalvikvm(15922): WAIT_FOR_CONCURRENT_GC blocked 8ms
06-18 07:39:54.947: D/dalvikvm(15922): GC_CONCURRENT freed 698K, 6% free 12776K/13504K, paused 2ms+3ms, total 46ms
06-18 07:39:55.260: D/dalvikvm(15922): GC_CONCURRENT freed 294K, 3% free 13783K/14108K, paused 4ms+4ms, total 62ms
06-18 07:39:55.260: D/dalvikvm(15922): WAIT_FOR_CONCURRENT_GC blocked 16ms
06-18 07:39:55.346: I/ActivityManager(389): Process com.android.providers.calendar (pid 15856) has died.
06-18 07:39:55.369: D/gp.PicasaPhotoCP(15922): set fsid first time:-1
06-18 07:39:55.385: D/dalvikvm(15922): Trying to load lib /data/app-lib/com.google.android.apps.plus-1/libwebp_android.so 0x415f00c8
06-18 07:39:55.400: D/dalvikvm(15922): Added shared lib /data/app-lib/com.google.android.apps.plus-1/libwebp_android.so 0x415f00c8
06-18 07:39:55.400: D/dalvikvm(15922): No JNI_OnLoad found in /data/app-lib/com.google.android.apps.plus-1/libwebp_android.so 0x415f00c8, skipping init
06-18 07:39:55.400: D/dalvikvm(15922): Trying to load lib /data/app-lib/com.google.android.apps.plus-1/libplus_jni_v8.so 0x415f00c8
06-18 07:39:55.424: D/dalvikvm(15922): Added shared lib /data/app-lib/com.google.android.apps.plus-1/libplus_jni_v8.so 0x415f00c8
06-18 07:39:55.424: D/dalvikvm(15922): No JNI_OnLoad found in /data/app-lib/com.google.android.apps.plus-1/libplus_jni_v8.so 0x415f00c8, skipping init
06-18 07:39:55.424: I/NativeLibrarySupport(15922): Native WEBP decoder, version=0.3.0
06-18 07:39:55.424: I/NativeLibrarySupport(15922): Native networking disabled
06-18 07:39:55.494: I/dalvikvm(15947): Turning on JNI app bug workarounds for target SDK version 8...
06-18 07:39:55.494: I/ActivityManager(389): Start proc com.letv.android.client.phone.widget for broadcast com.letv.android.client/.appwidget.WidgetProvider: pid=15947 uid=10075 gids={50075, 3003, 1015, 1028, 1006}
06-18 07:39:55.533: D/dalvikvm(129): GC_EXPLICIT freed 40K, 1% free 8881K/8952K, paused 2ms+3ms, total 48ms
06-18 07:39:55.557: D/dalvikvm(15922): GC_FOR_ALLOC freed 827K, 6% free 13798K/14664K, paused 98ms, total 109ms
06-18 07:39:55.557: I/dalvikvm-heap(15922): Grow heap (frag case) to 14.531MB for 1077456-byte allocation
06-18 07:39:55.557: D/dalvikvm(129): GC_EXPLICIT freed <1K, 1% free 8881K/8952K, paused 2ms+3ms, total 27ms
06-18 07:39:55.588: D/dalvikvm(129): GC_EXPLICIT freed <1K, 1% free 8881K/8952K, paused 3ms+4ms, total 27ms
06-18 07:39:55.588: I/ActivityManager(389): Process com.google.android.gallery3d (pid 15890) has died.
06-18 07:39:55.627: D/dalvikvm(15922): GC_FOR_ALLOC freed <1K, 6% free 14850K/15720K, paused 69ms, total 69ms
06-18 07:39:55.650: D/dalvikvm(15947): GC_CONCURRENT freed 168K, 3% free 9173K/9372K, paused 4ms+2ms, total 42ms
06-18 07:39:55.674: D/dalvikvm(15922): GC_FOR_ALLOC freed 0K, 6% free 14850K/15720K, paused 47ms, total 47ms
06-18 07:39:55.682: I/dalvikvm-heap(15922): Grow heap (frag case) to 16.266MB for 1821008-byte allocation
06-18 07:39:55.760: D/dalvikvm(15922): GC_FOR_ALLOC freed 0K, 5% free 16628K/17500K, paused 83ms, total 83ms
06-18 07:39:55.783: D/dalvikvm(15947): GC_CONCURRENT freed 222K, 3% free 9450K/9716K, paused 4ms+3ms, total 28ms
06-18 07:39:55.783: D/dalvikvm(15947): WAIT_FOR_CONCURRENT_GC blocked 5ms
06-18 07:39:55.807: I/ActivityManager(389): Process com.google.android.apps.plus (pid 15922) has died.
06-18 07:39:55.814: D/dalvikvm(15947): GC_FOR_ALLOC freed 116K, 4% free 9566K/9908K, paused 27ms, total 27ms
06-18 07:39:55.838: D/dalvikvm(15947): GC_FOR_ALLOC freed 245K, 5% free 9664K/10100K, paused 18ms, total 18ms
06-18 07:39:55.861: D/dalvikvm(15947): GC_FOR_ALLOC freed 179K, 4% free 9698K/10100K, paused 18ms, total 18ms
06-18 07:39:55.916: D/dalvikvm(15947): GC_CONCURRENT freed 243K, 3% free 9928K/10204K, paused 2ms+3ms, total 23ms
06-18 07:39:56.017: D/dalvikvm(15947): GC_CONCURRENT freed 106K, 2% free 10306K/10444K, paused 3ms+3ms, total 26ms
06-18 07:39:56.103: D/dalvikvm(15947): GC_CONCURRENT freed 312K, 4% free 10485K/10828K, paused 3ms+3ms, total 28ms
06-18 07:39:56.221: D/dalvikvm(15947): GC_CONCURRENT freed 119K, 2% free 10892K/11044K, paused 3ms+3ms, total 32ms
06-18 07:39:56.322: D/LHY(15947): intent.action = android.net.conn.CONNECTIVITY_CHANGE
06-18 07:39:56.322: I/AndroidRuntime(15947): VM exiting with result code 0, cleanup skipped.
06-18 07:39:56.330: I/ActivityManager(389): Process com.letv.android.client.phone.widget (pid 15947) has died.
06-18 07:40:00.017: I/ActivityManager(389): Start proc com.moji.mjweather for broadcast com.moji.mjweather/.receiver.MojiReceiver: pid=15967 uid=10079 gids={50079, 3003, 1015, 1028}
06-18 07:40:00.135: D/dalvikvm(15967): GC_CONCURRENT freed 150K, 2% free 9228K/9412K, paused 3ms+4ms, total 28ms
06-18 07:40:00.158: I/ActivityThread(15967): Pub com.moji.mjweather: com.moji.mjweather.voice.clock.AlarmProvider
06-18 07:40:00.213: D/dalvikvm(15967): GC_CONCURRENT freed 263K, 4% free 9454K/9756K, paused 3ms+2ms, total 27ms
06-18 07:40:00.291: I/ActivityManager(389): Start proc com.qiyi.video.market:pushservice_v1 for broadcast com.qiyi.video.market/com.baidu.android.pushservice.PushServiceReceiver: pid=15984 uid=10080 gids={50080, 3003, 1015, 1028}
06-18 07:40:00.299: I/dalvikvm(15984): Turning on JNI app bug workarounds for target SDK version 4...
06-18 07:40:00.424: D/dalvikvm(15984): GC_CONCURRENT freed 156K, 2% free 9227K/9416K, paused 4ms+7ms, total 47ms
06-18 07:40:00.502: I/DEXLOG - MediaHardwareDecoder(15984): class org.qiyi.android.hardwaredecode.MediaHardwareDecoder
06-18 07:40:00.502: D/MediaDecoder(15984): Build.VERSION.SDK_INT:17
06-18 07:40:00.510: D/MediaDecoder(15984): Max profile:0 not found(0)
06-18 07:40:00.533: D/dalvikvm(15984): GC_CONCURRENT freed 233K, 3% free 9413K/9684K, paused 4ms+4ms, total 25ms
06-18 07:40:00.619: D/dalvikvm(15984): GC_CONCURRENT freed 421K, 5% free 9503K/9956K, paused 2ms+4ms, total 25ms
06-18 07:40:00.642: D/OpenUDID(15984): OpenUDID: 4ea59c7e5e8e1c8d
06-18 07:40:00.642: I/MAC Address(15984): macAdd:a0:0b:ba:d5:f7:87
06-18 07:40:00.674: I/ActivityManager(389): Start proc com.youdao.dict:yddictpush for broadcast com.youdao.dict/.backend.AwakeReceiver: pid=16015 uid=10082 gids={50082, 3003, 1015, 1006, 1028}
06-18 07:40:00.689: I/dalvikvm(16015): Turning on JNI app bug workarounds for target SDK version 13...
06-18 07:40:00.713: E/SQLiteLog(13928): (1) table bdcltb09 already exists
06-18 07:40:00.713: D/baidu_location_service(13928): baidu location service start1 ...13928
06-18 07:40:00.728: I/Process(15984): Sending signal. PID: 15984 SIG: 9
06-18 07:40:00.736: D/baidu_location_service(13928): baidu location service stop ...
06-18 07:40:00.736: I/ActivityManager(389): Process com.qiyi.video.market:pushservice_v1 (pid 15984) has died.
06-18 07:40:00.814: D/dalvikvm(16015): GC_CONCURRENT freed 158K, 3% free 9221K/9412K, paused 4ms+3ms, total 28ms
06-18 07:40:00.869: W/GAV2(16015): Thread[main,5,main]: Connection to service failed 1
06-18 07:40:00.869: W/ActivityManager(389): Unable to start service Intent { act=com.google.android.gms.analytics.service.START (has extras) } U=0: not found
06-18 07:40:00.877: W/Ads(16015): No Google Analytics: Library Incompatible.
06-18 07:40:00.892: W/GAV2(16015): Thread[main,5,main]: Need to call initialize() and be in fallback mode to start dispatch.
06-18 07:40:00.932: I/ActivityManager(389): Start proc com.qvod.player:checkService for broadcast com.qvod.player/.core.ad.notification.TimingReceiver: pid=16043 uid=10083 gids={50083, 3003, 1015, 1028}
06-18 07:40:00.939: I/Process(16015): Sending signal. PID: 16015 SIG: 9
06-18 07:40:00.955: I/dalvikvm(16043): Turning on JNI app bug workarounds for target SDK version 10...
06-18 07:40:00.955: I/ActivityManager(389): Process com.youdao.dict:yddictpush (pid 16015) has died.
06-18 07:40:01.072: D/dalvikvm(16043): GC_CONCURRENT freed 167K, 3% free 9227K/9424K, paused 4ms+2ms, total 43ms
06-18 07:40:01.072: D/dalvikvm(16043): WAIT_FOR_CONCURRENT_GC blocked 5ms
06-18 07:40:01.103: D/dalvikvm(16043): Trying to load lib /data/app-lib/com.qvod.player-1/libstat.so 0x415e70a8
06-18 07:40:01.103: D/dalvikvm(16043): Added shared lib /data/app-lib/com.qvod.player-1/libstat.so 0x415e70a8
06-18 07:40:01.103: I/crypt(16043): JNI_OnLoad!
06-18 07:40:01.158: I/Process(16043): Sending signal. PID: 16043 SIG: 9
06-18 07:40:01.166: I/ActivityManager(389): Process com.qvod.player:checkService (pid 16043) has died.
06-18 07:40:05.463: I/wpa_supplicant(9885): wlan0: CTRL-EVENT-DISCONNECTED bssid=00:26:3e:89:77:40 reason=0
06-18 07:40:05.533: D/CommandListener(125): Clearing all IP addresses on wlan0
06-18 07:40:05.549: D/ConnectivityService(389): ConnectivityChange for WIFI: DISCONNECTED/DISCONNECTED
06-18 07:40:05.557: D/ConnectivityService(389): Attempting to switch to mobile
06-18 07:40:05.557: D/ConnectivityService(389): Attempting to switch to BLUETOOTH_TETHER
06-18 07:40:05.557: D/ConnectivityService(389): Attempting to switch to ETHERNET
06-18 07:40:05.572: D/NetUtils(389): android_net_utils_resetConnections in env=0x5117d308 clazz=0x55e00001 iface=wlan0 mask=0x3
06-18 07:40:05.572: D/ConnectivityService(389): resetConnections(wlan0, 3)
06-18 07:40:05.580: W/System.err(8959): java.net.SocketException: shutdown failed: ENOTCONN (Transport endpoint is not connected)
06-18 07:40:05.588: W/Smack/Packet(21105): notify conn break (IOEx), close connection
06-18 07:40:05.588: W/System.err(12695): com.sina.weibo.exception.WeiboIOException: com.sina.weibo.exception.WeiboIOException: org.apache.http.conn.ConnectTimeoutException: Connect to /180.149.139.248:80 timed out
06-18 07:40:05.603: W/System.err(12695): 	at com.sina.weibo.net.k.b(NetUtils.java:502)
06-18 07:40:05.603: W/System.err(12695): 	at com.sina.weibo.net.k.a(NetUtils.java:469)
06-18 07:40:05.603: W/System.err(12695): 	at com.sina.weibo.net.k.a(NetUtils.java:724)
06-18 07:40:05.603: W/System.err(12695): 	at com.sina.weibo.net.k.a(NetUtils.java:704)
06-18 07:40:05.603: W/System.err(12695): 	at com.sina.weibo.net.k.a(NetUtils.java:682)
06-18 07:40:05.611: W/System.err(12695): 	at com.sina.weibo.e.f.a(NetEngine.java:3492)
06-18 07:40:05.611: W/System.err(12695): 	at com.sina.weibo.push.c.d(BaseOperationRunner.java:103)
06-18 07:40:05.611: W/System.err(12695): 	at com.sina.weibo.push.ab.run(MpsOperationRunner.java:90)
06-18 07:40:05.611: W/System.err(12695): 	at android.os.Handler.handleCallback(Handler.java:725)
06-18 07:40:05.611: W/System.err(12695): 	at android.os.Handler.dispatchMessage(Handler.java:92)
06-18 07:40:05.611: W/System.err(12695): 	at android.os.Looper.loop(Looper.java:137)
06-18 07:40:05.611: W/System.err(12695): 	at android.os.HandlerThread.run(HandlerThread.java:60)
06-18 07:40:05.611: W/System.err(12695): Caused by: com.sina.weibo.exception.WeiboIOException: org.apache.http.conn.ConnectTimeoutException: Connect to /180.149.139.248:80 timed out
06-18 07:40:05.611: W/System.err(12695): 	at com.sina.weibo.net.k.d(NetUtils.java:660)
06-18 07:40:05.611: W/System.err(12695): 	at com.sina.weibo.net.k.b(NetUtils.java:490)
06-18 07:40:05.611: W/System.err(12695): 	... 11 more
06-18 07:40:05.611: W/System.err(12695): Caused by: org.apache.http.conn.ConnectTimeoutException: Connect to /180.149.139.248:80 timed out
06-18 07:40:05.619: W/System.err(12695): 	at org.apache.http.conn.scheme.PlainSocketFactory.connectSocket(PlainSocketFactory.java:121)
06-18 07:40:05.619: W/System.err(12695): 	at org.apache.http.impl.conn.DefaultClientConnectionOperator.openConnection(DefaultClientConnectionOperator.java:144)
06-18 07:40:05.619: W/System.err(12695): 	at org.apache.http.impl.conn.AbstractPoolEntry.open(AbstractPoolEntry.java:164)
06-18 07:40:05.619: W/System.err(12695): 	at org.apache.http.impl.conn.AbstractPooledConnAdapter.open(AbstractPooledConnAdapter.java:119)
06-18 07:40:05.619: W/System.err(12695): 	at org.apache.http.impl.client.DefaultRequestDirector.execute(DefaultRequestDirector.java:360)
06-18 07:40:05.619: W/System.err(12695): 	at org.apache.http.impl.client.AbstractHttpClient.execute(AbstractHttpClient.java:555)
06-18 07:40:05.619: W/System.err(12695): 	at org.apache.http.impl.client.AbstractHttpClient.execute(AbstractHttpClient.java:487)
06-18 07:40:05.619: W/System.err(12695): 	at org.apache.http.impl.client.AbstractHttpClient.execute(AbstractHttpClient.java:465)
06-18 07:40:05.619: W/System.err(12695): 	at com.sina.weibo.net.k.d(NetUtils.java:581)
06-18 07:40:05.619: W/System.err(12695): 	... 12 more
06-18 07:40:05.666: D/ConnectivityService(389): ConnectivityChange for WIFI: DISCONNECTED/DISCONNECTED
06-18 07:40:05.674: D/NetUtils(389): android_net_utils_resetConnections in env=0x5117d308 clazz=0x58c00001 iface=wlan0 mask=0x3
06-18 07:40:05.674: D/ConnectivityService(389): Attempting to switch to mobile
06-18 07:40:05.674: D/ConnectivityService(389): Attempting to switch to BLUETOOTH_TETHER
06-18 07:40:05.674: D/ConnectivityService(389): Attempting to switch to ETHERNET
06-18 07:40:05.674: D/ConnectivityService(389): resetConnections(wlan0, 3)
06-18 07:40:05.682: W/System.err(8959): 	at java.net.PlainSocketImpl.shutdownInput(PlainSocketImpl.java:368)
06-18 07:40:05.682: W/System.err(8959): 	at java.net.Socket.shutdownInput(Socket.java:609)
06-18 07:40:05.682: W/System.err(8959): 	at com.sina.push.socket.SocketManager.shutDownConnection(SocketManager.java:149)
06-18 07:40:05.682: W/System.err(8959): 	at com.sina.push.connection.SocketPushTask$DataState.request(SocketPushTask.java:397)
06-18 07:40:05.682: W/System.err(8959): 	at com.sina.push.connection.SocketPushTask.request(SocketPushTask.java:90)
06-18 07:40:05.682: W/System.err(8959): 	at com.sina.push.connection.PushTaskManager$SocketPushTaskRunner$1.run(PushTaskManager.java:196)
06-18 07:40:05.682: W/System.err(8959): 	at java.lang.Thread.run(Thread.java:856)
06-18 07:40:05.682: W/System.err(8959): Caused by: libcore.io.ErrnoException: shutdown failed: ENOTCONN (Transport endpoint is not connected)
06-18 07:40:05.682: W/System.err(8959): 	at libcore.io.Posix.shutdown(Native Method)
06-18 07:40:05.682: W/System.err(8959): 	at libcore.io.ForwardingOs.shutdown(ForwardingOs.java:122)
06-18 07:40:05.682: W/System.err(8959): 	at java.net.PlainSocketImpl.shutdownInput(PlainSocketImpl.java:366)
06-18 07:40:05.682: W/System.err(8959): 	... 6 more
06-18 07:40:05.736: I/qtaguid(21105): Failed write_ctrl(u 48) res=-1 errno=22
06-18 07:40:05.736: I/qtaguid(21105): Untagging socket 48 failed errno=-22
06-18 07:40:05.736: W/NetworkManagementSocketTagger(21105): untagSocket(48) failed with errno -22
06-18 07:40:05.744: D/ConnectivityService(389): handleInetConditionChange: no active default network - ignore
06-18 07:40:05.791: I/ActivityManager(389): Start proc com.google.android.gallery3d for broadcast com.google.android.gallery3d/com.google.android.picasasync.ConnectivityReceiver: pid=16061 uid=10015 gids={50015, 1006, 3003, 1015, 1028}
06-18 07:40:05.838: I/ActivityManager(389): Start proc android.process.acore for content provider com.android.providers.contacts/.ContactsProvider2: pid=16073 uid=10000 gids={50000, 3003, 1015, 1028}
06-18 07:40:05.900: I/ActivityThread(16073): Pub call_log: com.android.providers.contacts.CallLogProvider
06-18 07:40:05.908: I/ActivityThread(16073): Pub com.android.voicemail: com.android.providers.contacts.VoicemailContentProvider
06-18 07:40:05.908: I/ActivityThread(16073): Pub com.android.contacts.dumpfile: com.android.providers.contacts.debug.DumpFileProvider
06-18 07:40:05.908: I/ActivityThread(16073): Pub user_dictionary: com.android.providers.userdictionary.UserDictionaryProvider
06-18 07:40:05.924: I/ActivityThread(16073): Pub applications: com.android.providers.applications.ApplicationsProvider
06-18 07:40:05.939: D/dalvikvm(16061): GC_CONCURRENT freed 154K, 2% free 9185K/9372K, paused 3ms+3ms, total 42ms
06-18 07:40:05.939: I/ActivityThread(16061): Pub com.google.android.gallery3d.provider: com.android.gallery3d.provider.GalleryProvider
06-18 07:40:05.955: I/ActivityThread(16073): Pub contacts;com.android.contacts: com.android.providers.contacts.ContactsProvider2
06-18 07:40:06.010: I/ActivityThread(16061): Pub com.google.android.gallery3d.PicasaStore: com.google.android.picasastore.PicasaPhotoContentProvider0
06-18 07:40:06.033: D/dalvikvm(16073): GC_CONCURRENT freed 204K, 3% free 9120K/9356K, paused 6ms+4ms, total 39ms
06-18 07:40:06.033: D/dalvikvm(16061): GC_CONCURRENT freed 386K, 5% free 9247K/9664K, paused 3ms+7ms, total 47ms
06-18 07:40:06.041: I/ActivityThread(16061): Pub com.google.android.gallery3d.GooglePhotoProvider: com.google.android.picasasync.PicasaContentProvider0
06-18 07:40:06.080: I/System.out(17765): WMQtt client:Lost connection...
06-18 07:40:06.096: D/dalvikvm(16061): GC_CONCURRENT freed 496K, 6% free 9262K/9792K, paused 2ms+4ms, total 25ms
06-18 07:40:06.096: D/dalvikvm(16061): WAIT_FOR_CONCURRENT_GC blocked 11ms
06-18 07:40:06.103: D/dalvikvm(16061): WAIT_FOR_CONCURRENT_GC blocked 17ms
06-18 07:40:06.111: I/ActivityThread(16061): Pub com.android.gallery3d.filtershow.provider.SharedImageProvider: com.android.gallery3d.filtershow.provider.SharedImageProvider
06-18 07:40:06.111: I/ActivityThread(16061): Pub com.google.android.gallery3d.GooglePhotoProviderRestricted: com.google.android.picasasync.PicasaOpenFileProvider
06-18 07:40:06.197: I/ActivityManager(389): Process com.google.android.apps.uploader (pid 15909) has died.
06-18 07:40:06.299: D/dalvikvm(389): GC_EXPLICIT freed 954K, 21% free 37202K/46512K, paused 6ms+18ms, total 148ms
06-18 07:40:06.322: I/ActivityManager(389): Start proc com.google.android.apps.uploader for broadcast com.google.android.apps.uploader/com.google.android.picasasync.ConnectivityReceiver: pid=16096 uid=10031 gids={50031, 3003, 1015, 1028}
06-18 07:40:06.330: D/UploadsManager(16061):    wifiOnlyPhoto changed to true
06-18 07:40:06.330: D/UploadsManager(16061):    wifiOnlyVideo changed to true
06-18 07:40:06.330: D/UploadsManager(16061):    syncOnBattery changed to true
06-18 07:40:06.330: D/PicasaSync(16061): sync account database
06-18 07:40:06.385: I/ActivityThread(16096): Pub com.google.android.apps.uploader.PicasaUploadProvider: com.google.android.picasasync.PicasaContentProvider1
06-18 07:40:06.400: D/PicasaSync(16061): accounts in DB=1
06-18 07:40:06.408: D/PicasaSyncManager(16061): background data: true
06-18 07:40:06.455: I/ActivityManager(389): Start proc com.google.android.apps.plus for broadcast com.google.android.apps.plus/.service.ConnectivityReceiver: pid=16109 uid=10040 gids={50040, 3003, 3002, 1015, 1006, 1028}
06-18 07:40:06.471: D/dalvikvm(16096): GC_CONCURRENT freed 413K, 5% free 8957K/9404K, paused 2ms+18ms, total 54ms
06-18 07:40:06.502: D/GCM(21105): GcmService start Intent { act=android.net.conn.CONNECTIVITY_CHANGE flg=0x8000010 cmp=com.google.android.gms/.gcm.GcmService (has extras) } android.net.conn.CONNECTIVITY_CHANGE
06-18 07:40:06.541: I/ActivityManager(389): Process com.google.android.calendar (pid 15811) has died.
06-18 07:40:06.580: D/PicasaSyncManager(16061): battery info: false
06-18 07:40:06.627: D/dalvikvm(16109): GC_CONCURRENT freed 169K, 3% free 9204K/9404K, paused 4ms+4ms, total 30ms
06-18 07:40:06.627: D/PicasaUploader(16096):    wifiOnlyPhoto changed to true
06-18 07:40:06.627: D/PicasaUploader(16096):    wifiOnlyVideo changed to true
06-18 07:40:06.627: D/PicasaUploader(16096):    syncOnBattery changed to true
06-18 07:40:06.635: D/PicasaUploaderSync(16096): sync account database
06-18 07:40:06.674: D/PicasaUploaderSync(16096): accounts in DB=1
06-18 07:40:06.674: D/PicasaUploaderSyncManager(16096): background data: true
06-18 07:40:06.682: D/PicasaUploaderSyncManager(16096): battery info: false
06-18 07:40:06.713: D/dalvikvm(16109): GC_CONCURRENT freed 141K, 2% free 9554K/9740K, paused 2ms+3ms, total 23ms
06-18 07:40:06.721: I/ActivityThread(16109): Pub com.google.android.apps.plus.content.ApiProvider: com.google.android.apps.plus.content.EsApiProvider
06-18 07:40:06.721: I/ActivityThread(16109): Pub com.google.android.apps.plus.content.EsGooglePhotoProvider: com.google.android.picasasync.PicasaContentProvider
06-18 07:40:06.791: D/dalvikvm(16109): GC_CONCURRENT freed 472K, 6% free 9586K/10096K, paused 2ms+2ms, total 23ms
06-18 07:40:06.791: D/dalvikvm(16109): WAIT_FOR_CONCURRENT_GC blocked 11ms
06-18 07:40:06.799: I/ActivityThread(16109): Pub com.google.android.apps.plus.content.EsPicasaStoreProvider: com.google.android.picasastore.PicasaPhotoContentProvider
06-18 07:40:06.807: I/ActivityThread(16109): Pub com.google.plus.platform: com.google.android.apps.plus.content.AdsProvider
06-18 07:40:06.807: I/ActivityThread(16109): Pub com.google.android.apps.plus.iu.EsGoogleIuProvider: com.google.android.apps.plus.iu.InstantUploadProvider
06-18 07:40:06.838: I/ActivityManager(389): Process com.google.android.deskclock (pid 15798) has died.
06-18 07:40:06.853: D/dalvikvm(16109): GC_CONCURRENT freed 439K, 5% free 9653K/10128K, paused 4ms+4ms, total 30ms
06-18 07:40:06.853: D/dalvikvm(16109): WAIT_FOR_CONCURRENT_GC blocked 7ms
06-18 07:40:06.853: D/dalvikvm(16109): WAIT_FOR_CONCURRENT_GC blocked 7ms
06-18 07:40:06.892: I/ActivityThread(16109): Pub com.google.android.apps.plus.content.EsProvider: com.google.android.apps.plus.content.EsProvider
06-18 07:40:06.908: D/dalvikvm(16109): GC_CONCURRENT freed 342K, 4% free 9817K/10196K, paused 2ms+4ms, total 25ms
06-18 07:40:06.908: D/dalvikvm(16109): WAIT_FOR_CONCURRENT_GC blocked 12ms
06-18 07:40:06.908: D/dalvikvm(16109): WAIT_FOR_CONCURRENT_GC blocked 12ms
06-18 07:40:06.978: D/dalvikvm(16109): GC_CONCURRENT freed 93K, 2% free 10115K/10296K, paused 4ms+3ms, total 31ms
06-18 07:40:07.096: D/dalvikvm(16109): GC_CONCURRENT freed 138K, 2% free 10456K/10660K, paused 5ms+4ms, total 36ms
06-18 07:40:07.096: D/dalvikvm(16109): WAIT_FOR_CONCURRENT_GC blocked 9ms
06-18 07:40:07.182: D/dalvikvm(16109): GC_CONCURRENT freed 315K, 4% free 10550K/10952K, paused 6ms+3ms, total 40ms
06-18 07:40:07.182: D/dalvikvm(16109): WAIT_FOR_CONCURRENT_GC blocked 30ms
06-18 07:40:07.213: D/dalvikvm(16109): GC_FOR_ALLOC freed 62K, 4% free 10614K/10952K, paused 29ms, total 29ms
06-18 07:40:07.244: D/dalvikvm(16109): GC_FOR_ALLOC freed 126K, 5% free 10742K/11208K, paused 28ms, total 28ms
06-18 07:40:07.244: I/dalvikvm-heap(16109): Grow heap (frag case) to 10.750MB for 243450-byte allocation
06-18 07:40:07.275: D/dalvikvm(16109): GC_FOR_ALLOC freed 0K, 5% free 10980K/11448K, paused 30ms, total 30ms
06-18 07:40:07.322: D/dalvikvm(16109): GC_FOR_ALLOC freed 499K, 7% free 10982K/11704K, paused 28ms, total 28ms
06-18 07:40:07.353: D/dalvikvm(16109): GC_FOR_ALLOC freed 369K, 6% free 11092K/11704K, paused 27ms, total 27ms
06-18 07:40:07.392: D/dalvikvm(16109): GC_FOR_ALLOC freed 126K, 5% free 11220K/11704K, paused 30ms, total 30ms
06-18 07:40:07.439: D/dalvikvm(16073): GC_CONCURRENT freed 158K, 3% free 9350K/9544K, paused 9ms+2ms, total 32ms
06-18 07:40:07.517: D/dalvikvm(16109): GC_CONCURRENT freed 368K, 4% free 11625K/12024K, paused 4ms+4ms, total 41ms
06-18 07:40:07.689: I/ActivityManager(389): Process com.google.android.gallery3d (pid 16061) has died.
06-18 07:40:07.760: D/dalvikvm(16109): GC_CONCURRENT freed 200K, 2% free 12340K/12572K, paused 4ms+4ms, total 49ms
06-18 07:40:08.010: D/dalvikvm(16109): GC_CONCURRENT freed 701K, 6% free 12796K/13528K, paused 4ms+4ms, total 54ms
06-18 07:40:08.017: D/dalvikvm(16109): WAIT_FOR_CONCURRENT_GC blocked 11ms
06-18 07:40:08.330: D/dalvikvm(16109): GC_CONCURRENT freed 287K, 3% free 13780K/14100K, paused 3ms+4ms, total 58ms
06-18 07:40:08.463: D/gp.PicasaPhotoCP(16109): set fsid first time:-1
06-18 07:40:08.494: D/dalvikvm(16109): Trying to load lib /data/app-lib/com.google.android.apps.plus-1/libwebp_android.so 0x415ee240
06-18 07:40:08.510: D/dalvikvm(16109): Added shared lib /data/app-lib/com.google.android.apps.plus-1/libwebp_android.so 0x415ee240
06-18 07:40:08.510: D/dalvikvm(16109): No JNI_OnLoad found in /data/app-lib/com.google.android.apps.plus-1/libwebp_android.so 0x415ee240, skipping init
06-18 07:40:08.510: D/dalvikvm(16109): Trying to load lib /data/app-lib/com.google.android.apps.plus-1/libplus_jni_v8.so 0x415ee240
06-18 07:40:08.572: D/dalvikvm(16109): Added shared lib /data/app-lib/com.google.android.apps.plus-1/libplus_jni_v8.so 0x415ee240
06-18 07:40:08.572: D/dalvikvm(16109): No JNI_OnLoad found in /data/app-lib/com.google.android.apps.plus-1/libplus_jni_v8.so 0x415ee240, skipping init
06-18 07:40:08.580: I/NativeLibrarySupport(16109): Native WEBP decoder, version=0.3.0
06-18 07:40:08.580: I/NativeLibrarySupport(16109): Native networking disabled
06-18 07:40:08.705: I/ActivityManager(389): Process com.moji.mjweather (pid 15967) has died.
06-18 07:40:08.713: D/dalvikvm(15874): GC_CONCURRENT freed 230K, 3% free 9038K/9300K, paused 9ms+13ms, total 78ms
06-18 07:40:08.807: D/dalvikvm(16109): GC_FOR_ALLOC freed 842K, 6% free 13812K/14688K, paused 123ms, total 123ms
06-18 07:40:08.814: I/dalvikvm-heap(16109): Grow heap (frag case) to 14.544MB for 1077456-byte allocation
06-18 07:40:08.830: D/Tethering(389): MasterInitialState.processMessage what=3
06-18 07:40:08.853: D/Tethering(389): MasterInitialState.processMessage what=3
06-18 07:40:08.900: D/dalvikvm(16109): GC_FOR_ALLOC freed 1K, 6% free 14863K/15744K, paused 84ms, total 85ms
06-18 07:40:08.916: W/System.err(12695): com.sina.weibo.exception.WeiboIOException: NoSignalException
06-18 07:40:08.916: W/System.err(12695): 	at com.sina.weibo.net.k.c(NetUtils.java:447)
06-18 07:40:08.916: W/System.err(12695): 	at com.sina.weibo.net.k.a(NetUtils.java:402)
06-18 07:40:08.916: W/System.err(12695): 	at com.sina.weibo.net.k.a(NetUtils.java:713)
06-18 07:40:08.916: W/System.err(12695): 	at com.sina.weibo.net.k.a(NetUtils.java:704)
06-18 07:40:08.916: W/System.err(12695): 	at com.sina.weibo.net.k.a(NetUtils.java:682)
06-18 07:40:08.916: W/System.err(12695): 	at com.sina.weibo.e.f.a(NetEngine.java:3492)
06-18 07:40:08.916: W/System.err(12695): 	at com.sina.weibo.push.c.d(BaseOperationRunner.java:103)
06-18 07:40:08.916: W/System.err(12695): 	at com.sina.weibo.push.ab.run(MpsOperationRunner.java:90)
06-18 07:40:08.916: I/ActivityManager(389): Process com.google.android.apps.uploader (pid 16096) has died.
06-18 07:40:08.924: W/System.err(12695): 	at android.os.Handler.handleCallback(Handler.java:725)
06-18 07:40:08.924: W/System.err(12695): 	at android.os.Handler.dispatchMessage(Handler.java:92)
06-18 07:40:08.924: W/System.err(12695): 	at android.os.Looper.loop(Looper.java:137)
06-18 07:40:08.924: W/System.err(12695): 	at android.os.HandlerThread.run(HandlerThread.java:60)
06-18 07:40:08.955: D/dalvikvm(16109): GC_FOR_ALLOC freed 9K, 6% free 14854K/15744K, paused 57ms, total 57ms
06-18 07:40:08.963: I/dalvikvm-heap(16109): Grow heap (frag case) to 16.270MB for 1821008-byte allocation
06-18 07:40:08.978: I/ActivityManager(389): Start proc com.letv.android.client.phone.widget for broadcast com.letv.android.client/.appwidget.WidgetProvider: pid=16135 uid=10075 gids={50075, 3003, 1015, 1028, 1006}
06-18 07:40:08.994: I/dalvikvm(16135): Turning on JNI app bug workarounds for target SDK version 8...
06-18 07:40:09.025: D/dalvikvm(16109): GC_FOR_ALLOC freed <1K, 6% free 16632K/17524K, paused 62ms, total 62ms
06-18 07:40:09.150: D/dalvikvm(16135): GC_CONCURRENT freed 160K, 3% free 9173K/9364K, paused 5ms+5ms, total 32ms
06-18 07:40:09.244: D/dalvikvm(16135): GC_CONCURRENT freed 220K, 3% free 9444K/9708K, paused 3ms+3ms, total 25ms
06-18 07:40:09.267: D/dalvikvm(16135): GC_FOR_ALLOC freed 118K, 4% free 9566K/9900K, paused 19ms, total 19ms
06-18 07:40:09.291: D/dalvikvm(16135): GC_FOR_ALLOC freed 245K, 5% free 9664K/10092K, paused 18ms, total 18ms
06-18 07:40:09.314: D/dalvikvm(16135): GC_FOR_ALLOC freed 179K, 4% free 9698K/10092K, paused 18ms, total 18ms
06-18 07:40:09.369: D/dalvikvm(16135): GC_CONCURRENT freed 242K, 3% free 9928K/10204K, paused 3ms+3ms, total 24ms
06-18 07:40:09.478: D/dalvikvm(16135): GC_CONCURRENT freed 106K, 2% free 10309K/10448K, paused 3ms+4ms, total 28ms
06-18 07:40:09.572: D/dalvikvm(16135): GC_CONCURRENT freed 314K, 4% free 10494K/10840K, paused 3ms+4ms, total 33ms
06-18 07:40:09.650: I/ActivityManager(389): Process com.google.android.apps.plus (pid 16109) has died.
06-18 07:40:09.689: D/dalvikvm(16135): GC_CONCURRENT freed 120K, 2% free 10905K/11056K, paused 2ms+3ms, total 31ms
06-18 07:40:09.924: D/LHY(16135): intent.action = android.net.conn.CONNECTIVITY_CHANGE
06-18 07:40:09.924: I/AndroidRuntime(16135): VM exiting with result code 0, cleanup skipped.
06-18 07:40:09.932: I/ActivityManager(389): Process com.letv.android.client.phone.widget (pid 16135) has died.
06-18 07:40:13.932: W/System.err(12695): com.sina.weibo.exception.WeiboIOException: NoSignalException
06-18 07:40:13.955: W/System.err(12695): 	at com.sina.weibo.net.k.c(NetUtils.java:447)
06-18 07:40:13.955: W/System.err(12695): 	at com.sina.weibo.net.k.a(NetUtils.java:402)
06-18 07:40:13.955: W/System.err(12695): 	at com.sina.weibo.net.k.a(NetUtils.java:713)
06-18 07:40:13.955: W/System.err(12695): 	at com.sina.weibo.net.k.a(NetUtils.java:704)
06-18 07:40:13.955: W/System.err(12695): 	at com.sina.weibo.net.k.a(NetUtils.java:682)
06-18 07:40:13.955: W/System.err(12695): 	at com.sina.weibo.e.f.c(NetEngine.java:4387)
06-18 07:40:13.955: W/System.err(12695): 	at com.sina.weibo.c.a.a(Controller.java:450)
06-18 07:40:13.955: W/System.err(12695): 	at com.sina.weibo.push.ar.run(PullSlave.java:293)
06-18 07:40:13.955: W/System.err(12695): 	at java.util.Timer$TimerImpl.run(Timer.java:284)
06-18 07:40:17.947: I/ActivityManager(389): Start proc com.moji.mjweather for broadcast com.moji.mjweather/.receiver.MojiReceiver: pid=16157 uid=10079 gids={50079, 3003, 1015, 1028}
06-18 07:40:18.064: D/dalvikvm(16157): GC_CONCURRENT freed 174K, 3% free 9204K/9412K, paused 4ms+4ms, total 30ms
06-18 07:40:18.127: I/ActivityThread(16157): Pub com.moji.mjweather: com.moji.mjweather.voice.clock.AlarmProvider
06-18 07:40:18.197: D/dalvikvm(16157): GC_CONCURRENT freed 266K, 4% free 9447K/9748K, paused 3ms+3ms, total 29ms
06-18 07:40:18.197: D/dalvikvm(16157): WAIT_FOR_CONCURRENT_GC blocked 7ms
06-18 07:40:18.197: D/dalvikvm(16157): WAIT_FOR_CONCURRENT_GC blocked 7ms
06-18 07:40:18.299: I/dalvikvm(16181): Turning on JNI app bug workarounds for target SDK version 4...
06-18 07:40:18.299: I/ActivityManager(389): Start proc com.qiyi.video.market:pushservice_v1 for broadcast com.qiyi.video.market/com.baidu.android.pushservice.PushServiceReceiver: pid=16181 uid=10080 gids={50080, 3003, 1015, 1028}
06-18 07:40:18.330: D/dalvikvm(129): GC_EXPLICIT freed 40K, 1% free 8881K/8952K, paused 3ms+4ms, total 36ms
06-18 07:40:18.353: D/dalvikvm(129): GC_EXPLICIT freed <1K, 1% free 8881K/8952K, paused 2ms+4ms, total 27ms
06-18 07:40:18.377: D/dalvikvm(129): GC_EXPLICIT freed <1K, 1% free 8881K/8952K, paused 2ms+4ms, total 26ms
06-18 07:40:18.408: D/dalvikvm(16181): GC_CONCURRENT freed 175K, 3% free 9193K/9400K, paused 4ms+2ms, total 28ms
06-18 07:40:18.549: D/dalvikvm(16181): GC_CONCURRENT freed 189K, 3% free 9402K/9632K, paused 4ms+15ms, total 36ms
06-18 07:40:18.549: I/DEXLOG - MediaHardwareDecoder(16181): class org.qiyi.android.hardwaredecode.MediaHardwareDecoder
06-18 07:40:18.557: D/MediaDecoder(16181): Build.VERSION.SDK_INT:17
06-18 07:40:18.557: D/MediaDecoder(16181): Max profile:0 not found(0)
06-18 07:40:18.658: D/dalvikvm(16181): GC_CONCURRENT freed 373K, 5% free 9493K/9900K, paused 3ms+6ms, total 27ms
06-18 07:40:18.689: D/OpenUDID(16181): OpenUDID: 4ea59c7e5e8e1c8d
06-18 07:40:18.697: I/MAC Address(16181): macAdd:a0:0b:ba:d5:f7:87
06-18 07:40:18.721: I/ActivityManager(389): Start proc com.youdao.dict:yddictpush for broadcast com.youdao.dict/.backend.AwakeReceiver: pid=16213 uid=10082 gids={50082, 3003, 1015, 1006, 1028}
06-18 07:40:18.744: I/dalvikvm(16213): Turning on JNI app bug workarounds for target SDK version 13...
06-18 07:40:18.775: E/SQLiteLog(13928): (1) table bdcltb09 already exists
06-18 07:40:18.775: D/baidu_location_service(13928): baidu location service start1 ...13928
06-18 07:40:18.799: I/Process(16181): Sending signal. PID: 16181 SIG: 9
06-18 07:40:18.807: D/baidu_location_service(13928): baidu location service stop ...
06-18 07:40:18.807: I/ActivityManager(389): Process com.qiyi.video.market:pushservice_v1 (pid 16181) has died.
06-18 07:40:18.869: D/dalvikvm(16213): GC_CONCURRENT freed 153K, 2% free 9226K/9412K, paused 5ms+3ms, total 28ms
06-18 07:40:18.939: W/GAV2(16213): Thread[main,5,main]: Connection to service failed 1
06-18 07:40:18.939: W/ActivityManager(389): Unable to start service Intent { act=com.google.android.gms.analytics.service.START (has extras) } U=0: not found
06-18 07:40:18.947: W/Ads(16213): No Google Analytics: Library Incompatible.
06-18 07:40:18.963: W/GAV2(16213): Thread[main,5,main]: Need to call initialize() and be in fallback mode to start dispatch.
06-18 07:40:19.002: I/ActivityManager(389): Start proc com.qvod.player:checkService for broadcast com.qvod.player/.core.ad.notification.TimingReceiver: pid=16239 uid=10083 gids={50083, 3003, 1015, 1028}
06-18 07:40:19.010: I/Process(16213): Sending signal. PID: 16213 SIG: 9
06-18 07:40:19.017: I/ActivityManager(389): Process com.youdao.dict:yddictpush (pid 16213) has died.
06-18 07:40:19.025: I/dalvikvm(16239): Turning on JNI app bug workarounds for target SDK version 10...
06-18 07:40:19.135: D/dalvikvm(16239): GC_CONCURRENT freed 157K, 3% free 9222K/9412K, paused 4ms+3ms, total 28ms
06-18 07:40:19.166: D/dalvikvm(16239): Trying to load lib /data/app-lib/com.qvod.player-1/libstat.so 0x415e5358
06-18 07:40:19.166: D/dalvikvm(16239): Added shared lib /data/app-lib/com.qvod.player-1/libstat.so 0x415e5358
06-18 07:40:19.166: I/crypt(16239): JNI_OnLoad!
06-18 07:40:19.197: I/Process(16239): Sending signal. PID: 16239 SIG: 9
06-18 07:40:19.205: I/ActivityManager(389): Process com.qvod.player:checkService (pid 16239) has died.
06-18 07:40:21.611: I/ActivityManager(389): Start proc com.google.android.talk for broadcast com.google.android.talk/.ConnectionStateOnlineReceiver: pid=16253 uid=10047 gids={50047, 3003, 1015, 1006, 1028, 3002}
06-18 07:40:21.752: I/ActivityThread(16253): Pub com.google.android.talk.SuggestionProvider: com.google.android.talk.SuggestionsProvider
06-18 07:40:21.814: D/dalvikvm(16253): GC_CONCURRENT freed 118K, 2% free 9257K/9420K, paused 3ms+2ms, total 27ms
06-18 07:40:21.814: D/dalvikvm(16253): WAIT_FOR_CONCURRENT_GC blocked 7ms
06-18 07:40:21.869: D/vclib:CallStateClient(16253): startListening
06-18 07:40:21.955: I/ActivityManager(389): Start proc com.google.android.calendar for broadcast com.google.android.calendar/com.android.calendar.widget.CalendarAppWidgetProvider: pid=16274 uid=10004 gids={50004, 3003, 1028}
06-18 07:40:22.088: I/ActivityManager(389): Process android.process.acore (pid 16073) has died.
06-18 07:40:22.111: I/ActivityThread(16274): Pub com.google.android.calendar.CalendarRecentSuggestionsProvider: com.android.calendar.CalendarRecentSuggestionsProvider
06-18 07:40:22.182: D/dalvikvm(16274): GC_CONCURRENT freed 223K, 3% free 9072K/9328K, paused 4ms+3ms, total 26ms
06-18 07:40:22.189: I/ActivityManager(389): Start proc com.android.providers.calendar for content provider com.android.providers.calendar/.CalendarProvider2: pid=16290 uid=10005 gids={50005, 3003, 1015, 1028}
06-18 07:40:22.283: I/ActivityThread(16290): Pub com.android.calendar: com.android.providers.calendar.CalendarProvider2
06-18 07:40:22.307: I/wpa_supplicant(9885): wlan0: Trying to associate with 00:26:3e:a9:b2:02 (SSID='Youku_Guest' freq=2412 MHz)
06-18 07:40:22.346: D/AlertReceiver(16274): onReceive: a=android.intent.action.PROVIDER_CHANGED Intent { act=android.intent.action.PROVIDER_CHANGED dat=content://com.android.calendar flg=0x10 cmp=com.google.android.calendar/com.android.calendar.alerts.AlertReceiver }
06-18 07:40:22.486: D/AlertService(16274): 0 Action = android.intent.action.PROVIDER_CHANGED
06-18 07:40:22.627: W/BroadcastQueue(389): Failure sending broadcast Intent { act=android.intent.action.TIME_TICK flg=0x40000014 (has extras) }
06-18 07:40:22.627: W/BroadcastQueue(389): android.os.DeadObjectException
06-18 07:40:22.627: W/BroadcastQueue(389): 	at android.os.BinderProxy.transact(Native Method)
06-18 07:40:22.627: W/BroadcastQueue(389): 	at android.content.IIntentReceiver$Stub$Proxy.performReceive(IIntentReceiver.java:124)
06-18 07:40:22.627: W/BroadcastQueue(389): 	at com.android.server.am.BroadcastQueue.performReceiveLocked(BroadcastQueue.java:375)
06-18 07:40:22.627: W/BroadcastQueue(389): 	at com.android.server.am.BroadcastQueue.deliverToRegisteredReceiverLocked(BroadcastQueue.java:438)
06-18 07:40:22.627: W/BroadcastQueue(389): 	at com.android.server.am.BroadcastQueue.processNextBroadcast(BroadcastQueue.java:645)
06-18 07:40:22.627: W/BroadcastQueue(389): 	at com.android.server.am.ActivityManagerService.finishReceiver(ActivityManagerService.java:12071)
06-18 07:40:22.627: W/BroadcastQueue(389): 	at android.content.BroadcastReceiver$PendingResult.sendFinished(BroadcastReceiver.java:419)
06-18 07:40:22.627: W/BroadcastQueue(389): 	at android.content.BroadcastReceiver$PendingResult.finish(BroadcastReceiver.java:395)
06-18 07:40:22.627: W/BroadcastQueue(389): 	at android.app.LoadedApk$ReceiverDispatcher$Args.run(LoadedApk.java:775)
06-18 07:40:22.627: W/BroadcastQueue(389): 	at android.os.Handler.handleCallback(Handler.java:725)
06-18 07:40:22.627: W/BroadcastQueue(389): 	at android.os.Handler.dispatchMessage(Handler.java:92)
06-18 07:40:22.627: W/BroadcastQueue(389): 	at android.os.Looper.loop(Looper.java:137)
06-18 07:40:22.627: W/BroadcastQueue(389): 	at android.os.HandlerThread.run(HandlerThread.java:60)
06-18 07:40:22.658: I/wpa_supplicant(9885): wlan0: CTRL-EVENT-ASSOC-REJECT bssid=00:26:3e:a9:b2:02 status_code=1
06-18 07:40:22.658: E/wpa_supplicant(9885): Retrying assoc: 4 
06-18 07:40:22.674: I/ActivityManager(389): Start proc com.google.android.gallery3d for broadcast com.google.android.gallery3d/com.google.android.picasasync.ConnectivityReceiver: pid=16316 uid=10015 gids={50015, 1006, 3003, 1015, 1028}
06-18 07:40:22.689: I/ActivityManager(389): Process com.moji.mjweather (pid 16157) has died.
06-18 07:40:22.932: D/dalvikvm(16316): GC_CONCURRENT freed 156K, 2% free 9184K/9372K, paused 4ms+10ms, total 45ms
06-18 07:40:22.939: I/ActivityThread(16316): Pub com.google.android.gallery3d.provider: com.android.gallery3d.provider.GalleryProvider
06-18 07:40:23.002: I/ActivityThread(16316): Pub com.google.android.gallery3d.PicasaStore: com.google.android.picasastore.PicasaPhotoContentProvider0
06-18 07:40:23.010: D/dalvikvm(16316): GC_CONCURRENT freed 386K, 5% free 9239K/9660K, paused 2ms+3ms, total 23ms
06-18 07:40:23.017: I/ActivityThread(16316): Pub com.google.android.gallery3d.GooglePhotoProvider: com.google.android.picasasync.PicasaContentProvider0
06-18 07:40:23.072: D/dalvikvm(16316): GC_CONCURRENT freed 485K, 6% free 9265K/9784K, paused 3ms+3ms, total 22ms
06-18 07:40:23.072: D/dalvikvm(16316): WAIT_FOR_CONCURRENT_GC blocked 8ms
06-18 07:40:23.088: I/ActivityThread(16316): Pub com.android.gallery3d.filtershow.provider.SharedImageProvider: com.android.gallery3d.filtershow.provider.SharedImageProvider
06-18 07:40:23.088: I/ActivityThread(16316): Pub com.google.android.gallery3d.GooglePhotoProviderRestricted: com.google.android.picasasync.PicasaOpenFileProvider
06-18 07:40:23.283: D/dalvikvm(389): GC_EXPLICIT freed 4792K, 29% free 33228K/46512K, paused 13ms+16ms, total 159ms
06-18 07:40:23.299: D/UploadsManager(16316):    wifiOnlyPhoto changed to true
06-18 07:40:23.299: D/UploadsManager(16316):    wifiOnlyVideo changed to true
06-18 07:40:23.299: D/UploadsManager(16316):    syncOnBattery changed to true
06-18 07:40:23.307: D/PicasaSync(16316): sync account database
06-18 07:40:23.314: I/ActivityManager(389): Start proc com.google.android.apps.uploader for broadcast com.google.android.apps.uploader/com.google.android.picasasync.ConnectivityReceiver: pid=16341 uid=10031 gids={50031, 3003, 1015, 1028}
06-18 07:40:23.346: D/PicasaSync(16316): accounts in DB=1
06-18 07:40:23.353: D/PicasaSyncManager(16316): background data: true
06-18 07:40:23.369: I/ActivityThread(16341): Pub com.google.android.apps.uploader.PicasaUploadProvider: com.google.android.picasasync.PicasaContentProvider1
06-18 07:40:23.392: D/PicasaSyncManager(16316): battery info: false
06-18 07:40:23.447: I/wpa_supplicant(9885): wlan0: Trying to associate with 00:26:3e:a9:b2:00 (SSID='Youku_User' freq=2412 MHz)
06-18 07:40:23.455: D/dalvikvm(16341): GC_CONCURRENT freed 410K, 5% free 8927K/9368K, paused 5ms+14ms, total 51ms
06-18 07:40:23.463: I/ActivityManager(389): Start proc com.google.android.apps.plus for broadcast com.google.android.apps.plus/.service.ConnectivityReceiver: pid=16354 uid=10040 gids={50040, 3003, 3002, 1015, 1006, 1028}
06-18 07:40:23.510: D/GCM(21105): GcmService start Intent { act=android.net.conn.CONNECTIVITY_CHANGE flg=0x8000010 cmp=com.google.android.gms/.gcm.GcmService (has extras) } android.net.conn.CONNECTIVITY_CHANGE
06-18 07:40:23.517: I/CalendarProvider2(16290): Sending notification intent: Intent { act=android.intent.action.PROVIDER_CHANGED dat=content://com.android.calendar }
06-18 07:40:23.517: W/ContentResolver(16290): Failed to get type for: content://com.android.calendar (Unknown URL content://com.android.calendar)
06-18 07:40:23.588: D/PicasaUploader(16341):    wifiOnlyPhoto changed to true
06-18 07:40:23.588: D/PicasaUploader(16341):    wifiOnlyVideo changed to true
06-18 07:40:23.588: D/PicasaUploader(16341):    syncOnBattery changed to true
06-18 07:40:23.588: D/PicasaUploaderSync(16341): sync account database
06-18 07:40:23.658: D/PicasaUploaderSync(16341): accounts in DB=1
06-18 07:40:23.658: D/PicasaUploaderSyncManager(16341): background data: true
06-18 07:40:23.658: D/dalvikvm(16354): GC_CONCURRENT freed 160K, 3% free 9181K/9372K, paused 5ms+3ms, total 45ms
06-18 07:40:23.674: D/PicasaUploaderSyncManager(16341): battery info: false
06-18 07:40:23.744: D/dalvikvm(16354): GC_CONCURRENT freed 139K, 2% free 9526K/9708K, paused 2ms+2ms, total 22ms
06-18 07:40:23.767: I/ActivityThread(16354): Pub com.google.android.apps.plus.content.ApiProvider: com.google.android.apps.plus.content.EsApiProvider
06-18 07:40:23.775: I/ActivityThread(16354): Pub com.google.android.apps.plus.content.EsGooglePhotoProvider: com.google.android.picasasync.PicasaContentProvider
06-18 07:40:23.791: I/wpa_supplicant(9885): wlan0: CTRL-EVENT-ASSOC-REJECT bssid=00:26:3e:a9:b2:00 status_code=1
06-18 07:40:23.791: E/wpa_supplicant(9885): Retrying assoc: 1 
06-18 07:40:23.838: D/dalvikvm(16354): GC_CONCURRENT freed 445K, 5% free 9586K/10068K, paused 3ms+3ms, total 25ms
06-18 07:40:23.838: D/dalvikvm(16354): WAIT_FOR_CONCURRENT_GC blocked 10ms
06-18 07:40:23.853: I/ActivityThread(16354): Pub com.google.android.apps.plus.content.EsPicasaStoreProvider: com.google.android.picasastore.PicasaPhotoContentProvider
06-18 07:40:23.861: I/ActivityThread(16354): Pub com.google.plus.platform: com.google.android.apps.plus.content.AdsProvider
06-18 07:40:23.861: I/ActivityThread(16354): Pub com.google.android.apps.plus.iu.EsGoogleIuProvider: com.google.android.apps.plus.iu.InstantUploadProvider
06-18 07:40:23.900: D/dalvikvm(16354): GC_CONCURRENT freed 479K, 6% free 9613K/10128K, paused 3ms+4ms, total 26ms
06-18 07:40:23.900: D/dalvikvm(16354): WAIT_FOR_CONCURRENT_GC blocked 12ms
06-18 07:40:23.900: D/dalvikvm(16354): WAIT_FOR_CONCURRENT_GC blocked 13ms
06-18 07:40:23.932: I/ActivityThread(16354): Pub com.google.android.apps.plus.content.EsProvider: com.google.android.apps.plus.content.EsProvider
06-18 07:40:23.963: D/dalvikvm(16354): GC_CONCURRENT freed 329K, 4% free 9788K/10156K, paused 3ms+4ms, total 31ms
06-18 07:40:23.963: D/dalvikvm(16354): WAIT_FOR_CONCURRENT_GC blocked 12ms
06-18 07:40:24.041: D/dalvikvm(16354): GC_CONCURRENT freed 116K, 2% free 10136K/10304K, paused 3ms+3ms, total 27ms
06-18 07:40:24.135: D/dalvikvm(16354): GC_CONCURRENT freed 140K, 2% free 10480K/10680K, paused 2ms+3ms, total 29ms
06-18 07:40:24.135: D/dalvikvm(16354): WAIT_FOR_CONCURRENT_GC blocked 9ms
06-18 07:40:24.197: D/dalvikvm(16354): GC_FOR_ALLOC freed 305K, 4% free 10549K/10964K, paused 25ms, total 25ms
06-18 07:40:24.228: D/dalvikvm(16354): GC_FOR_ALLOC freed 62K, 4% free 10613K/10964K, paused 25ms, total 25ms
06-18 07:40:24.260: D/dalvikvm(16354): GC_FOR_ALLOC freed 126K, 5% free 10741K/11220K, paused 27ms, total 28ms
06-18 07:40:24.260: I/dalvikvm-heap(16354): Grow heap (frag case) to 10.750MB for 243450-byte allocation
06-18 07:40:24.291: D/dalvikvm(16354): GC_FOR_ALLOC freed 0K, 5% free 10979K/11460K, paused 25ms, total 25ms
06-18 07:40:24.322: D/dalvikvm(16354): GC_FOR_ALLOC freed 373K, 6% free 10853K/11460K, paused 25ms, total 26ms
06-18 07:40:24.353: D/dalvikvm(16354): GC_FOR_ALLOC freed 126K, 5% free 10981K/11460K, paused 26ms, total 26ms
06-18 07:40:24.385: D/dalvikvm(16354): GC_FOR_ALLOC freed 369K, 6% free 11091K/11700K, paused 25ms, total 25ms
06-18 07:40:24.416: D/dalvikvm(16354): GC_FOR_ALLOC freed 126K, 5% free 11219K/11700K, paused 24ms, total 24ms
06-18 07:40:24.533: D/dalvikvm(16354): GC_CONCURRENT freed 368K, 4% free 11622K/12024K, paused 5ms+3ms, total 34ms
06-18 07:40:24.580: I/wpa_supplicant(9885): wlan0: Trying to associate with 00:26:3e:a9:b2:00 (SSID='Youku_User' freq=2412 MHz)
06-18 07:40:24.736: D/dalvikvm(16354): GC_CONCURRENT freed 201K, 2% free 12340K/12572K, paused 4ms+4ms, total 46ms
06-18 07:40:24.736: D/dalvikvm(16354): WAIT_FOR_CONCURRENT_GC blocked 8ms
06-18 07:40:24.892: I/ActivityManager(389): Process com.google.android.talk (pid 16253) has died.
06-18 07:40:24.916: I/wpa_supplicant(9885): wlan0: CTRL-EVENT-ASSOC-REJECT bssid=00:26:3e:a9:b2:00 status_code=1
06-18 07:40:24.916: E/wpa_supplicant(9885): Retrying assoc: 2 
06-18 07:40:24.963: D/dalvikvm(16354): GC_CONCURRENT freed 701K, 6% free 12796K/13528K, paused 4ms+4ms, total 51ms
06-18 07:40:24.963: D/dalvikvm(16354): WAIT_FOR_CONCURRENT_GC blocked 17ms
06-18 07:40:25.111: I/WindowState(389): WIN DEATH: Window{41b3dbb8 u0 com.adobe.reader/com.adobe.reader.ARViewer}
06-18 07:40:25.119: I/ActivityManager(389): Process com.adobe.reader (pid 16859) has died.
06-18 07:40:25.275: D/dalvikvm(16354): GC_CONCURRENT freed 296K, 3% free 13810K/14136K, paused 3ms+4ms, total 60ms
06-18 07:40:25.275: D/dalvikvm(16354): WAIT_FOR_CONCURRENT_GC blocked 9ms
06-18 07:40:25.369: D/gp.PicasaPhotoCP(16354): set fsid first time:-1
06-18 07:40:25.385: D/dalvikvm(16354): Trying to load lib /data/app-lib/com.google.android.apps.plus-1/libwebp_android.so 0x415ee200
06-18 07:40:25.385: D/dalvikvm(16354): Added shared lib /data/app-lib/com.google.android.apps.plus-1/libwebp_android.so 0x415ee200
06-18 07:40:25.385: D/dalvikvm(16354): No JNI_OnLoad found in /data/app-lib/com.google.android.apps.plus-1/libwebp_android.so 0x415ee200, skipping init
06-18 07:40:25.385: D/dalvikvm(16354): Trying to load lib /data/app-lib/com.google.android.apps.plus-1/libplus_jni_v8.so 0x415ee200
06-18 07:40:25.400: D/dalvikvm(16354): Added shared lib /data/app-lib/com.google.android.apps.plus-1/libplus_jni_v8.so 0x415ee200
06-18 07:40:25.400: D/dalvikvm(16354): No JNI_OnLoad found in /data/app-lib/com.google.android.apps.plus-1/libplus_jni_v8.so 0x415ee200, skipping init
06-18 07:40:25.400: I/NativeLibrarySupport(16354): Native WEBP decoder, version=0.3.0
06-18 07:40:25.400: I/NativeLibrarySupport(16354): Native networking disabled
06-18 07:40:25.478: I/dalvikvm(16378): Turning on JNI app bug workarounds for target SDK version 8...
06-18 07:40:25.478: I/ActivityManager(389): Start proc com.letv.android.client.phone.widget for broadcast com.letv.android.client/.appwidget.WidgetProvider: pid=16378 uid=10075 gids={50075, 3003, 1015, 1028, 1006}
06-18 07:40:25.494: D/dalvikvm(16354): GC_FOR_ALLOC freed 816K, 6% free 13788K/14648K, paused 79ms, total 79ms
06-18 07:40:25.494: I/dalvikvm-heap(16354): Grow heap (frag case) to 14.521MB for 1077456-byte allocation
06-18 07:40:25.541: D/dalvikvm(16354): GC_FOR_ALLOC freed <1K, 6% free 14840K/15704K, paused 47ms, total 47ms
06-18 07:40:25.596: D/dalvikvm(16354): GC_FOR_ALLOC freed 0K, 6% free 14840K/15704K, paused 52ms, total 52ms
06-18 07:40:25.596: I/dalvikvm-heap(16354): Grow heap (frag case) to 16.256MB for 1821008-byte allocation
06-18 07:40:25.603: D/dalvikvm(16378): GC_CONCURRENT freed 174K, 3% free 9202K/9408K, paused 4ms+4ms, total 51ms
06-18 07:40:25.642: D/dalvikvm(16354): GC_FOR_ALLOC freed 0K, 5% free 16618K/17484K, paused 46ms, total 46ms
06-18 07:40:25.697: D/dalvikvm(16378): GC_CONCURRENT freed 218K, 3% free 9454K/9724K, paused 9ms+2ms, total 31ms
06-18 07:40:25.697: D/dalvikvm(16378): WAIT_FOR_CONCURRENT_GC blocked 12ms
06-18 07:40:25.705: I/wpa_supplicant(9885): wlan0: Trying to associate with 00:26:3e:a9:b2:02 (SSID='Youku_Guest' freq=2412 MHz)
06-18 07:40:25.721: E/DatabaseUtils(553): Writing exception to parcel
06-18 07:40:25.721: E/DatabaseUtils(553): java.lang.SecurityException: No permission to write APN settings: Neither user 10067 nor current process has android.permission.WRITE_APN_SETTINGS.
06-18 07:40:25.721: E/DatabaseUtils(553): 	at android.app.ContextImpl.enforce(ContextImpl.java:1541)
