?:??: W/?(?): --------- beginning of /dev/log/system
06-17 21:57:09.579: I/ActivityManager(389): Start proc com.google.android.gsf.login for service com.google.android.gsf.login/com.google.android.gsf.loginservice.GoogleLoginService: pid=11995 uid=10008 gids={50008, 3003, 1007, 1028, 1015, 1006, 2001, 3006}
06-17 21:57:09.735: D/PhoneStatusBar(459): disable: < EXPAND* icons alerts TICKER* system_info back home RECENT* clock search >
06-17 21:57:09.751: I/ActivityManager(389): Start proc com.android.providers.calendar for content provider com.android.providers.calendar/.CalendarProvider2: pid=12020 uid=10005 gids={50005, 3003, 1015, 1028}
06-17 21:57:10.204: I/ActivityManager(389): Process com.google.android.browser (pid 3683) has died.
06-17 21:57:10.204: I/WindowState(389): WIN DEATH: Window{429edda0 u0 com.google.android.browser/com.android.browser.BrowserActivity}
06-17 21:57:10.641: D/PhoneStatusBar(459): disable: < EXPAND icons alerts TICKER system_info BACK* HOME* RECENT clock search >
06-17 21:57:38.766: I/ActivityManager(389): Process com.google.android.gsf.login (pid 11995) has died.
06-17 21:58:24.407: W/ThrottleService(389): unable to find stats for iface rmnet0
06-17 21:58:28.063: I/ActivityManager(389): Start proc com.youdao.dict:yddictreview for service com.youdao.dict/.review.DictReviewTaskNotifyService: pid=25585 uid=10082 gids={50082, 3003, 1015, 1006, 1028}
06-17 21:58:28.431: W/ActivityManager(389): Unable to start service Intent { act=com.google.android.gms.analytics.service.START (has extras) } U=0: not found
06-17 21:58:28.556: I/ActivityManager(389): Process com.youdao.dict:yddictreview (pid 25585) has died.
06-17 22:00:00.446: I/PowerManagerService(389): Waking up from sleep...
06-17 22:00:00.532: I/WindowManager(389): Lock screen displayed!
06-17 22:00:02.024: D/PhoneStatusBar(459): disable: < expand* icons alerts ticker* system_info BACK HOME recent* clock search >
06-17 22:00:02.079: D/PhoneStatusBar(459): disable: < expand icons alerts ticker system_info back* home* recent clock search >
06-17 22:00:02.196: I/ActivityManager(389): Start proc com.letv.android.client.phone.widget for broadcast com.letv.android.client/.appwidget.WidgetProvider: pid=9896 uid=10075 gids={50075, 3003, 1015, 1028, 1006}
06-17 22:00:02.235: W/InputMethodManagerService(389): Window already focused, ignoring focus gain of: com.android.internal.view.IInputMethodClient$Stub$Proxy@42894070 attribute=android.view.inputmethod.EditorInfo@42899b28, token = android.os.BinderProxy@42485f60
06-17 22:00:03.306: I/ActivityManager(389): Process com.letv.android.client.phone.widget (pid 9896) has died.
06-17 22:00:06.790: I/ActivityManager(389): Start proc com.moji.mjweather for broadcast com.moji.mjweather/.CMojiWidget4x1: pid=10643 uid=10079 gids={50079, 3003, 1015, 1028}
06-17 22:00:09.946: I/ActivityManager(389): START u0 {act=com.android.systemui.recent.action.TOGGLE_RECENTS flg=0x10800000 cmp=com.android.systemui/.recent.RecentsActivity (has extras)} from pid 459
06-17 22:00:14.063: I/ActivityManager(389): Start proc com.clov4r.android.nil for activity com.clov4r.android.nil/.MainActivity: pid=11901 uid=10093 gids={50093, 3003, 1015, 1028}
06-17 22:00:14.852: I/ActivityManager(389): START u0 {cmp=com.clov4r.android.nil/.entrance.WelcomeActivity} from pid 11901
06-17 22:00:15.352: W/ActivityManager(389): Activity pause timeout for ActivityRecord{424cfb58 u0 com.clov4r.android.nil/.MainActivity}
06-17 22:00:23.141: W/InputMethodManagerService(389): Window already focused, ignoring focus gain of: com.android.internal.view.IInputMethodClient$Stub$Proxy@427077f0 attribute=android.view.inputmethod.EditorInfo@4161fd20, token = android.os.BinderProxy@41a1fce8
06-17 22:00:24.634: I/ActivityManager(389): START u0 {cmp=com.clov4r.android.nil/.CMPlayer (has extras)} from pid 11901
06-17 22:00:24.634: W/ActivityManager(389): Activity is launching as a new task, so cancelling activity result.
06-17 22:00:24.993: I/ActivityManager(389): Config changed: {1.0 460mcc2mnc zh_CN ldltr sw360dp w598dp h335dp 320dpi nrml land finger -keyb/v/h -nav/h s.167}
06-17 22:00:25.727: I/ActivityManager(389): Process com.google.android.calendar (pid 11975) has died.
06-17 22:00:26.774: I/ActivityManager(389): Config changed: {1.0 460mcc2mnc zh_CN ldltr sw360dp w598dp h335dp 320dpi nrml land finger -keyb/v/h -nav/h s.168}
06-17 22:00:28.024: I/ActivityManager(389): Config changed: {1.0 460mcc2mnc zh_CN ldltr sw360dp w598dp h335dp 320dpi nrml land finger -keyb/v/h -nav/h s.169}
06-17 22:03:28.657: I/ActivityManager(389): Start proc com.youdao.dict:yddictreview for service com.youdao.dict/.review.DictReviewTaskNotifyService: pid=13514 uid=10082 gids={50082, 3003, 1015, 1006, 1028}
06-17 22:03:29.181: W/ActivityManager(389): Unable to start service Intent { act=com.google.android.gms.analytics.service.START (has extras) } U=0: not found
06-17 22:03:29.306: I/ActivityManager(389): Process com.youdao.dict:yddictreview (pid 13514) has died.
06-17 22:08:24.407: W/ThrottleService(389): unable to find stats for iface rmnet0
06-17 22:12:10.352: W/ActivityManager(389): Duplicate finish request for ActivityRecord{429a9a60 u0 com.clov4r.android.nil/.CMPlayer}
06-17 22:12:11.595: I/ActivityManager(389): Config changed: {1.0 460mcc2mnc zh_CN ldltr sw360dp w360dp h567dp 320dpi nrml port finger -keyb/v/h -nav/h s.170}
06-17 22:12:14.634: I/ActivityManager(389): Config changed: {1.0 460mcc2mnc zh_CN ldltr sw360dp w598dp h335dp 320dpi nrml land finger -keyb/v/h -nav/h s.171}
06-17 22:12:16.431: I/PowerManagerService(389): Going to sleep by user request...
06-17 22:12:17.352: I/ActivityManager(389): Config changed: {1.0 460mcc2mnc zh_CN ldltr sw360dp w360dp h567dp 320dpi nrml port finger -keyb/v/h -nav/h s.172}
06-17 22:12:17.665: I/ActivityManager(389): Process com.android.providers.calendar (pid 12020) has died.
06-17 22:12:17.829: I/ActivityManager(389): Process com.moji.mjweather (pid 10643) has died.
06-17 22:12:18.173: I/ActivityManager(389): Start proc com.google.android.calendar for service com.google.android.calendar/com.android.calendar.widget.CalendarAppWidgetService: pid=31927 uid=10004 gids={50004, 3003, 1028}
06-17 22:12:18.329: W/ActivityManager(389): Activity pause timeout for ActivityRecord{424cfb58 u0 com.clov4r.android.nil/.MainActivity}
06-17 22:12:18.407: I/ActivityManager(389): Start proc com.google.android.gsf.login for service com.google.android.gsf.login/com.google.android.gsf.loginservice.GoogleLoginService: pid=31955 uid=10008 gids={50008, 3003, 1007, 1028, 1015, 1006, 2001, 3006}
06-17 22:12:18.548: I/WindowState(389): WIN DEATH: Window{4234be30 u0 com.android.providers.downloads.ui/com.android.providers.downloads.ui.DownloadList}
06-17 22:12:18.548: I/ActivityManager(389): Process android.process.media (pid 2584) has died.
06-17 22:12:18.618: D/PhoneStatusBar(459): disable: < EXPAND* icons alerts TICKER* system_info back home RECENT* clock search >
06-17 22:12:18.657: V/WiredAccessoryManager(389): Headset UEVENT: {SUBSYSTEM=switch, SWITCH_STATE=0, DEVPATH=/devices/virtual/switch/h2w, SEQNUM=1343101, ACTION=change, SWITCH_NAME=h2w, SWITCH_TIME=57667616978806}
06-17 22:12:18.657: V/WiredAccessoryManager(389): newName=h2w newState=0 headsetState=0 prev headsetState=2
06-17 22:12:18.657: V/WiredAccessoryManager(389): device h2w disconnected
06-17 22:12:18.696: I/ActivityManager(389): Start proc com.google.android.music:main for broadcast com.google.android.music/.MediaButtonIntentReceiver: pid=31980 uid=10033 gids={50033, 3003, 1015, 1028}
06-17 22:12:18.954: I/ActivityManager(389): Process com.google.process.location (pid 22869) has died.
06-17 22:12:18.954: W/ActivityManager(389): Scheduling restart of crashed service com.google.android.location/.NetworkLocationService in 5000ms
06-17 22:12:18.954: W/ActivityManager(389): Scheduling restart of crashed service com.google.android.location/.GeocodeService in 15000ms
06-17 22:12:19.259: W/WindowManager(389): Window freeze timeout expired.
06-17 22:12:19.259: W/WindowManager(389): Force clearing orientation change: Window{41ae0358 u0 Keyguard}
06-17 22:12:19.259: W/WindowManager(389): Force clearing orientation change: Window{42026f80 u0 com.android.systemui.ImageWallpaper}
06-17 22:12:19.337: I/ActivityManager(389): Start proc com.android.providers.calendar for content provider com.android.providers.calendar/.CalendarProvider2: pid=32005 uid=10005 gids={50005, 3003, 1015, 1028}
06-17 22:12:19.548: D/PhoneStatusBar(459): disable: < EXPAND icons alerts TICKER system_info BACK* HOME* RECENT clock search >
06-17 22:12:19.704: W/InputMethodManagerService(389): Starting input on non-focused client com.android.internal.view.IInputMethodClient$Stub$Proxy@41ada398 (uid=10093 pid=11901)
06-17 22:12:19.868: I/ActivityManager(389): Start proc flipboard.cn for broadcast flipboard.cn/flipboard.service.audio.MediaPlayerService$MusicIntentReceiver: pid=32063 uid=10081 gids={50081, 3003, 1015, 1028}
06-17 22:12:23.977: I/ActivityManager(389): Start proc com.google.process.location for service com.google.android.location/.NetworkLocationService: pid=32703 uid=10008 gids={50008, 3003, 1007, 1028, 1015, 1006, 2001, 3006}
06-17 22:12:26.009: I/ActivityManager(389): Start proc com.android.musicfx for broadcast com.android.musicfx/.ControlPanelReceiver: pid=733 uid=10034 gids={50034, 3003, 3002, 1028}
06-17 22:20:33.368: W/ThrottleService(389): unable to find stats for iface rmnet0
06-17 22:27:04.972: D/ConnectivityService(389): Captive portal check NetworkInfo: type: WIFI[], state: CONNECTING/CAPTIVE_PORTAL_CHECK, reason: (unspecified), extra: "TP-LINK_22EF8E", roaming: false, failover: false, isAvailable: true
06-17 22:27:04.972: D/ConnectivityService(389): Captive portal check NetworkInfo: type: WIFI[], state: CONNECTING/CAPTIVE_PORTAL_CHECK, reason: (unspecified), extra: "TP-LINK_22EF8E", roaming: false, failover: false, isAvailable: true
06-17 22:27:04.980: D/ConnectivityService(389): ConnectivityChange for WIFI: CONNECTED/CONNECTED
06-17 22:27:05.027: D/ConnectivityService(389): ConnectivityChange for WIFI: CONNECTED/CONNECTED
06-17 22:27:05.035: D/ConnectivityService(389): handleConnectivityChange: address are the same reset per doReset linkProperty[1]: resetMask=0
06-17 22:27:08.050: I/ActivityManager(389): Start proc android.process.media for broadcast com.android.providers.downloads/.DownloadReceiver: pid=3459 uid=10011 gids={50011, 1015, 1023, 1024, 1028, 2001, 3003, 3007}
06-17 22:27:08.769: I/ActivityManager(389): Start proc com.google.android.gallery3d for broadcast com.google.android.gallery3d/com.google.android.picasasync.ConnectivityReceiver: pid=3483 uid=10015 gids={50015, 1006, 3003, 1015, 1028}
06-17 22:27:09.410: I/ActivityManager(389): Start proc com.google.android.apps.uploader for broadcast com.google.android.apps.uploader/com.google.android.picasasync.ConnectivityReceiver: pid=3501 uid=10031 gids={50031, 3003, 1015, 1028}
06-17 22:27:09.793: I/ActivityManager(389): Start proc com.google.android.apps.plus for broadcast com.google.android.apps.plus/.service.ConnectivityReceiver: pid=3518 uid=10040 gids={50040, 3003, 3002, 1015, 1006, 1028}
06-17 22:27:10.886: I/ActivityManager(389): Start proc android.process.acore for content provider com.android.providers.contacts/.ContactsProvider2: pid=3541 uid=10000 gids={50000, 3003, 1015, 1028}
06-17 22:27:11.332: D/ConnectivityService(389): handleInetConditionHoldEnd: net=1, condition=100, published condition=0
06-17 22:27:11.816: I/ActivityManager(389): Process flipboard.cn (pid 32063) has died.
06-17 22:27:13.027: I/ActivityManager(389): Start proc com.google.android.youtube for broadcast com.google.android.youtube/.app.prefetch.PrefetchService$DeviceStateReceiver: pid=3563 uid=10054 gids={50054, 3003, 1015, 1006, 1028}
06-17 22:27:13.222: I/ActivityManager(389): Process com.google.android.music:main (pid 31980) has died.
06-17 22:27:13.347: I/ActivityManager(389): Process com.letv.android.client:pushService (pid 3933) has died.
06-17 22:27:15.488: I/ActivityManager(389): Start proc com.myzaker.ZAKER_Phone for broadcast com.myzaker.ZAKER_Phone/.ZakerActionReciever: pid=3602 uid=10068 gids={50068, 3003, 1015, 1028}
06-17 22:27:15.949: I/ActivityManager(389): Start proc com.letv.android.client.phone.widget for broadcast com.letv.android.client/.appwidget.WidgetProvider: pid=3622 uid=10075 gids={50075, 3003, 1015, 1028, 1006}
06-17 22:27:16.965: I/ActivityManager(389): Process com.letv.android.client.phone.widget (pid 3622) has died.
06-17 22:27:18.504: I/ActivityManager(389): Start proc com.moji.mjweather for broadcast com.moji.mjweather/.receiver.MojiReceiver: pid=3647 uid=10079 gids={50079, 3003, 1015, 1028}
06-17 22:27:18.980: I/ActivityManager(389): Start proc com.qiyi.video.market:pushservice_v1 for broadcast com.qiyi.video.market/com.baidu.android.pushservice.PushServiceReceiver: pid=3663 uid=10080 gids={50080, 3003, 1015, 1028}
06-17 22:27:19.160: I/ActivityManager(389): Process com.google.android.apps.plus (pid 3518) has died.
06-17 22:27:19.574: I/ActivityManager(389): Start proc com.youdao.dict:yddictpush for broadcast com.youdao.dict/.backend.AwakeReceiver: pid=3694 uid=10082 gids={50082, 3003, 1015, 1006, 1028}
06-17 22:27:19.675: I/ActivityManager(389): Process com.qiyi.video.market:pushservice_v1 (pid 3663) has died.
06-17 22:27:19.925: W/ActivityManager(389): Unable to start service Intent { act=com.google.android.gms.analytics.service.START (has extras) } U=0: not found
06-17 22:27:19.988: I/ActivityManager(389): Start proc com.qvod.player:checkService for broadcast com.qvod.player/.core.ad.notification.TimingReceiver: pid=3720 uid=10083 gids={50083, 3003, 1015, 1028}
06-17 22:27:20.004: I/ActivityManager(389): Process com.youdao.dict:yddictpush (pid 3694) has died.
06-17 22:27:20.402: I/ActivityManager(389): Process com.qvod.player:checkService (pid 3720) has died.
06-17 22:27:20.894: W/ActivityManager(389): Unable to start service Intent { act=com.google.android.gms.analytics.service.START (has extras) } U=0: not found
06-17 22:27:25.863: I/ActivityManager(389): Start proc com.google.android.apps.plus for broadcast com.google.android.apps.plus/.service.ConnectivityReceiver: pid=3746 uid=10040 gids={50040, 3003, 3002, 1015, 1006, 1028}
06-17 22:27:25.894: W/ActivityManager(389): Unable to start service Intent { act=com.google.android.gms.analytics.service.START (has extras) } U=0: not found
06-17 22:27:27.793: I/ActivityManager(389): Start proc com.letv.android.client.phone.widget for broadcast com.letv.android.client/.appwidget.WidgetProvider: pid=3768 uid=10075 gids={50075, 3003, 1015, 1028, 1006}
06-17 22:27:28.019: I/ActivityManager(389): Process android.process.acore (pid 3541) has died.
06-17 22:27:28.550: I/ActivityManager(389): Process com.google.android.gallery3d (pid 3483) has died.
06-17 22:27:28.566: I/ActivityManager(389): Process com.letv.android.client.phone.widget (pid 3768) has died.
06-17 22:27:28.660: I/ActivityManager(389): Start proc com.qiyi.video.market:pushservice_v1 for broadcast com.qiyi.video.market/com.baidu.android.pushservice.PushServiceReceiver: pid=3787 uid=10080 gids={50080, 3003, 1015, 1028}
06-17 22:27:29.019: I/ActivityManager(389): Start proc com.youdao.dict:yddictpush for broadcast com.youdao.dict/.backend.AwakeReceiver: pid=3818 uid=10082 gids={50082, 3003, 1015, 1006, 1028}
06-17 22:27:29.113: I/ActivityManager(389): Process com.qiyi.video.market:pushservice_v1 (pid 3787) has died.
06-17 22:27:29.254: W/ActivityManager(389): Unable to start service Intent { act=com.google.android.gms.analytics.service.START (has extras) } U=0: not found
06-17 22:27:29.324: I/ActivityManager(389): Start proc com.qvod.player:checkService for broadcast com.qvod.player/.core.ad.notification.TimingReceiver: pid=3844 uid=10083 gids={50083, 3003, 1015, 1028}
06-17 22:27:29.340: I/ActivityManager(389): Process com.youdao.dict:yddictpush (pid 3818) has died.
06-17 22:27:29.535: I/ActivityManager(389): Process com.qvod.player:checkService (pid 3844) has died.
06-17 22:27:35.746: I/ActivityManager(389): Start proc com.google.android.talk for broadcast com.google.android.talk/.ConnectionStateOnlineReceiver: pid=3860 uid=10047 gids={50047, 3003, 1015, 1006, 1028, 3002}
06-17 22:27:36.058: I/ActivityManager(389): Start proc com.tencent.mm for broadcast com.tencent.mm/.booter.NotifyReceiver: pid=3879 uid=10077 gids={50077, 1006, 3003, 1015, 3002, 3001, 1028}
06-17 22:27:37.816: E/ActivityThread(3879): Failed to find provider info for com.tencent.mm.coolassist.debugprovider
06-17 22:27:40.449: I/ActivityManager(389): Process com.google.android.apps.plus (pid 3746) has died.
06-17 22:30:39.415: W/ThrottleService(389): unable to find stats for iface rmnet0
06-17 22:37:05.024: I/ActivityManager(389): Start proc com.letv.android.client:pushService for service com.letv.android.client/.push.LetvPushService: pid=3942 uid=10075 gids={50075, 3003, 1015, 1028, 1006}
06-17 22:42:10.360: W/ThrottleService(389): unable to find stats for iface rmnet0
06-17 22:42:20.793: I/PowerManagerService(389): Waking up from sleep...
06-17 22:42:20.855: I/WindowManager(389): Lock screen displayed!
06-17 22:42:26.293: D/PhoneStatusBar(459): disable: < expand* icons alerts ticker* system_info BACK HOME recent* clock search >
06-17 22:42:26.355: I/ActivityManager(389): Start proc com.letv.android.client.phone.widget for broadcast com.letv.android.client/.appwidget.WidgetProvider: pid=4000 uid=10075 gids={50075, 3003, 1015, 1028, 1006}
06-17 22:42:26.402: D/PhoneStatusBar(459): disable: < expand icons alerts ticker system_info back* home* recent clock search >
06-17 22:42:26.441: W/InputMethodManagerService(389): Window already focused, ignoring focus gain of: com.android.internal.view.IInputMethodClient$Stub$Proxy@41bf90c8 attribute=android.view.inputmethod.EditorInfo@42074da8, token = android.os.BinderProxy@41a1fce8
06-17 22:42:27.074: I/ActivityManager(389): Process com.letv.android.client.phone.widget (pid 4000) has died.
06-17 22:42:27.410: I/ActivityManager(389): START u0 {act=android.intent.action.MAIN cat=[android.intent.category.HOME] flg=0x10200000 cmp=com.android.launcher/com.android.launcher2.Launcher} from pid 389
06-17 22:42:30.121: W/InputMethodManagerService(389): Window already focused, ignoring focus gain of: com.android.internal.view.IInputMethodClient$Stub$Proxy@41ca0868 attribute=null, token = android.os.BinderProxy@42978190
06-17 22:42:32.277: I/ActivityManager(389): START u0 {act=android.intent.action.MAIN cat=[android.intent.category.LAUNCHER] flg=0x10200000 cmp=com.android.mms/.ui.ConversationList bnds=[424,1040][552,1168]} from pid 579
06-17 22:42:32.355: I/ActivityManager(389): Start proc com.android.mms for activity com.android.mms/.ui.ConversationList: pid=4037 uid=10032 gids={50032, 3003, 1015, 1028}
06-17 22:42:32.496: D/CountryDetector(389): The first listener is added
06-17 22:42:32.887: I/ActivityManager(389): Start proc android.process.acore for content provider com.android.providers.contacts/.ContactsProvider2: pid=4059 uid=10000 gids={50000, 3003, 1015, 1028}
06-17 22:42:36.035: I/ActivityManager(389): START u0 {dat=content://mms-sms/conversations/7 cmp=com.android.mms/.ui.ComposeMessageActivity} from pid 4037
06-17 22:42:36.676: I/ActivityManager(389): Process com.letv.android.client:pushService (pid 3942) has died.
06-17 22:42:37.801: I/ActivityManager(389): Process com.tencent.mm (pid 3879) has died.
06-17 22:42:39.730: I/ActivityManager(389): Process com.google.android.talk (pid 3860) has died.
06-17 22:42:49.215: I/ActivityManager(389): START u0 {act=android.intent.action.MAIN cat=[android.intent.category.HOME] flg=0x10200000 cmp=com.android.launcher/com.android.launcher2.Launcher} from pid 389
06-17 22:42:50.887: I/ActivityManager(389): START u0 {act=android.intent.action.MAIN cat=[android.intent.category.LAUNCHER] flg=0x10200000 cmp=com.sina.weibo/.SplashActivity bnds=[64,482][212,646]} from pid 579
06-17 22:42:53.746: I/ActivityManager(389): Process android.process.media (pid 3459) has died.
06-17 22:42:53.777: I/ActivityManager(389): START u0 {cmp=com.sina.weibo/.ImageViewer (has extras)} from pid 12695
06-17 22:42:53.840: I/ActivityManager(389): Start proc com.sina.weibo.image for activity com.sina.weibo/.ImageViewer: pid=4147 uid=10067 gids={50067, 1006, 3003, 1015, 1028}
06-17 22:42:54.465: I/ActivityManager(389): Start proc com.tencent.mm for broadcast com.tencent.mm/.plugin.base.stub.WXEntryActivity$EntryReceiver: pid=4177 uid=10077 gids={50077, 1006, 3003, 1015, 3002, 3001, 1028}
06-17 22:42:55.582: E/ActivityThread(4177): Failed to find provider info for com.tencent.mm.coolassist.debugprovider
06-17 22:42:55.879: I/ActivityManager(389): Process com.google.android.email (pid 7700) has died.
06-17 22:42:55.996: I/ActivityManager(389): Process com.google.android.apps.uploader (pid 3501) has died.
06-17 22:42:56.965: I/ActivityManager(389): Process com.android.providers.calendar (pid 32005) has died.
06-17 22:42:58.840: I/ActivityManager(389): Process com.google.android.deskclock (pid 11964) has died.
06-17 22:43:05.426: I/ActivityManager(389): Process com.myzaker.ZAKER_Phone (pid 3602) has died.
06-17 22:43:05.660: I/ActivityManager(389): Process com.google.android.gsf.login (pid 31955) has died.
06-17 22:43:05.887: I/ActivityManager(389): START u0 {cmp=com.sina.weibo/.DetailWeiboActivity (has extras)} from pid 12695
06-17 22:43:05.902: W/ActivityManager(389): Activity stop timeout for ActivityRecord{4161ab20 u0 com.sina.weibo/.MainTabActivity}
06-17 22:43:05.933: I/ActivityManager(389): Activity reported stop, but no longer stopping: ActivityRecord{4161ab20 u0 com.sina.weibo/.MainTabActivity}
06-17 22:43:06.777: I/ActivityManager(389): Process com.android.musicfx (pid 733) has died.
06-17 22:43:13.832: I/ActivityManager(389): START u0 {cmp=com.sina.weibo/.ImageViewer (has extras)} from pid 12695
06-17 22:43:17.144: W/ActivityManager(389): Activity stop timeout for ActivityRecord{4161ab20 u0 com.sina.weibo/.MainTabActivity}
06-17 22:43:41.691: I/ActivityManager(389): Start proc android.process.media for content provider com.android.providers.media/.MediaProvider: pid=4278 uid=10011 gids={50011, 1015, 1023, 1024, 1028, 2001, 3003, 3007}
06-17 22:43:45.191: I/ActivityManager(389): START u0 {act=android.intent.action.MAIN cat=[android.intent.category.LAUNCHER] flg=0x1000c000 cmp=com.android.mms/.ui.ConversationList} from pid -1
06-17 22:43:45.262: I/ActivityManager(389): START u0 {dat=content://mms-sms/conversations/7 flg=0x34000000 cmp=com.android.mms/.ui.ComposeMessageActivity bnds=[0,102][720,234]} from pid -1
06-17 22:43:45.512: I/ActivityManager(389): Process com.moji.mjweather (pid 3647) has died.
06-17 22:43:52.652: V/DeadZone(459): consuming errant click: (60.0,5.0)
06-17 22:43:56.324: W/ActivityManager(389): Activity stop timeout for ActivityRecord{4161ab20 u0 com.sina.weibo/.MainTabActivity}
06-17 22:44:08.379: I/ActivityManager(389): START u0 {act=android.intent.action.MAIN cat=[android.intent.category.HOME] flg=0x10200000 cmp=com.android.launcher/com.android.launcher2.Launcher} from pid 389
06-17 22:44:10.144: I/ActivityManager(389): START u0 {act=android.intent.action.MAIN cat=[android.intent.category.LAUNCHER] flg=0x10200000 cmp=com.sina.weibo/.SplashActivity bnds=[64,482][212,646]} from pid 579
06-17 22:44:28.402: I/ActivityManager(389): START u0 {flg=0x20000000 cmp=com.sina.weibo/.WeiboBrowser (has extras)} from pid 12695
06-17 22:44:28.566: I/ActivityManager(389): Start proc com.sina.weibo.browser for activity com.sina.weibo/.WeiboBrowser: pid=4357 uid=10067 gids={50067, 1006, 3003, 1015, 1028}
06-17 22:44:29.058: I/ActivityManager(389): No longer want com.tencent.qqlive (pid 25494): empty for 1800s
06-17 22:44:29.074: W/ActivityManager(389): Scheduling restart of crashed service com.tencent.qqlive/com.tencent.qqlivecore.pushmessage.PMService in 5000ms
06-17 22:44:34.097: I/ActivityManager(389): Start proc com.tencent.qqlive for service com.tencent.qqlive/com.tencent.qqlivecore.pushmessage.PMService: pid=4400 uid=10085 gids={50085, 3003, 1015, 1028}
06-17 22:44:40.512: W/ActivityManager(389): Activity stop timeout for ActivityRecord{4161ab20 u0 com.sina.weibo/.MainTabActivity}
06-17 22:44:45.004: I/WindowState(389): WIN DEATH: Window{41cb5f00 u0 com.youku.phone/com.youku.ui.activity.CachePageActivity}
06-17 22:44:45.004: I/ActivityManager(389): Process com.youku.phone (pid 20346) has died.
06-17 22:44:45.004: W/ActivityManager(389): Scheduling restart of crashed service com.youku.phone/com.youku.iku.GetIkuNotifyIntentService in 5000ms
06-17 22:44:45.004: W/ActivityManager(389): Scheduling restart of crashed service com.youku.phone/com.youku.push.PushService in 5000ms
06-17 22:44:45.012: I/WindowState(389): WIN DEATH: Window{421cb508 u0 com.youku.phone/com.youku.ui.activity.NewDetailActivity}
06-17 22:44:45.012: W/WindowManager(389): Force-removing child win Window{421e7118 u0 SurfaceView} from container Window{421cb508 u0 com.youku.phone/com.youku.ui.activity.NewDetailActivity}
06-17 22:44:45.058: W/WindowManager(389): Failed looking up window
06-17 22:44:45.058: W/WindowManager(389): java.lang.IllegalArgumentException: Requested window android.os.BinderProxy@421ecc78 does not exist
06-17 22:44:45.058: W/WindowManager(389): 	at com.android.server.wm.WindowManagerService.windowForClientLocked(WindowManagerService.java:8051)
06-17 22:44:45.058: W/WindowManager(389): 	at com.android.server.wm.WindowManagerService.windowForClientLocked(WindowManagerService.java:8042)
06-17 22:44:45.058: W/WindowManager(389): 	at com.android.server.wm.WindowState$DeathRecipient.binderDied(WindowState.java:913)
06-17 22:44:45.058: W/WindowManager(389): 	at android.os.BinderProxy.sendDeathNotice(Binder.java:433)
06-17 22:44:45.058: W/WindowManager(389): 	at dalvik.system.NativeStart.run(Native Method)
06-17 22:44:45.058: I/WindowState(389): WIN DEATH: null
06-17 22:44:50.019: I/ActivityManager(389): Start proc com.youku.phone for service com.youku.phone/com.youku.push.PushService: pid=4456 uid=10064 gids={50064, 3003, 1006, 1015, 1028}
06-17 22:45:04.090: W/InputMethodManagerService(389): Window already focused, ignoring focus gain of: com.android.internal.view.IInputMethodClient$Stub$Proxy@41ac9a78 attribute=null, token = android.os.BinderProxy@41aaff70
06-17 22:46:00.613: V/DeadZone(459): consuming errant click: (194.0,4.0)
06-17 22:46:03.941: I/ActivityManager(389): Process com.google.android.calendar (pid 31927) has died.
06-17 22:47:09.051: I/ActivityManager(389): Start proc com.letv.android.client:pushService for service com.letv.android.client/.push.LetvPushService: pid=4537 uid=10075 gids={50075, 3003, 1015, 1028, 1006}
06-17 22:47:10.043: I/ActivityManager(389): Process com.sina.weibo.image (pid 4147) has died.
06-17 22:47:27.785: I/ActivityManager(389): Start proc com.myzaker.ZAKER_Phone for broadcast com.myzaker.ZAKER_Phone/.ZakerActionReciever: pid=4565 uid=10068 gids={50068, 3003, 1015, 1028}
06-17 22:47:33.074: W/ActivityManager(389): Unable to start service Intent { act=com.google.android.gms.analytics.service.START (has extras) } U=0: not found
06-17 22:47:38.082: W/ActivityManager(389): Unable to start service Intent { act=com.google.android.gms.analytics.service.START (has extras) } U=0: not found
06-17 22:47:44.183: I/ActivityManager(389): START u0 {cmp=com.sina.weibo/.ImageViewer (has extras)} from pid 12695
06-17 22:47:44.269: I/ActivityManager(389): Start proc com.sina.weibo.image for activity com.sina.weibo/.ImageViewer: pid=4591 uid=10067 gids={50067, 1006, 3003, 1015, 1028}
06-17 22:47:44.394: I/ActivityManager(389): Config changed: {1.0 460mcc2mnc zh_CN ldltr sw360dp w598dp h335dp 320dpi nrml land finger -keyb/v/h -nav/h s.173}
06-17 22:47:45.012: I/ActivityManager(389): Process android.process.media (pid 4278) has died.
06-17 22:47:45.340: I/ActivityManager(389): Config changed: {1.0 460mcc2mnc zh_CN ldltr sw360dp w360dp h567dp 320dpi nrml port finger -keyb/v/h -nav/h s.174}
06-17 22:47:54.144: I/ActivityManager(389): Process android.process.acore (pid 4059) has died.
06-17 22:48:13.277: I/ActivityManager(389): START u0 {cmp=com.sina.weibo/.ImageViewer (has extras)} from pid 12695
06-17 22:48:13.441: I/ActivityManager(389): Config changed: {1.0 460mcc2mnc zh_CN ldltr sw360dp w598dp h335dp 320dpi nrml land finger -keyb/v/h -nav/h s.175}
06-17 22:48:13.590: I/ActivityManager(389): Config changed: {1.0 460mcc2mnc zh_CN ldltr sw360dp w360dp h567dp 320dpi nrml port finger -keyb/v/h -nav/h s.176}
06-17 22:48:18.551: I/ActivityManager(389): Start proc android.process.media for content provider com.android.providers.media/.MediaProvider: pid=4650 uid=10011 gids={50011, 1015, 1023, 1024, 1028, 2001, 3003, 3007}
06-17 22:48:32.480: I/ActivityManager(389): Process com.google.android.youtube (pid 3563) has died.
06-17 22:48:32.683: I/ActivityManager(389): Process com.sina.weibo.browser (pid 4357) has died.
06-17 22:48:37.340: W/InputMethodManagerService(389): Window already focused, ignoring focus gain of: com.android.internal.view.IInputMethodClient$Stub$Proxy@41c72328 attribute=null, token = android.os.BinderProxy@42048a88
06-17 22:49:52.176: I/ActivityManager(389): START u0 {cmp=com.sina.weibo/.ImageViewer (has extras)} from pid 12695
06-17 22:49:52.324: I/ActivityManager(389): Config changed: {1.0 460mcc2mnc zh_CN ldltr sw360dp w598dp h335dp 320dpi nrml land finger -keyb/v/h -nav/h s.177}
06-17 22:49:52.488: I/ActivityManager(389): Config changed: {1.0 460mcc2mnc zh_CN ldltr sw360dp w360dp h567dp 320dpi nrml port finger -keyb/v/h -nav/h s.178}
06-17 22:50:43.121: I/ActivityManager(389): START u0 {cmp=com.sina.weibo/.ImageViewer (has extras)} from pid 12695
06-17 22:51:37.933: I/ActivityManager(389): START u0 {cmp=com.sina.weibo/.ImageViewer (has extras)} from pid 12695
06-17 22:51:39.441: I/ActivityManager(389): START u0 {cmp=com.sina.weibo/.ImageViewer (has extras)} from pid 12695
06-17 22:52:10.379: W/ThrottleService(389): unable to find stats for iface rmnet0
06-17 22:52:53.285: I/ActivityManager(389): START u0 {cmp=com.sina.weibo/.DetailWeiboActivity (has extras)} from pid 12695
06-17 22:52:53.433: I/ActivityManager(389): Config changed: {1.0 460mcc2mnc zh_CN ldltr sw360dp w598dp h335dp 320dpi nrml land finger -keyb/v/h -nav/h s.179}
06-17 22:52:53.738: I/ActivityManager(389): Config changed: {1.0 460mcc2mnc zh_CN ldltr sw360dp w360dp h567dp 320dpi nrml port finger -keyb/v/h -nav/h s.180}
06-17 22:53:32.527: I/ActivityManager(389): Start proc com.sohu.sohuvideo for service com.sohu.sohuvideo/.service.SohuVideoService: pid=4810 uid=10088 gids={50088, 1015, 3003, 1028}
06-17 22:54:00.933: I/ActivityManager(389): START u0 {cmp=com.sina.weibo/.ImageViewer (has extras)} from pid 12695
06-17 22:54:01.082: I/ActivityManager(389): Config changed: {1.0 460mcc2mnc zh_CN ldltr sw360dp w598dp h335dp 320dpi nrml land finger -keyb/v/h -nav/h s.181}
06-17 22:54:01.199: I/ActivityManager(389): Config changed: {1.0 460mcc2mnc zh_CN ldltr sw360dp w360dp h567dp 320dpi nrml port finger -keyb/v/h -nav/h s.182}
06-17 22:54:23.769: I/ActivityManager(389): START u0 {cmp=com.sina.weibo/.ImageViewer (has extras)} from pid 12695
06-17 22:54:23.918: I/ActivityManager(389): Config changed: {1.0 460mcc2mnc zh_CN ldltr sw360dp w598dp h335dp 320dpi nrml land finger -keyb/v/h -nav/h s.183}
06-17 22:54:24.058: I/ActivityManager(389): Config changed: {1.0 460mcc2mnc zh_CN ldltr sw360dp w360dp h567dp 320dpi nrml port finger -keyb/v/h -nav/h s.184}
06-17 22:54:34.613: W/ActivityManager(389): Activity stop timeout for ActivityRecord{4161ab20 u0 com.sina.weibo/.MainTabActivity}
06-17 22:54:34.613: I/ActivityManager(389): Activity reported stop, but no longer stopping: ActivityRecord{4161ab20 u0 com.sina.weibo/.MainTabActivity}
06-17 22:54:38.012: I/ActivityManager(389): START u0 {act=android.intent.action.MAIN cat=[android.intent.category.HOME] flg=0x10200000 cmp=com.android.launcher/com.android.launcher2.Launcher} from pid 389
06-17 22:54:38.449: I/ActivityManager(389): START u0 {act=com.android.systemui.recent.action.TOGGLE_RECENTS flg=0x10800000 cmp=com.android.systemui/.recent.RecentsActivity} from pid 459
06-17 22:54:38.582: I/ActivityManager(389): Config changed: {1.0 460mcc2mnc zh_CN ldltr sw360dp w598dp h335dp 320dpi nrml land finger -keyb/v/h -nav/h s.185}
06-17 22:54:42.629: I/ActivityManager(389): Config changed: {1.0 460mcc2mnc zh_CN ldltr sw360dp w360dp h567dp 320dpi nrml port finger -keyb/v/h -nav/h s.186}
06-17 22:54:42.941: I/ActivityManager(389): Process com.letv.android.client:pushService (pid 4537) has died.
06-17 22:54:44.254: I/ActivityManager(389): Config changed: {1.0 460mcc2mnc zh_CN ldltr sw360dp w598dp h335dp 320dpi nrml land finger -keyb/v/h -nav/h s.187}
06-17 22:54:44.316: I/ActivityManager(389): Config changed: {1.0 460mcc2mnc zh_CN ldltr sw360dp w598dp h335dp 320dpi nrml land finger -keyb/v/h -nav/h s.188}
06-17 22:54:44.910: I/ActivityManager(389): Config changed: {1.0 460mcc2mnc zh_CN ldltr sw360dp w598dp h335dp 320dpi nrml land finger -keyb/v/h -nav/h s.189}
06-17 22:54:46.808: I/ActivityManager(389): Process com.qiyi.video.market (pid 32348) has died.
06-17 22:54:46.808: W/ActivityManager(389): Scheduling restart of crashed service com.qiyi.video.market/.DownloadService in 5000ms
06-17 22:54:46.926: I/ActivityManager(389): Config changed: {1.0 460mcc2mnc zh_CN ldltr sw360dp w598dp h335dp 320dpi nrml land finger -keyb/v/h -nav/h s.190}
06-17 22:54:47.168: I/ActivityManager(389): Process com.renren.xiaonei.android (pid 9668) has died.
06-17 22:54:47.168: W/ActivityManager(389): Scheduling restart of crashed service com.renren.xiaonei.android/com.renren.mobile.android.news.NewsPushService in 14641ms
06-17 22:54:48.637: W/ActivityManager(389): Activity stop timeout for ActivityRecord{4161ab20 u0 com.sina.weibo/.MainTabActivity}
06-17 22:54:51.824: I/ActivityManager(389): Start proc com.qiyi.video.market for service com.qiyi.video.market/.DownloadService: pid=4945 uid=10080 gids={50080, 3003, 1015, 1028}
06-17 22:54:53.183: I/ActivityManager(389): Process com.tencent.mm:push (pid 30692) has died.
06-17 22:54:53.183: W/ActivityManager(389): Scheduling restart of crashed service com.tencent.mm/.booter.CoreService in 18627ms
06-17 22:54:53.308: I/ActivityManager(389): Config changed: {1.0 460mcc2mnc zh_CN ldltr sw360dp w598dp h335dp 320dpi nrml land finger -keyb/v/h -nav/h s.191}
06-17 22:54:53.387: I/ActivityManager(389): Process com.google.android.exchange (pid 19022) has died.
06-17 22:54:53.387: W/ActivityManager(389): Scheduling restart of crashed service com.google.android.exchange/com.android.exchange.ExchangeService in 28428ms
06-17 22:55:01.832: I/ActivityManager(389): Start proc com.renren.xiaonei.android for service com.renren.xiaonei.android/com.renren.mobile.android.news.NewsPushService: pid=4996 uid=10092 gids={50092, 3003, 1006, 1015, 1028}
06-17 22:55:04.988: I/ActivityManager(389): Start proc com.netease.cloudmusic:remote for service com.netease.cloudmusic/com.baidu.location.f: pid=5012 uid=10066 gids={50066, 3003, 1015, 1028}
06-17 22:55:05.668: I/ActivityManager(389): Process com.netease.cloudmusic:remote (pid 5012) has died.
06-17 22:55:11.840: I/ActivityManager(389): Start proc com.tencent.mm:push for service com.tencent.mm/.booter.CoreService: pid=5046 uid=10077 gids={50077, 1006, 3003, 1015, 3002, 3001, 1028}
06-17 22:55:12.613: E/ActivityThread(5046): Failed to find provider info for com.tencent.mm.coolassist.debugprovider
06-17 22:55:21.840: I/ActivityManager(389): Start proc com.google.android.exchange for service com.google.android.exchange/com.android.exchange.ExchangeService: pid=5063 uid=10013 gids={50013, 3003, 1015, 1028}
06-17 22:55:22.019: I/ActivityManager(389): Start proc com.google.android.email for service com.google.android.email/com.android.email.service.AccountService: pid=5078 uid=10012 gids={50012, 3003, 1015, 1028}
06-17 22:55:22.230: D/ActivityThread(5078): Loading provider com.android.email.provider;com.android.email.notifier: com.android.email.provider.EmailProvider
06-17 22:55:22.238: D/ActivityThread(5078): Loading provider com.android.email.provider;com.android.email.notifier: com.android.email.provider.EmailProvider
06-17 22:55:22.246: D/ActivityThread(5078): Loading provider com.android.email.provider;com.android.email.notifier: com.android.email.provider.EmailProvider
06-17 22:55:22.980: I/ActivityManager(389): Process com.myzaker.ZAKER_Phone (pid 4565) has died.
06-17 22:56:10.051: I/ActivityManager(389): Process com.clov4r.android.nil (pid 11901) has died.
06-17 22:56:10.051: I/WindowState(389): WIN DEATH: Window{42275940 u0 com.clov4r.android.nil/com.clov4r.android.nil.MainActivity}
06-17 22:57:09.730: I/ActivityManager(389): Start proc com.letv.android.client:pushService for service com.letv.android.client/.push.LetvPushService: pid=5118 uid=10075 gids={50075, 3003, 1015, 1028, 1006}
06-17 22:57:25.277: I/ActivityManager(389): Process com.tencent.mm (pid 4177) has died.
06-17 22:57:28.074: I/ActivityManager(389): Start proc com.myzaker.ZAKER_Phone for broadcast com.myzaker.ZAKER_Phone/.ZakerActionReciever: pid=5145 uid=10068 gids={50068, 3003, 1015, 1028}
06-17 22:57:33.402: W/ActivityManager(389): Unable to start service Intent { act=com.google.android.gms.analytics.service.START (has extras) } U=0: not found
06-17 22:57:38.402: W/ActivityManager(389): Unable to start service Intent { act=com.google.android.gms.analytics.service.START (has extras) } U=0: not found
06-17 22:58:49.676: I/ActivityManager(389): Process android.process.media (pid 4650) has died.
06-17 23:02:10.379: W/ThrottleService(389): unable to find stats for iface rmnet0
06-17 23:02:58.379: V/DeadZone(459): consuming errant click: (22.0,379.0)
06-17 23:02:59.176: I/ActivityManager(389): START u0 {act=android.intent.action.MAIN cat=[android.intent.category.HOME] flg=0x10200000 cmp=com.android.launcher/com.android.launcher2.Launcher} from pid 389
06-17 23:02:59.769: W/ActivityManager(389): Activity pause timeout for ActivityRecord{42078568 u0 com.youku.phone/com.youku.ui.activity.NewDetailActivity}
06-17 23:02:59.941: I/ActivityManager(389): Config changed: {1.0 460mcc2mnc zh_CN ldltr sw360dp w360dp h567dp 320dpi nrml port finger -keyb/v/h -nav/h s.192}
06-17 23:03:00.254: I/ActivityManager(389): Process com.sina.weibo.image (pid 4591) has died.
06-17 23:03:03.269: I/PowerManagerService(389): Going to sleep by user request...
06-17 23:03:04.480: I/ActivityManager(389): Start proc com.google.android.deskclock for service com.google.android.deskclock/com.android.alarmclock.DigitalAppWidgetService: pid=5182 uid=10010 gids={50010, 1028}
06-17 23:03:04.535: I/ActivityManager(389): Start proc com.google.android.calendar for service com.google.android.calendar/com.android.calendar.widget.CalendarAppWidgetService: pid=5195 uid=10004 gids={50004, 3003, 1028}
06-17 23:03:04.644: I/ActivityManager(389): Start proc com.google.android.gsf.login for service com.google.android.gsf.login/com.google.android.gsf.loginservice.GoogleLoginService: pid=5207 uid=10008 gids={50008, 3003, 1007, 1028, 1015, 1006, 2001, 3006}
06-17 23:03:04.715: D/PhoneStatusBar(459): disable: < EXPAND* icons alerts TICKER* system_info back home RECENT* clock search >
06-17 23:03:05.191: I/ActivityManager(389): Start proc com.android.providers.calendar for content provider com.android.providers.calendar/.CalendarProvider2: pid=5227 uid=10005 gids={50005, 3003, 1015, 1028}
06-17 23:03:05.465: D/PhoneStatusBar(459): disable: < EXPAND icons alerts TICKER system_info BACK* HOME* RECENT clock search >
06-17 23:03:18.196: I/PowerManagerService(389): Waking up from sleep...
06-17 23:03:18.220: I/ActivityManager(389): Start proc com.google.android.gallery3d for broadcast com.google.android.gallery3d/com.google.android.picasasync.BatteryReceiver: pid=5267 uid=10015 gids={50015, 1006, 3003, 1015, 1028}
06-17 23:03:18.235: W/PowerUI(459): unknown intent: Intent { act=android.intent.action.ACTION_POWER_CONNECTED flg=0x8000010 }
06-17 23:03:18.298: I/ActivityManager(389): Process com.letv.android.client:pushService (pid 5118) has died.
06-17 23:03:18.478: I/WindowManager(389): Lock screen displayed!
06-17 23:03:18.540: I/ActivityManager(389): Process com.sohu.sohuvideo (pid 4810) has died.
06-17 23:03:18.767: I/ActivityManager(389): Start proc android.process.media for content provider com.android.providers.media/.MediaProvider: pid=5292 uid=10011 gids={50011, 1015, 1023, 1024, 1028, 2001, 3003, 3007}
06-17 23:03:18.860: I/ActivityManager(389): Process com.google.android.email (pid 5078) has died.
06-17 23:03:18.876: I/ActivityManager(389): Start proc com.google.android.apps.uploader for broadcast com.google.android.apps.uploader/com.google.android.picasasync.BatteryReceiver: pid=5307 uid=10031 gids={50031, 3003, 1015, 1028}
06-17 23:03:18.954: I/ActivityManager(389): Process com.myzaker.ZAKER_Phone (pid 5145) has died.
06-17 23:03:19.157: I/ActivityManager(389): Start proc com.google.android.apps.plus for broadcast com.google.android.apps.plus/.iu.BatteryReceiver: pid=5328 uid=10040 gids={50040, 3003, 3002, 1015, 1006, 1028}
06-17 23:03:19.212: I/ActivityManager(389): Process com.google.android.deskclock (pid 5182) has died.
06-17 23:03:19.501: I/ActivityManager(389): Process com.google.android.gsf.login (pid 5207) has died.
06-17 23:03:21.009: I/ActivityManager(389): Start proc com.google.android.youtube for broadcast com.google.android.youtube/.app.prefetch.PrefetchService$DeviceStateReceiver: pid=5344 uid=10054 gids={50054, 3003, 1015, 1006, 1028}
06-17 23:03:21.196: I/ActivityManager(389): Process com.google.android.calendar (pid 5195) has died.
06-17 23:03:22.243: I/ActivityManager(389): Start proc com.qvod.player:checkService for broadcast com.qvod.player/.core.ad.notification.TimingReceiver: pid=5388 uid=10083 gids={50083, 3003, 1015, 1028}
06-17 23:03:22.360: I/ActivityManager(389): Process com.android.providers.calendar (pid 5227) has died.
06-17 23:03:22.673: I/ActivityManager(389): Process com.qvod.player:checkService (pid 5388) has died.
06-17 23:03:48.204: I/PowerManagerService(389): Going to sleep due to screen timeout...
06-17 23:03:49.126: I/ActivityManager(389): Start proc com.google.android.deskclock for service com.google.android.deskclock/com.android.alarmclock.DigitalAppWidgetService: pid=5407 uid=10010 gids={50010, 1028}
06-17 23:03:49.228: I/ActivityManager(389): Start proc com.google.android.gsf.login for service com.google.android.gsf.login/com.google.android.gsf.loginservice.GoogleLoginService: pid=5420 uid=10008 gids={50008, 3003, 1007, 1028, 1015, 1006, 2001, 3006}
06-17 23:03:49.634: I/ActivityManager(389): Process com.google.android.gallery3d (pid 5267) has died.
06-17 23:04:34.259: W/ProcessStats(389): Skipping unknown process pid 5436
06-17 23:04:34.259: W/ProcessStats(389): Skipping unknown process pid 5437
06-17 23:04:34.259: W/ProcessStats(389): Skipping unknown process pid 5438
06-17 23:04:34.267: W/ProcessStats(389): Skipping unknown process pid 5439
06-17 23:04:34.267: W/ProcessStats(389): Skipping unknown process pid 5440
06-17 23:07:10.556: I/ActivityManager(389): Start proc com.letv.android.client:pushService for service com.letv.android.client/.push.LetvPushService: pid=5472 uid=10075 gids={50075, 3003, 1015, 1028, 1006}
06-17 23:07:25.265: I/ActivityManager(389): Process com.google.android.apps.uploader (pid 5307) has died.
06-17 23:07:28.406: I/ActivityManager(389): Start proc com.myzaker.ZAKER_Phone for broadcast com.myzaker.ZAKER_Phone/.ZakerActionReciever: pid=5512 uid=10068 gids={50068, 3003, 1015, 1028}
06-17 23:07:28.648: I/ActivityManager(389): Process com.google.android.apps.plus (pid 5328) has died.
06-17 23:08:56.462: W/ActivityManager(389): Unable to start service Intent { act=com.google.android.gms.analytics.service.START (has extras) } U=0: not found
06-17 23:10:25.743: I/ActivityManager(389): Start proc com.google.android.email for content provider com.google.android.email/com.android.email.provider.EmailProvider: pid=5569 uid=10012 gids={50012, 3003, 1015, 1028}
06-17 23:10:25.946: D/ActivityThread(5569): Loading provider com.android.email.provider;com.android.email.notifier: com.android.email.provider.EmailProvider
06-17 23:10:40.274: W/ActivityManager(389): Unable to start service Intent { act=com.google.android.gms.analytics.service.START (has extras) } U=0: not found
06-17 23:10:40.360: I/ActivityManager(389): Process android.process.media (pid 5292) has died.
06-17 23:12:26.329: W/ThrottleService(389): unable to find stats for iface rmnet0
06-17 23:13:41.156: I/PowerManagerService(389): Waking up from sleep...
06-17 23:13:41.211: I/WindowManager(389): Lock screen displayed!
06-17 23:13:43.109: I/PowerManagerService(389): Going to sleep by user request...
06-17 23:22:28.227: W/ThrottleService(389): unable to find stats for iface rmnet0
06-17 23:24:42.126: D/ConnectivityService(389): Captive portal check NetworkInfo: type: WIFI[], state: CONNECTING/CAPTIVE_PORTAL_CHECK, reason: (unspecified), extra: "TP-LINK_22EF8E", roaming: false, failover: false, isAvailable: true
06-17 23:24:42.126: D/ConnectivityService(389): Captive portal check NetworkInfo: type: WIFI[], state: CONNECTING/CAPTIVE_PORTAL_CHECK, reason: (unspecified), extra: "TP-LINK_22EF8E", roaming: false, failover: false, isAvailable: true
06-17 23:24:42.133: D/ConnectivityService(389): ConnectivityChange for WIFI: CONNECTED/CONNECTED
06-17 23:24:42.133: D/ConnectivityService(389): handleConnectivityChange: address are the same reset per doReset linkProperty[1]: resetMask=0
06-17 23:24:42.133: D/ConnectivityService(389): ConnectivityChange for WIFI: CONNECTED/CONNECTED
06-17 23:24:42.141: D/ConnectivityService(389): handleConnectivityChange: address are the same reset per doReset linkProperty[1]: resetMask=0
06-17 23:24:43.133: D/ConnectivityService(389): NetTransition Wakelock for WifiStateMachine released by timeout
06-17 23:25:28.618: I/ActivityManager(389): Start proc android.process.media for broadcast com.android.providers.downloads/.DownloadReceiver: pid=5837 uid=10011 gids={50011, 1015, 1023, 1024, 1028, 2001, 3003, 3007}
06-17 23:25:28.969: I/ActivityManager(389): Start proc com.google.android.gallery3d for broadcast com.google.android.gallery3d/com.google.android.picasasync.ConnectivityReceiver: pid=5855 uid=10015 gids={50015, 1006, 3003, 1015, 1028}
06-17 23:25:29.196: D/ConnectivityService(389): handleInetConditionHoldEnd: net=1, condition=100, published condition=0
06-17 23:25:29.391: I/ActivityManager(389): Process com.google.android.email (pid 5569) has died.
06-17 23:25:29.501: I/ActivityManager(389): Start proc com.google.android.apps.uploader for broadcast com.google.android.apps.uploader/com.google.android.picasasync.ConnectivityReceiver: pid=5872 uid=10031 gids={50031, 3003, 1015, 1028}
06-17 23:25:29.579: I/ActivityManager(389): Process com.letv.android.client:pushService (pid 5472) has died.
06-17 23:25:29.696: I/ActivityManager(389): Start proc com.google.android.apps.plus for broadcast com.google.android.apps.plus/.service.ConnectivityReceiver: pid=5885 uid=10040 gids={50040, 3003, 3002, 1015, 1006, 1028}
06-17 23:25:30.376: I/ActivityManager(389): Process com.google.android.gsf.login (pid 5420) has died.
06-17 23:25:57.199: I/ActivityManager(389): Process com.netease.cloudmusic (pid 5268) has died.
06-17 23:25:57.199: W/ActivityManager(389): Scheduling restart of crashed service com.netease.cloudmusic/.service.PushService in 5000ms
06-17 23:25:57.199: W/ActivityManager(389): Scheduling restart of crashed service com.netease.cloudmusic/.service.PlayService in 15000ms
06-17 23:25:57.199: I/WindowState(389): WIN DEATH: Window{42460d10 u0 com.netease.cloudmusic/com.netease.cloudmusic.activity.MainActivity}
06-17 23:25:58.097: I/ActivityManager(389): Start proc com.letv.android.client.phone.widget for broadcast com.letv.android.client/.appwidget.WidgetProvider: pid=5917 uid=10075 gids={50075, 3003, 1015, 1028, 1006}
06-17 23:26:49.641: I/ActivityManager(389): Process com.letv.android.client.phone.widget (pid 5917) has died.
06-17 23:26:52.430: I/ActivityManager(389): Start proc com.netease.cloudmusic for service com.netease.cloudmusic/.service.PushService: pid=5944 uid=10066 gids={50066, 3003, 1015, 1028}
06-17 23:26:53.204: I/ActivityManager(389): Start proc com.netease.cloudmusic:remote for service com.netease.cloudmusic/com.baidu.location.f: pid=5963 uid=10066 gids={50066, 3003, 1015, 1028}
06-17 23:26:53.227: I/ActivityManager(389): Process com.google.android.gallery3d (pid 5855) has died.
06-17 23:26:53.360: I/ActivityManager(389): Start proc com.moji.mjweather for broadcast com.moji.mjweather/.receiver.MojiReceiver: pid=5975 uid=10079 gids={50079, 3003, 1015, 1028}
06-17 23:26:53.360: I/ActivityManager(389): Process com.google.android.apps.uploader (pid 5872) has died.
06-17 23:26:53.977: I/ActivityManager(389): Start proc com.qiyi.video.market:pushservice_v1 for broadcast com.qiyi.video.market/com.baidu.android.pushservice.PushServiceReceiver: pid=6001 uid=10080 gids={50080, 3003, 1015, 1028}
06-17 23:26:54.016: I/ActivityManager(389): Process com.google.android.apps.plus (pid 5885) has died.
06-17 23:26:54.548: I/ActivityManager(389): Start proc com.youdao.dict:yddictpush for broadcast com.youdao.dict/.backend.AwakeReceiver: pid=6032 uid=10082 gids={50082, 3003, 1015, 1006, 1028}
06-17 23:26:54.657: I/ActivityManager(389): Process com.qiyi.video.market:pushservice_v1 (pid 6001) has died.
06-17 23:26:55.009: I/ActivityManager(389): Process com.netease.cloudmusic:remote (pid 5963) has died.
06-17 23:26:55.040: W/ActivityManager(389): Unable to start service Intent { act=com.google.android.gms.analytics.service.START (has extras) } U=0: not found
